Archive member included to satisfy reference by file (symbol)

/home/dqnk/.config/Code - OSS/User/globalStorage/bmd.stm32-for-vscode/@xpack-dev-tools/arm-none-eabi-gcc/10.3.1-2.3.1/.content/bin/../lib/gcc/arm-none-eabi/10.3.1/../../../../arm-none-eabi/lib/thumb/v7e-m+fp/hard/libc.a(lib_a-errno.o)
                              build/syscalls.o (__errno)
/home/dqnk/.config/Code - OSS/User/globalStorage/bmd.stm32-for-vscode/@xpack-dev-tools/arm-none-eabi-gcc/10.3.1-2.3.1/.content/bin/../lib/gcc/arm-none-eabi/10.3.1/../../../../arm-none-eabi/lib/thumb/v7e-m+fp/hard/libc.a(lib_a-exit.o)
                              /home/dqnk/.config/Code - OSS/User/globalStorage/bmd.stm32-for-vscode/@xpack-dev-tools/arm-none-eabi-gcc/10.3.1-2.3.1/.content/bin/../lib/gcc/arm-none-eabi/10.3.1/../../../../arm-none-eabi/lib/thumb/v7e-m+fp/hard/crt0.o (exit)
/home/dqnk/.config/Code - OSS/User/globalStorage/bmd.stm32-for-vscode/@xpack-dev-tools/arm-none-eabi-gcc/10.3.1-2.3.1/.content/bin/../lib/gcc/arm-none-eabi/10.3.1/../../../../arm-none-eabi/lib/thumb/v7e-m+fp/hard/libc.a(lib_a-impure.o)
                              /home/dqnk/.config/Code - OSS/User/globalStorage/bmd.stm32-for-vscode/@xpack-dev-tools/arm-none-eabi-gcc/10.3.1-2.3.1/.content/bin/../lib/gcc/arm-none-eabi/10.3.1/../../../../arm-none-eabi/lib/thumb/v7e-m+fp/hard/libc.a(lib_a-exit.o) (_global_impure_ptr)
/home/dqnk/.config/Code - OSS/User/globalStorage/bmd.stm32-for-vscode/@xpack-dev-tools/arm-none-eabi-gcc/10.3.1-2.3.1/.content/bin/../lib/gcc/arm-none-eabi/10.3.1/../../../../arm-none-eabi/lib/thumb/v7e-m+fp/hard/libc.a(lib_a-init.o)
                              /home/dqnk/.config/Code - OSS/User/globalStorage/bmd.stm32-for-vscode/@xpack-dev-tools/arm-none-eabi-gcc/10.3.1-2.3.1/.content/bin/../lib/gcc/arm-none-eabi/10.3.1/../../../../arm-none-eabi/lib/thumb/v7e-m+fp/hard/crt0.o (__libc_init_array)
/home/dqnk/.config/Code - OSS/User/globalStorage/bmd.stm32-for-vscode/@xpack-dev-tools/arm-none-eabi-gcc/10.3.1-2.3.1/.content/bin/../lib/gcc/arm-none-eabi/10.3.1/../../../../arm-none-eabi/lib/thumb/v7e-m+fp/hard/libc.a(lib_a-memset.o)
                              /home/dqnk/.config/Code - OSS/User/globalStorage/bmd.stm32-for-vscode/@xpack-dev-tools/arm-none-eabi-gcc/10.3.1-2.3.1/.content/bin/../lib/gcc/arm-none-eabi/10.3.1/../../../../arm-none-eabi/lib/thumb/v7e-m+fp/hard/crt0.o (memset)
/home/dqnk/.config/Code - OSS/User/globalStorage/bmd.stm32-for-vscode/@xpack-dev-tools/arm-none-eabi-gcc/10.3.1-2.3.1/.content/bin/../lib/gcc/arm-none-eabi/10.3.1/../../../../arm-none-eabi/lib/thumb/v7e-m+fp/hard/libc.a(lib_a-snprintf.o)
                              build/main.o (snprintf)
/home/dqnk/.config/Code - OSS/User/globalStorage/bmd.stm32-for-vscode/@xpack-dev-tools/arm-none-eabi-gcc/10.3.1-2.3.1/.content/bin/../lib/gcc/arm-none-eabi/10.3.1/../../../../arm-none-eabi/lib/thumb/v7e-m+fp/hard/libc.a(lib_a-svfprintf.o)
                              /home/dqnk/.config/Code - OSS/User/globalStorage/bmd.stm32-for-vscode/@xpack-dev-tools/arm-none-eabi-gcc/10.3.1-2.3.1/.content/bin/../lib/gcc/arm-none-eabi/10.3.1/../../../../arm-none-eabi/lib/thumb/v7e-m+fp/hard/libc.a(lib_a-snprintf.o) (_svfprintf_r)
/home/dqnk/.config/Code - OSS/User/globalStorage/bmd.stm32-for-vscode/@xpack-dev-tools/arm-none-eabi-gcc/10.3.1-2.3.1/.content/bin/../lib/gcc/arm-none-eabi/10.3.1/../../../../arm-none-eabi/lib/thumb/v7e-m+fp/hard/libc.a(lib_a-__call_atexit.o)
                              /home/dqnk/.config/Code - OSS/User/globalStorage/bmd.stm32-for-vscode/@xpack-dev-tools/arm-none-eabi-gcc/10.3.1-2.3.1/.content/bin/../lib/gcc/arm-none-eabi/10.3.1/../../../../arm-none-eabi/lib/thumb/v7e-m+fp/hard/libc.a(lib_a-exit.o) (__call_exitprocs)
/home/dqnk/.config/Code - OSS/User/globalStorage/bmd.stm32-for-vscode/@xpack-dev-tools/arm-none-eabi-gcc/10.3.1-2.3.1/.content/bin/../lib/gcc/arm-none-eabi/10.3.1/../../../../arm-none-eabi/lib/thumb/v7e-m+fp/hard/libc.a(lib_a-dtoa.o)
                              /home/dqnk/.config/Code - OSS/User/globalStorage/bmd.stm32-for-vscode/@xpack-dev-tools/arm-none-eabi-gcc/10.3.1-2.3.1/.content/bin/../lib/gcc/arm-none-eabi/10.3.1/../../../../arm-none-eabi/lib/thumb/v7e-m+fp/hard/libc.a(lib_a-svfprintf.o) (_dtoa_r)
/home/dqnk/.config/Code - OSS/User/globalStorage/bmd.stm32-for-vscode/@xpack-dev-tools/arm-none-eabi-gcc/10.3.1-2.3.1/.content/bin/../lib/gcc/arm-none-eabi/10.3.1/../../../../arm-none-eabi/lib/thumb/v7e-m+fp/hard/libc.a(lib_a-fini.o)
                              /home/dqnk/.config/Code - OSS/User/globalStorage/bmd.stm32-for-vscode/@xpack-dev-tools/arm-none-eabi-gcc/10.3.1-2.3.1/.content/bin/../lib/gcc/arm-none-eabi/10.3.1/../../../../arm-none-eabi/lib/thumb/v7e-m+fp/hard/libc.a(lib_a-__call_atexit.o) (__libc_fini_array)
/home/dqnk/.config/Code - OSS/User/globalStorage/bmd.stm32-for-vscode/@xpack-dev-tools/arm-none-eabi-gcc/10.3.1-2.3.1/.content/bin/../lib/gcc/arm-none-eabi/10.3.1/../../../../arm-none-eabi/lib/thumb/v7e-m+fp/hard/libc.a(lib_a-freer.o)
[...]
Memory Configuration

Name             Origin             Length             Attributes
RAM              0x0000000020000000 0x0000000000003000 xrw
CCMRAM           0x0000000010000000 0x0000000000001000 xrw
FLASH            0x0000000008000000 0x0000000000010000 xr
*default*        0x0000000000000000 0xffffffffffffffff

Linker script and memory map

LOAD /home/dqnk/.config/Code - OSS/User/globalStorage/bmd.stm32-for-vscode/@xpack-dev-tools/arm-none-eabi-gcc/10.3.1-2.3.1/.content/bin/../lib/gcc/arm-none-eabi/10.3.1/thumb/v7e-m+fp/hard/crti.o
LOAD /home/dqnk/.config/Code - OSS/User/globalStorage/bmd.stm32-for-vscode/@xpack-dev-tools/arm-none-eabi-gcc/10.3.1-2.3.1/.content/bin/../lib/gcc/arm-none-eabi/10.3.1/thumb/v7e-m+fp/hard/crtbegin.o
LOAD /home/dqnk/.config/Code - OSS/User/globalStorage/bmd.stm32-for-vscode/@xpack-dev-tools/arm-none-eabi-gcc/10.3.1-2.3.1/.content/bin/../lib/gcc/arm-none-eabi/10.3.1/../../../../arm-none-eabi/lib/thumb/v7e-m+fp/hard/crt0.o
LOAD build/bno055.o
LOAD build/bno055_support.o
LOAD build/main.o
LOAD build/stm32f3xx_hal_msp.o
LOAD build/stm32f3xx_it.o
LOAD build/syscalls.o
LOAD build/sysmem.o
LOAD build/system_stm32f3xx.o
LOAD build/stm32f3xx_hal.o
LOAD build/stm32f3xx_hal_adc.o
LOAD build/stm32f3xx_hal_adc_ex.o
LOAD build/stm32f3xx_hal_cortex.o
LOAD build/stm32f3xx_hal_dma.o
LOAD build/stm32f3xx_hal_exti.o
LOAD build/stm32f3xx_hal_flash.o
LOAD build/stm32f3xx_hal_flash_ex.o
LOAD build/stm32f3xx_hal_gpio.o
LOAD build/stm32f3xx_hal_i2c.o
LOAD build/stm32f3xx_hal_i2c_ex.o
LOAD build/stm32f3xx_hal_pwr.o
LOAD build/stm32f3xx_hal_pwr_ex.o
LOAD build/stm32f3xx_hal_rcc.o
LOAD build/stm32f3xx_hal_rcc_ex.o
LOAD build/stm32f3xx_hal_tim.o
LOAD build/stm32f3xx_hal_tim_ex.o
LOAD build/stm32f3xx_hal_uart.o
LOAD build/stm32f3xx_hal_uart_ex.o
LOAD build/startup_stm32f303x8.o
LOAD /home/dqnk/.config/Code - OSS/User/globalStorage/bmd.stm32-for-vscode/@xpack-dev-tools/arm-none-eabi-gcc/10.3.1-2.3.1/.content/bin/../lib/gcc/arm-none-eabi/10.3.1/../../../../arm-none-eabi/lib/thumb/v7e-m+fp/hard/libc.a
LOAD /home/dqnk/.config/Code - OSS/User/globalStorage/bmd.stm32-for-vscode/@xpack-dev-tools/arm-none-eabi-gcc/10.3.1-2.3.1/.content/bin/../lib/gcc/arm-none-eabi/10.3.1/../../../../arm-none-eabi/lib/thumb/v7e-m+fp/hard/libm.a
LOAD /home/dqnk/.config/Code - OSS/User/globalStorage/bmd.stm32-for-vscode/@xpack-dev-tools/arm-none-eabi-gcc/10.3.1-2.3.1/.content/bin/../lib/gcc/arm-none-eabi/10.3.1/../../../../arm-none-eabi/lib/thumb/v7e-m+fp/hard/libnosys.a
START GROUP
LOAD /home/dqnk/.config/Code - OSS/User/globalStorage/bmd.stm32-for-vscode/@xpack-dev-tools/arm-none-eabi-gcc/10.3.1-2.3.1/.content/bin/../lib/gcc/arm-none-eabi/10.3.1/thumb/v7e-m+fp/hard/libgcc.a
LOAD /home/dqnk/.config/Code - OSS/User/globalStorage/bmd.stm32-for-vscode/@xpack-dev-tools/arm-none-eabi-gcc/10.3.1-2.3.1/.content/bin/../lib/gcc/arm-none-eabi/10.3.1/../../../../arm-none-eabi/lib/thumb/v7e-m+fp/hard/libc.a
END GROUP
START GROUP
LOAD /home/dqnk/.config/Code - OSS/User/globalStorage/bmd.stm32-for-vscode/@xpack-dev-tools/arm-none-eabi-gcc/10.3.1-2.3.1/.content/bin/../lib/gcc/arm-none-eabi/10.3.1/thumb/v7e-m+fp/hard/libgcc.a
LOAD /home/dqnk/.config/Code - OSS/User/globalStorage/bmd.stm32-for-vscode/@xpack-dev-tools/arm-none-eabi-gcc/10.3.1-2.3.1/.content/bin/../lib/gcc/arm-none-eabi/10.3.1/../../../../arm-none-eabi/lib/thumb/v7e-m+fp/hard/libc.a
LOAD /home/dqnk/.config/Code - OSS/User/globalStorage/bmd.stm32-for-vscode/@xpack-dev-tools/arm-none-eabi-gcc/10.3.1-2.3.1/.content/bin/../lib/gcc/arm-none-eabi/10.3.1/../../../../arm-none-eabi/lib/thumb/v7e-m+fp/hard/libnosys.a
END GROUP
LOAD /home/dqnk/.config/Code - OSS/User/globalStorage/bmd.stm32-for-vscode/@xpack-dev-tools/arm-none-eabi-gcc/10.3.1-2.3.1/.content/bin/../lib/gcc/arm-none-eabi/10.3.1/thumb/v7e-m+fp/hard/crtend.o
LOAD /home/dqnk/.config/Code - OSS/User/globalStorage/bmd.stm32-for-vscode/@xpack-dev-tools/arm-none-eabi-gcc/10.3.1-2.3.1/.content/bin/../lib/gcc/arm-none-eabi/10.3.1/thumb/v7e-m+fp/hard/crtn.o
                0x0000000020003000                _estack = 0x20003000
                0x0000000000000200                _Min_Heap_Size = 0x200
                0x0000000000000400                _Min_Stack_Size = 0x400

.isr_vector     0x0000000008000000      0x188
                0x0000000008000000                . = ALIGN (0x4)
 *(.isr_vector)
 .isr_vector    0x0000000008000000      0x188 build/startup_stm32f303x8.o
                0x0000000008000000                g_pfnVectors
                0x0000000008000188                . = ALIGN (0x4)

.text           0x00000000080001c0     0xbe2c
                0x00000000080001c0                . = ALIGN (0x4)
 *(.text)
 .text          0x00000000080001c0       0xa0 /home/dqnk/.config/Code - OSS/User/globalStorage/bmd.stm32-for-vscode/@xpack-dev-tools/arm-none-eabi-gcc/10.3.1-2.3.1/.content/bin/../lib/gcc/arm-none-eabi/10.3.1/../../../../arm-none-eabi/lib/thumb/v7e-m+fp/hard/libc.a(lib_a-memchr.o)
                0x00000000080001c0                memchr
 .text          0x0000000008000260      0x134 /home/dqnk/.config/Code - OSS/User/globalStorage/bmd.stm32-for-vscode/@xpack-dev-tools/arm-none-eabi-gcc/10.3.1-2.3.1/.content/bin/../lib/gcc/arm-none-eabi/10.3.1/../../../../arm-none-eabi/lib/thumb/v7e-m+fp/hard/libc.a(lib_a-memcpy.o)
                0x0000000008000260                memcpy
 *fill*         0x0000000008000394       0x2c 
 .text          0x00000000080003c0       0xdc /home/dqnk/.config/Code - OSS/User/globalStorage/bmd.stm32-for-vscode/@xpack-dev-tools/arm-none-eabi-gcc/10.3.1-2.3.1/.content/bin/../lib/gcc/arm-none-eabi/10.3.1/../../../../arm-none-eabi/lib/thumb/v7e-m+fp/hard/libc.a(lib_a-strlen.o)
                0x00000000080003c0                strlen
 .text          0x000000000800049c      0x378 /home/dqnk/.config/Code - OSS/User/globalStorage/bmd.stm32-for-vscode/@xpack-dev-tools/arm-none-eabi-gcc/10.3.1-2.3.1/.content/bin/../lib/gcc/arm-none-eabi/10.3.1/thumb/v7e-m+fp/hard/libgcc.a(_arm_addsubdf3.o)
                0x000000000800049c                __aeabi_drsub
                0x00000000080004a4                __aeabi_dsub
                0x00000000080004a4                __subdf3
                0x00000000080004a8                __adddf3
                0x00000000080004a8                __aeabi_dadd
                0x0000000008000720                __aeabi_ui2d
                0x0000000008000720                __floatunsidf
                0x0000000008000740                __floatsidf
                0x0000000008000740                __aeabi_i2d
                0x0000000008000764                __extendsfdf2
                0x0000000008000764                __aeabi_f2d
                0x00000000080007a8                __aeabi_ul2d
                0x00000000080007a8                __floatundidf
                0x00000000080007b8                __floatdidf
                0x00000000080007b8                __aeabi_l2d
 .text          0x0000000008000814      0x424 /home/dqnk/.config/Code - OSS/User/globalStorage/bmd.stm32-for-vscode/@xpack-dev-tools/arm-none-eabi-gcc/10.3.1-2.3.1/.content/bin/../lib/gcc/arm-none-eabi/10.3.1/thumb/v7e-m+fp/hard/libgcc.a(_arm_muldivdf3.o)
                0x0000000008000814                __aeabi_dmul
                0x0000000008000814                __muldf3
                0x0000000008000a68                __aeabi_ddiv
                0x0000000008000a68                __divdf3
 .text          0x0000000008000c38      0x110 /home/dqnk/.config/Code - OSS/User/globalStorage/bmd.stm32-for-vscode/@xpack-dev-tools/arm-none-eabi-gcc/10.3.1-2.3.1/.content/bin/../lib/gcc/arm-none-eabi/10.3.1/thumb/v7e-m+fp/hard/libgcc.a(_arm_cmpdf2.o)
                0x0000000008000c38                __gtdf2
                0x0000000008000c38                __gedf2
                0x0000000008000c40                __ltdf2
                0x0000000008000c40                __ledf2
                0x0000000008000c48                __cmpdf2
                0x0000000008000c48                __eqdf2
                0x0000000008000c48                __nedf2
                0x0000000008000cc4                __aeabi_cdrcmple
                0x0000000008000cd4                __aeabi_cdcmple
                0x0000000008000cd4                __aeabi_cdcmpeq
                0x0000000008000ce4                __aeabi_dcmpeq
                0x0000000008000cf8                __aeabi_dcmplt
                0x0000000008000d0c                __aeabi_dcmple
                0x0000000008000d20                __aeabi_dcmpge
                0x0000000008000d34                __aeabi_dcmpgt
 .text          0x0000000008000d48       0x2c /home/dqnk/.config/Code - OSS/User/globalStorage/bmd.stm32-for-vscode/@xpack-dev-tools/arm-none-eabi-gcc/10.3.1-2.3.1/.content/bin/../lib/gcc/arm-none-eabi/10.3.1/thumb/v7e-m+fp/hard/libgcc.a(_arm_unorddf2.o)
                0x0000000008000d48                __aeabi_dcmpun
                0x0000000008000d48                __unorddf2
 .text          0x0000000008000d74       0x50 /home/dqnk/.config/Code - OSS/User/globalStorage/bmd.stm32-for-vscode/@xpack-dev-tools/arm-none-eabi-gcc/10.3.1-2.3.1/.content/bin/../lib/gcc/arm-none-eabi/10.3.1/thumb/v7e-m+fp/hard/libgcc.a(_arm_fixdfsi.o)
                0x0000000008000d74                __fixdfsi
                0x0000000008000d74                __aeabi_d2iz
 .text          0x0000000008000dc4       0x30 /home/dqnk/.config/Code - OSS/User/globalStorage/bmd.stm32-for-vscode/@xpack-dev-tools/arm-none-eabi-gcc/10.3.1-2.3.1/.content/bin/../lib/gcc/arm-none-eabi/10.3.1/thumb/v7e-m+fp/hard/libgcc.a(_aeabi_uldivmod.o)
                0x0000000008000dc4                __aeabi_uldivmod
 .text          0x0000000008000df4      0x1ac /home/dqnk/.config/Code - OSS/User/globalStorage/bmd.stm32-for-vscode/@xpack-dev-tools/arm-none-eabi-gcc/10.3.1-2.3.1/.content/bin/../lib/gcc/arm-none-eabi/10.3.1/thumb/v7e-m+fp/hard/libgcc.a(libunwind.o)
                0x0000000008000df4                __restore_core_regs
                0x0000000008000df4                restore_core_regs
                0x0000000008000e0c                __gnu_Unwind_Restore_VFP
                0x0000000008000e14                __gnu_Unwind_Save_VFP
                0x0000000008000e1c                __gnu_Unwind_Restore_VFP_D
                0x0000000008000e24                __gnu_Unwind_Save_VFP_D
                0x0000000008000e2c                __gnu_Unwind_Restore_VFP_D_16_to_31
                0x0000000008000e34                __gnu_Unwind_Save_VFP_D_16_to_31
                0x0000000008000e3c                __gnu_Unwind_Restore_WMMXD
                0x0000000008000e80                __gnu_Unwind_Save_WMMXD
                0x0000000008000ec4                __gnu_Unwind_Restore_WMMXC
                0x0000000008000ed8                __gnu_Unwind_Save_WMMXC
                0x0000000008000eec                ___Unwind_RaiseException
                0x0000000008000eec                _Unwind_RaiseException
                0x0000000008000f10                ___Unwind_Resume
                0x0000000008000f10                _Unwind_Resume
                0x0000000008000f34                _Unwind_Resume_or_Rethrow
                0x0000000008000f34                ___Unwind_Resume_or_Rethrow
                0x0000000008000f58                ___Unwind_ForcedUnwind
                0x0000000008000f58                _Unwind_ForcedUnwind
                0x0000000008000f7c                _Unwind_Backtrace
                0x0000000008000f7c                ___Unwind_Backtrace
 .text          0x0000000008000fa0        0x4 /home/dqnk/.config/Code - OSS/User/globalStorage/bmd.stm32-for-vscode/@xpack-dev-tools/arm-none-eabi-gcc/10.3.1-2.3.1/.content/bin/../lib/gcc/arm-none-eabi/10.3.1/thumb/v7e-m+fp/hard/libgcc.a(_dvmd_tls.o)
                0x0000000008000fa0                __aeabi_ldiv0
                0x0000000008000fa0                __aeabi_idiv0
 *(.text*)
 .text.__do_global_dtors_aux
                0x0000000008000fa4       0x24 /home/dqnk/.config/Code - OSS/User/globalStorage/bmd.stm32-for-vscode/@xpack-dev-tools/arm-none-eabi-gcc/10.3.1-2.3.1/.content/bin/../lib/gcc/arm-none-eabi/10.3.1/thumb/v7e-m+fp/hard/crtbegin.o
 .text.frame_dummy
                0x0000000008000fc8       0x1c /home/dqnk/.config/Code - OSS/User/globalStorage/bmd.stm32-for-vscode/@xpack-dev-tools/arm-none-eabi-gcc/10.3.1-2.3.1/.content/bin/../lib/gcc/arm-none-eabi/10.3.1/thumb/v7e-m+fp/hard/crtbegin.o
 .text.bno055_init
                0x0000000008000fe4       0xfc build/bno055.o
                0x0000000008000fe4                bno055_init
 .text.bno055_write_register
                0x00000000080010e0       0x20 build/bno055.o
                0x00000000080010e0                bno055_write_register
 .text.bno055_write_page_id
                0x0000000008001100       0x5c build/bno055.o
                0x0000000008001100                bno055_write_page_id
 .text.bno055_read_euler_hrp
                0x000000000800115c       0x84 build/bno055.o
                0x000000000800115c                bno055_read_euler_hrp
 .text.bno055_get_euler_unit
                0x00000000080011e0       0x5c build/bno055.o
                0x00000000080011e0                bno055_get_euler_unit
 .text.bno055_get_operation_mode
                0x000000000800123c       0x5c build/bno055.o
                0x000000000800123c                bno055_get_operation_mode
 .text.bno055_set_operation_mode
                0x0000000008001298      0x120 build/bno055.o
                0x0000000008001298                bno055_set_operation_mode
 .text.bno055_set_euler_unit
                0x00000000080013b8       0xac build/bno055.o
                0x00000000080013b8                bno055_set_euler_unit
 .text.bno055_convert_double_euler_hpr_rad
                0x0000000008001464       0x90 build/bno055.o
                0x0000000008001464                bno055_convert_double_euler_hpr_rad
 .text.bno055_set_power_mode
                0x00000000080014f4       0xa8 build/bno055.o
                0x00000000080014f4                bno055_set_power_mode
 .text.BNO055_I2C_bus_write
                0x000000000800159c       0x4c build/bno055_support.o
                0x000000000800159c                BNO055_I2C_bus_write
 .text.BNO055_I2C_bus_read
                0x00000000080015e8       0x74 build/bno055_support.o
                0x00000000080015e8                BNO055_I2C_bus_read
 .text.BNO055_delay_msek
                0x000000000800165c        0x8 build/bno055_support.o
                0x000000000800165c                BNO055_delay_msek
 .text.MX_GPIO_Init
                0x0000000008001664       0x30 build/main.o
 .text.MX_DMA_Init
                0x0000000008001694       0x34 build/main.o
 .text.HAL_ADC_ConvCpltCallback
                0x00000000080016c8        0x2 build/main.o
                0x00000000080016c8                HAL_ADC_ConvCpltCallback
 .text.Error_Handler
                0x00000000080016ca        0x4 build/main.o
                0x00000000080016ca                Error_Handler
 *fill*         0x00000000080016ce        0x2 
 .text.MX_TIM1_Init
                0x00000000080016d0      0x124 build/main.o
 .text.MX_ADC1_Init
                0x00000000080017f4       0x88 build/main.o
 .text.MX_I2C1_Init
                0x000000000800187c       0x54 build/main.o
 .text.MX_USART2_UART_Init
                0x00000000080018d0       0x38 build/main.o
 .text.SystemClock_Config
                0x0000000008001908       0x8c build/main.o
                0x0000000008001908                SystemClock_Config
 .text.main     0x0000000008001994       0xf8 build/main.o
                0x0000000008001994                main
 .text.HAL_MspInit
                0x0000000008001a8c       0x30 build/stm32f3xx_hal_msp.o
                0x0000000008001a8c                HAL_MspInit
 .text.HAL_ADC_MspInit
                0x0000000008001abc       0xa0 build/stm32f3xx_hal_msp.o
                0x0000000008001abc                HAL_ADC_MspInit
 .text.HAL_I2C_MspInit
                0x0000000008001b5c       0x68 build/stm32f3xx_hal_msp.o
                0x0000000008001b5c                HAL_I2C_MspInit
 .text.HAL_TIM_Base_MspInit
                0x0000000008001bc4       0x40 build/stm32f3xx_hal_msp.o
                0x0000000008001bc4                HAL_TIM_Base_MspInit
 .text.HAL_TIM_MspPostInit
                0x0000000008001c04       0x6c build/stm32f3xx_hal_msp.o
                0x0000000008001c04                HAL_TIM_MspPostInit
 .text.HAL_UART_MspInit
                0x0000000008001c70       0x68 build/stm32f3xx_hal_msp.o
                0x0000000008001c70                HAL_UART_MspInit
 .text.NMI_Handler
                0x0000000008001cd8        0x2 build/stm32f3xx_it.o
                0x0000000008001cd8                NMI_Handler
 .text.HardFault_Handler
                0x0000000008001cda        0x2 build/stm32f3xx_it.o
                0x0000000008001cda                HardFault_Handler
 .text.MemManage_Handler
                0x0000000008001cdc        0x2 build/stm32f3xx_it.o
                0x0000000008001cdc                MemManage_Handler
 .text.BusFault_Handler
                0x0000000008001cde        0x2 build/stm32f3xx_it.o
                0x0000000008001cde                BusFault_Handler
 .text.UsageFault_Handler
                0x0000000008001ce0        0x2 build/stm32f3xx_it.o
                0x0000000008001ce0                UsageFault_Handler
 .text.SVC_Handler
                0x0000000008001ce2        0x2 build/stm32f3xx_it.o
                0x0000000008001ce2                SVC_Handler
 .text.DebugMon_Handler
                0x0000000008001ce4        0x2 build/stm32f3xx_it.o
                0x0000000008001ce4                DebugMon_Handler
 .text.PendSV_Handler
                0x0000000008001ce6        0x2 build/stm32f3xx_it.o
                0x0000000008001ce6                PendSV_Handler
 .text.SysTick_Handler
                0x0000000008001ce8        0x8 build/stm32f3xx_it.o
                0x0000000008001ce8                SysTick_Handler
 .text.DMA1_Channel1_IRQHandler
                0x0000000008001cf0       0x14 build/stm32f3xx_it.o
                0x0000000008001cf0                DMA1_Channel1_IRQHandler
 .text.TIM1_UP_TIM16_IRQHandler
                0x0000000008001d04       0x4c build/stm32f3xx_it.o
                0x0000000008001d04                TIM1_UP_TIM16_IRQHandler
 .text._getpid  0x0000000008001d50        0x4 build/syscalls.o
                0x0000000008001d50                _getpid
 .text._kill    0x0000000008001d54       0x10 build/syscalls.o
                0x0000000008001d54                _kill
 .text._exit    0x0000000008001d64        0xc build/syscalls.o
                0x0000000008001d64                _exit
 .text._read    0x0000000008001d70       0x20 build/syscalls.o
                0x0000000008001d70                _read
 .text._write   0x0000000008001d90       0x1c build/syscalls.o
                0x0000000008001d90                _write
 .text._close   0x0000000008001dac        0x6 build/syscalls.o
                0x0000000008001dac                _close
 .text._fstat   0x0000000008001db2        0xa build/syscalls.o
                0x0000000008001db2                _fstat
 .text._isatty  0x0000000008001dbc        0x4 build/syscalls.o
                0x0000000008001dbc                _isatty
 .text._lseek   0x0000000008001dc0        0x4 build/syscalls.o
                0x0000000008001dc0                _lseek
 .text._sbrk    0x0000000008001dc4       0x48 build/sysmem.o
                0x0000000008001dc4                _sbrk
 .text.SystemInit
                0x0000000008001e0c       0x14 build/system_stm32f3xx.o
                0x0000000008001e0c                SystemInit
 .text.HAL_InitTick
                0x0000000008001e20       0x4c build/stm32f3xx_hal.o
                0x0000000008001e20                HAL_InitTick
 .text.HAL_Init
                0x0000000008001e6c       0x24 build/stm32f3xx_hal.o
                0x0000000008001e6c                HAL_Init
 .text.HAL_IncTick
                0x0000000008001e90       0x18 build/stm32f3xx_hal.o
                0x0000000008001e90                HAL_IncTick
 .text.HAL_GetTick
                0x0000000008001ea8        0xc build/stm32f3xx_hal.o
                0x0000000008001ea8                HAL_GetTick
 .text.HAL_Delay
                0x0000000008001eb4       0x28 build/stm32f3xx_hal.o
                0x0000000008001eb4                HAL_Delay
 .text.HAL_ADC_ConvHalfCpltCallback
                0x0000000008001edc        0x2 build/stm32f3xx_hal_adc.o
                0x0000000008001edc                HAL_ADC_ConvHalfCpltCallback
 .text.HAL_ADC_ErrorCallback
                0x0000000008001ede        0x2 build/stm32f3xx_hal_adc.o
                0x0000000008001ede                HAL_ADC_ErrorCallback
 .text.ADC_Disable
                0x0000000008001ee0       0x88 build/stm32f3xx_hal_adc_ex.o
 .text.ADC_Enable
                0x0000000008001f68       0x80 build/stm32f3xx_hal_adc_ex.o
 .text.ADC_DMAError
                0x0000000008001fe8       0x1a build/stm32f3xx_hal_adc_ex.o
 .text.ADC_DMAHalfConvCplt
                0x0000000008002002        0xa build/stm32f3xx_hal_adc_ex.o
 .text.ADC_DMAConvCplt
                0x000000000800200c       0x4a build/stm32f3xx_hal_adc_ex.o
 *fill*         0x0000000008002056        0x2 
 .text.HAL_ADC_Init
                0x0000000008002058      0x214 build/stm32f3xx_hal_adc_ex.o
                0x0000000008002058                HAL_ADC_Init
 .text.HAL_ADC_Start_IT
                0x000000000800226c      0x138 build/stm32f3xx_hal_adc_ex.o
                0x000000000800226c                HAL_ADC_Start_IT
 .text.HAL_ADC_Start_DMA
                0x00000000080023a4      0x134 build/stm32f3xx_hal_adc_ex.o
                0x00000000080023a4                HAL_ADC_Start_DMA
 .text.HAL_ADC_ConfigChannel
                0x00000000080024d8      0x384 build/stm32f3xx_hal_adc_ex.o
                0x00000000080024d8                HAL_ADC_ConfigChannel
 .text.HAL_ADCEx_MultiModeConfigChannel
                0x000000000800285c      0x118 build/stm32f3xx_hal_adc_ex.o
                0x000000000800285c                HAL_ADCEx_MultiModeConfigChannel
 .text.HAL_NVIC_SetPriorityGrouping
                0x0000000008002974       0x24 build/stm32f3xx_hal_cortex.o
                0x0000000008002974                HAL_NVIC_SetPriorityGrouping
 .text.HAL_NVIC_SetPriority
                0x0000000008002998       0x70 build/stm32f3xx_hal_cortex.o
                0x0000000008002998                HAL_NVIC_SetPriority
 .text.HAL_NVIC_EnableIRQ
                0x0000000008002a08       0x1c build/stm32f3xx_hal_cortex.o
                0x0000000008002a08                HAL_NVIC_EnableIRQ
 .text.HAL_NVIC_DisableIRQ
                0x0000000008002a24       0x24 build/stm32f3xx_hal_cortex.o
                0x0000000008002a24                HAL_NVIC_DisableIRQ
 .text.HAL_SYSTICK_Config
                0x0000000008002a48       0x28 build/stm32f3xx_hal_cortex.o
                0x0000000008002a48                HAL_SYSTICK_Config
 .text.DMA_SetConfig
                0x0000000008002a70       0x2c build/stm32f3xx_hal_dma.o
 .text.DMA_CalcBaseAndBitshift
                0x0000000008002a9c       0x24 build/stm32f3xx_hal_dma.o
 .text.HAL_DMA_Init
                0x0000000008002ac0       0x50 build/stm32f3xx_hal_dma.o
                0x0000000008002ac0                HAL_DMA_Init
 .text.HAL_DMA_Start_IT
                0x0000000008002b10       0x74 build/stm32f3xx_hal_dma.o
                0x0000000008002b10                HAL_DMA_Start_IT
 .text.HAL_DMA_IRQHandler
                0x0000000008002b84       0xb4 build/stm32f3xx_hal_dma.o
                0x0000000008002b84                HAL_DMA_IRQHandler
 .text.HAL_GPIO_Init
                0x0000000008002c38      0x1bc build/stm32f3xx_hal_gpio.o
                0x0000000008002c38                HAL_GPIO_Init
 .text.I2C_Flush_TXDR
                0x0000000008002df4       0x22 build/stm32f3xx_hal_i2c.o
 .text.I2C_TransferConfig
                0x0000000008002e16       0x38 build/stm32f3xx_hal_i2c.o
 .text.I2C_IsAcknowledgeFailed
                0x0000000008002e4e       0xa0 build/stm32f3xx_hal_i2c.o
 .text.I2C_WaitOnTXISFlagUntilTimeout
                0x0000000008002eee       0x56 build/stm32f3xx_hal_i2c.o
 .text.I2C_WaitOnFlagUntilTimeout
                0x0000000008002f44       0x5a build/stm32f3xx_hal_i2c.o
 .text.I2C_WaitOnSTOPFlagUntilTimeout
                0x0000000008002f9e       0x50 build/stm32f3xx_hal_i2c.o
 .text.I2C_WaitOnRXNEFlagUntilTimeout
                0x0000000008002fee       0x98 build/stm32f3xx_hal_i2c.o
 .text.HAL_I2C_Init
                0x0000000008003086       0xbc build/stm32f3xx_hal_i2c.o
                0x0000000008003086                HAL_I2C_Init
 *fill*         0x0000000008003142        0x2 
 .text.HAL_I2C_Master_Transmit
                0x0000000008003144      0x17c build/stm32f3xx_hal_i2c.o
                0x0000000008003144                HAL_I2C_Master_Transmit
 .text.HAL_I2C_Master_Receive
                0x00000000080032c0      0x17c build/stm32f3xx_hal_i2c.o
                0x00000000080032c0                HAL_I2C_Master_Receive
 .text.HAL_I2CEx_ConfigAnalogFilter
                0x000000000800343c       0x5c build/stm32f3xx_hal_i2c_ex.o
                0x000000000800343c                HAL_I2CEx_ConfigAnalogFilter
 .text.HAL_I2CEx_ConfigDigitalFilter
                0x0000000008003498       0x58 build/stm32f3xx_hal_i2c_ex.o
                0x0000000008003498                HAL_I2CEx_ConfigDigitalFilter
 .text.HAL_RCC_OscConfig
                0x00000000080034f0      0x634 build/stm32f3xx_hal_rcc.o
                0x00000000080034f0                HAL_RCC_OscConfig
 .text.HAL_RCC_GetSysClockFreq
                0x0000000008003b24       0x70 build/stm32f3xx_hal_rcc.o
                0x0000000008003b24                HAL_RCC_GetSysClockFreq
 .text.HAL_RCC_ClockConfig
                0x0000000008003b94      0x1a8 build/stm32f3xx_hal_rcc.o
                0x0000000008003b94                HAL_RCC_ClockConfig
 .text.HAL_RCC_GetHCLKFreq
                0x0000000008003d3c        0xc build/stm32f3xx_hal_rcc.o
                0x0000000008003d3c                HAL_RCC_GetHCLKFreq
 .text.HAL_RCC_GetPCLK1Freq
                0x0000000008003d48       0x2c build/stm32f3xx_hal_rcc.o
                0x0000000008003d48                HAL_RCC_GetPCLK1Freq
 .text.HAL_RCC_GetPCLK2Freq
                0x0000000008003d74       0x2c build/stm32f3xx_hal_rcc.o
                0x0000000008003d74                HAL_RCC_GetPCLK2Freq
 .text.HAL_RCCEx_PeriphCLKConfig
                0x0000000008003da0      0x18c build/stm32f3xx_hal_rcc_ex.o
                0x0000000008003da0                HAL_RCCEx_PeriphCLKConfig
 .text.TIM_OC1_SetConfig
                0x0000000008003f2c       0x90 build/stm32f3xx_hal_tim.o
 .text.TIM_OC3_SetConfig
                0x0000000008003fbc       0x7c build/stm32f3xx_hal_tim.o
 .text.TIM_OC4_SetConfig
                0x0000000008004038       0x64 build/stm32f3xx_hal_tim.o
 .text.TIM_OC5_SetConfig
                0x000000000800409c       0x60 build/stm32f3xx_hal_tim.o
 .text.TIM_OC6_SetConfig
                0x00000000080040fc       0x64 build/stm32f3xx_hal_tim.o
 .text.TIM_TI1_ConfigInputStage
                0x0000000008004160       0x26 build/stm32f3xx_hal_tim.o
 .text.TIM_TI2_ConfigInputStage
                0x0000000008004186       0x28 build/stm32f3xx_hal_tim.o
 .text.TIM_ITRx_SetConfig
                0x00000000080041ae       0x10 build/stm32f3xx_hal_tim.o
 *fill*         0x00000000080041be        0x2 
 .text.HAL_TIM_Base_Start_IT
                0x00000000080041c0       0x74 build/stm32f3xx_hal_tim.o
                0x00000000080041c0                HAL_TIM_Base_Start_IT
 .text.HAL_TIM_PWM_MspInit
                0x0000000008004234        0x2 build/stm32f3xx_hal_tim.o
                0x0000000008004234                HAL_TIM_PWM_MspInit
 .text.HAL_TIM_PeriodElapsedCallback
                0x0000000008004236        0x2 build/stm32f3xx_hal_tim.o
                0x0000000008004236                HAL_TIM_PeriodElapsedCallback
 .text.HAL_TIM_OC_DelayElapsedCallback
                0x0000000008004238        0x2 build/stm32f3xx_hal_tim.o
                0x0000000008004238                HAL_TIM_OC_DelayElapsedCallback
 .text.HAL_TIM_IC_CaptureCallback
                0x000000000800423a        0x2 build/stm32f3xx_hal_tim.o
                0x000000000800423a                HAL_TIM_IC_CaptureCallback
 .text.HAL_TIM_PWM_PulseFinishedCallback
                0x000000000800423c        0x2 build/stm32f3xx_hal_tim.o
                0x000000000800423c                HAL_TIM_PWM_PulseFinishedCallback
 .text.HAL_TIM_TriggerCallback
                0x000000000800423e        0x2 build/stm32f3xx_hal_tim.o
                0x000000000800423e                HAL_TIM_TriggerCallback
 .text.HAL_TIM_IRQHandler
                0x0000000008004240      0x19a build/stm32f3xx_hal_tim.o
                0x0000000008004240                HAL_TIM_IRQHandler
 *fill*         0x00000000080043da        0x2 
 .text.TIM_Base_SetConfig
                0x00000000080043dc       0x90 build/stm32f3xx_hal_tim.o
                0x00000000080043dc                TIM_Base_SetConfig
 .text.HAL_TIM_Base_Init
                0x000000000800446c       0x60 build/stm32f3xx_hal_tim.o
                0x000000000800446c                HAL_TIM_Base_Init
 .text.HAL_TIM_PWM_Init
                0x00000000080044cc       0x60 build/stm32f3xx_hal_tim.o
                0x00000000080044cc                HAL_TIM_PWM_Init
 .text.TIM_OC2_SetConfig
                0x000000000800452c       0x80 build/stm32f3xx_hal_tim.o
                0x000000000800452c                TIM_OC2_SetConfig
 .text.HAL_TIM_PWM_ConfigChannel
                0x00000000080045ac      0x13a build/stm32f3xx_hal_tim.o
                0x00000000080045ac                HAL_TIM_PWM_ConfigChannel
 .text.TIM_ETR_SetConfig
                0x00000000080046e6       0x1a build/stm32f3xx_hal_tim.o
                0x00000000080046e6                TIM_ETR_SetConfig
 .text.HAL_TIM_ConfigClockSource
                0x0000000008004700      0x100 build/stm32f3xx_hal_tim.o
                0x0000000008004700                HAL_TIM_ConfigClockSource
 .text.TIM_CCxChannelCmd
                0x0000000008004800       0x1e build/stm32f3xx_hal_tim.o
                0x0000000008004800                TIM_CCxChannelCmd
 *fill*         0x000000000800481e        0x2 
 .text.HAL_TIM_OC_Start_IT
                0x0000000008004820      0x188 build/stm32f3xx_hal_tim.o
                0x0000000008004820                HAL_TIM_OC_Start_IT
 .text.HAL_TIMEx_MasterConfigSynchronization
                0x00000000080049a8       0x78 build/stm32f3xx_hal_tim_ex.o
                0x00000000080049a8                HAL_TIMEx_MasterConfigSynchronization
 .text.HAL_TIMEx_ConfigBreakDeadTime
                0x0000000008004a20       0x88 build/stm32f3xx_hal_tim_ex.o
                0x0000000008004a20                HAL_TIMEx_ConfigBreakDeadTime
 .text.HAL_TIMEx_CommutCallback
                0x0000000008004aa8        0x2 build/stm32f3xx_hal_tim_ex.o
                0x0000000008004aa8                HAL_TIMEx_CommutCallback
 .text.HAL_TIMEx_BreakCallback
                0x0000000008004aaa        0x2 build/stm32f3xx_hal_tim_ex.o
                0x0000000008004aaa                HAL_TIMEx_BreakCallback
 .text.HAL_TIMEx_Break2Callback
                0x0000000008004aac        0x2 build/stm32f3xx_hal_tim_ex.o
                0x0000000008004aac                HAL_TIMEx_Break2Callback
 *fill*         0x0000000008004aae        0x2 
 .text.UART_SetConfig
                0x0000000008004ab0      0x164 build/stm32f3xx_hal_uart.o
                0x0000000008004ab0                UART_SetConfig
 .text.UART_AdvFeatureConfig
                0x0000000008004c14       0xca build/stm32f3xx_hal_uart.o
                0x0000000008004c14                UART_AdvFeatureConfig
 .text.UART_WaitOnFlagUntilTimeout
                0x0000000008004cde       0xd4 build/stm32f3xx_hal_uart.o
                0x0000000008004cde                UART_WaitOnFlagUntilTimeout
 .text.HAL_UART_Transmit
                0x0000000008004db2       0xd8 build/stm32f3xx_hal_uart.o
                0x0000000008004db2                HAL_UART_Transmit
 .text.UART_CheckIdleState
                0x0000000008004e8a       0x70 build/stm32f3xx_hal_uart.o
                0x0000000008004e8a                UART_CheckIdleState
 .text.HAL_UART_Init
                0x0000000008004efa       0x62 build/stm32f3xx_hal_uart.o
                0x0000000008004efa                HAL_UART_Init
 .text.Reset_Handler
                0x0000000008004f5c       0x50 build/startup_stm32f303x8.o
                0x0000000008004f5c                Reset_Handler
 .text.Default_Handler
                0x0000000008004fac        0x2 build/startup_stm32f303x8.o
                0x0000000008004fac                RTC_Alarm_IRQHandler
                0x0000000008004fac                TIM1_CC_IRQHandler
                0x0000000008004fac                PVD_IRQHandler
                0x0000000008004fac                TAMP_STAMP_IRQHandler
                0x0000000008004fac                EXTI3_IRQHandler
                0x0000000008004fac                EXTI0_IRQHandler
                0x0000000008004fac                FPU_IRQHandler
                0x0000000008004fac                CAN_TX_IRQHandler
                0x0000000008004fac                ADC1_2_IRQHandler
                0x0000000008004fac                SPI1_IRQHandler
                0x0000000008004fac                CAN_SCE_IRQHandler
                0x0000000008004fac                DMA1_Channel4_IRQHandler
                0x0000000008004fac                USART3_IRQHandler
                0x0000000008004fac                DMA1_Channel7_IRQHandler
                0x0000000008004fac                TIM7_DAC2_IRQHandler
                0x0000000008004fac                CAN_RX1_IRQHandler
                0x0000000008004fac                I2C1_EV_IRQHandler
                0x0000000008004fac                DMA1_Channel6_IRQHandler
                0x0000000008004fac                TIM3_IRQHandler
                0x0000000008004fac                RCC_IRQHandler
                0x0000000008004fac                Default_Handler
                0x0000000008004fac                EXTI15_10_IRQHandler
                0x0000000008004fac                COMP2_IRQHandler
                0x0000000008004fac                TIM6_DAC1_IRQHandler
                0x0000000008004fac                EXTI9_5_IRQHandler
                0x0000000008004fac                RTC_WKUP_IRQHandler
                0x0000000008004fac                DMA1_Channel5_IRQHandler
                0x0000000008004fac                EXTI4_IRQHandler
                0x0000000008004fac                TIM1_TRG_COM_TIM17_IRQHandler
                0x0000000008004fac                DMA1_Channel3_IRQHandler
                0x0000000008004fac                WWDG_IRQHandler
                0x0000000008004fac                TIM2_IRQHandler
                0x0000000008004fac                EXTI1_IRQHandler
                0x0000000008004fac                COMP4_6_IRQHandler
                0x0000000008004fac                USART2_IRQHandler
                0x0000000008004fac                DMA1_Channel2_IRQHandler
                0x0000000008004fac                FLASH_IRQHandler
                0x0000000008004fac                USART1_IRQHandler
                0x0000000008004fac                CAN_RX0_IRQHandler
                0x0000000008004fac                I2C1_ER_IRQHandler
                0x0000000008004fac                EXTI2_TSC_IRQHandler
                0x0000000008004fac                TIM1_BRK_TIM15_IRQHandler
 *fill*         0x0000000008004fae        0x2 
 .text.__errno  0x0000000008004fb0        0xc /home/dqnk/.config/Code - OSS/User/globalStorage/bmd.stm32-for-vscode/@xpack-dev-tools/arm-none-eabi-gcc/10.3.1-2.3.1/.content/bin/../lib/gcc/arm-none-eabi/10.3.1/../../../../arm-none-eabi/lib/thumb/v7e-m+fp/hard/libc.a(lib_a-errno.o)
                0x0000000008004fb0                __errno
 .text.__libc_init_array
                0x0000000008004fbc       0x48 /home/dqnk/.config/Code - OSS/User/globalStorage/bmd.stm32-for-vscode/@xpack-dev-tools/arm-none-eabi-gcc/10.3.1-2.3.1/.content/bin/../lib/gcc/arm-none-eabi/10.3.1/../../../../arm-none-eabi/lib/thumb/v7e-m+fp/hard/libc.a(lib_a-init.o)
                0x0000000008004fbc                __libc_init_array
 .text.memset   0x0000000008005004       0xa4 /home/dqnk/.config/Code - OSS/User/globalStorage/bmd.stm32-for-vscode/@xpack-dev-tools/arm-none-eabi-gcc/10.3.1-2.3.1/.content/bin/../lib/gcc/arm-none-eabi/10.3.1/../../../../arm-none-eabi/lib/thumb/v7e-m+fp/hard/libc.a(lib_a-memset.o)
                0x0000000008005004                memset
 .text.snprintf
                0x00000000080050a8       0x88 /home/dqnk/.config/Code - OSS/User/globalStorage/bmd.stm32-for-vscode/@xpack-dev-tools/arm-none-eabi-gcc/10.3.1-2.3.1/.content/bin/../lib/gcc/arm-none-eabi/10.3.1/../../../../arm-none-eabi/lib/thumb/v7e-m+fp/hard/libc.a(lib_a-snprintf.o)
                0x00000000080050a8                snprintf
 .text._svfprintf_r
                0x0000000008005130     0x1acc /home/dqnk/.config/Code - OSS/User/globalStorage/bmd.stm32-for-vscode/@xpack-dev-tools/arm-none-eabi-gcc/10.3.1-2.3.1/.content/bin/../lib/gcc/arm-none-eabi/10.3.1/../../../../arm-none-eabi/lib/thumb/v7e-m+fp/hard/libc.a(lib_a-svfprintf.o)
                0x0000000008005130                _svfprintf_r
 .text.startup.register_fini
                0x0000000008006bfc       0x14 /home/dqnk/.config/Code - OSS/User/globalStorage/bmd.stm32-for-vscode/@xpack-dev-tools/arm-none-eabi-gcc/10.3.1-2.3.1/.content/bin/../lib/gcc/arm-none-eabi/10.3.1/../../../../arm-none-eabi/lib/thumb/v7e-m+fp/hard/libc.a(lib_a-__call_atexit.o)
 .text.quorem   0x0000000008006c10      0x128 /home/dqnk/.config/Code - OSS/User/globalStorage/bmd.stm32-for-vscode/@xpack-dev-tools/arm-none-eabi-gcc/10.3.1-2.3.1/.content/bin/../lib/gcc/arm-none-eabi/10.3.1/../../../../arm-none-eabi/lib/thumb/v7e-m+fp/hard/libc.a(lib_a-dtoa.o)
 .text._dtoa_r  0x0000000008006d38      0xf3c /home/dqnk/.config/Code - OSS/User/globalStorage/bmd.stm32-for-vscode/@xpack-dev-tools/arm-none-eabi-gcc/10.3.1-2.3.1/.content/bin/../lib/gcc/arm-none-eabi/10.3.1/../../../../arm-none-eabi/lib/thumb/v7e-m+fp/hard/libc.a(lib_a-dtoa.o)
                0x0000000008006d38                _dtoa_r
 .text.__libc_fini_array
                0x0000000008007c74       0x2c /home/dqnk/.config/Code - OSS/User/globalStorage/bmd.stm32-for-vscode/@xpack-dev-tools/arm-none-eabi-gcc/10.3.1-2.3.1/.content/bin/../lib/gcc/arm-none-eabi/10.3.1/../../../../arm-none-eabi/lib/thumb/v7e-m+fp/hard/libc.a(lib_a-fini.o)
                0x0000000008007c74                __libc_fini_array
 .text._malloc_trim_r
                0x0000000008007ca0       0xa0 /home/dqnk/.config/Code - OSS/User/globalStorage/bmd.stm32-for-vscode/@xpack-dev-tools/arm-none-eabi-gcc/10.3.1-2.3.1/.content/bin/../lib/gcc/arm-none-eabi/10.3.1/../../../../arm-none-eabi/lib/thumb/v7e-m+fp/hard/libc.a(lib_a-freer.o)
                0x0000000008007ca0                _malloc_trim_r
 .text._free_r  0x0000000008007d40      0x20c /home/dqnk/.config/Code - OSS/User/globalStorage/bmd.stm32-for-vscode/@xpack-dev-tools/arm-none-eabi-gcc/10.3.1-2.3.1/.content/bin/../lib/gcc/arm-none-eabi/10.3.1/../../../../arm-none-eabi/lib/thumb/v7e-m+fp/hard/libc.a(lib_a-freer.o)
                0x0000000008007d40                _free_r
 .text._localeconv_r
                0x0000000008007f4c        0x8 /home/dqnk/.config/Code - OSS/User/globalStorage/bmd.stm32-for-vscode/@xpack-dev-tools/arm-none-eabi-gcc/10.3.1-2.3.1/.content/bin/../lib/gcc/arm-none-eabi/10.3.1/../../../../arm-none-eabi/lib/thumb/v7e-m+fp/hard/libc.a(lib_a-localeconv.o)
                0x0000000008007f4c                _localeconv_r
 .text.__locale_mb_cur_max
                0x0000000008007f54        0xc /home/dqnk/.config/Code - OSS/User/globalStorage/bmd.stm32-for-vscode/@xpack-dev-tools/arm-none-eabi-gcc/10.3.1-2.3.1/.content/bin/../lib/gcc/arm-none-eabi/10.3.1/../../../../arm-none-eabi/lib/thumb/v7e-m+fp/hard/libc.a(lib_a-locale.o)
                0x0000000008007f54                __locale_mb_cur_max
 .text.__retarget_lock_init_recursive
                0x0000000008007f60        0x4 /home/dqnk/.config/Code - OSS/User/globalStorage/bmd.stm32-for-vscode/@xpack-dev-tools/arm-none-eabi-gcc/10.3.1-2.3.1/.content/bin/../lib/gcc/arm-none-eabi/10.3.1/../../../../arm-none-eabi/lib/thumb/v7e-m+fp/hard/libc.a(lib_a-lock.o)
                0x0000000008007f60                __retarget_lock_init_recursive
 .text.__retarget_lock_close_recursive
                0x0000000008007f64        0x4 /home/dqnk/.config/Code - OSS/User/globalStorage/bmd.stm32-for-vscode/@xpack-dev-tools/arm-none-eabi-gcc/10.3.1-2.3.1/.content/bin/../lib/gcc/arm-none-eabi/10.3.1/../../../../arm-none-eabi/lib/thumb/v7e-m+fp/hard/libc.a(lib_a-lock.o)
                0x0000000008007f64                __retarget_lock_close_recursive
 .text.__retarget_lock_acquire_recursive
                0x0000000008007f68        0x4 /home/dqnk/.config/Code - OSS/User/globalStorage/bmd.stm32-for-vscode/@xpack-dev-tools/arm-none-eabi-gcc/10.3.1-2.3.1/.content/bin/../lib/gcc/arm-none-eabi/10.3.1/../../../../arm-none-eabi/lib/thumb/v7e-m+fp/hard/libc.a(lib_a-lock.o)
                0x0000000008007f68                __retarget_lock_acquire_recursive
 .text.__retarget_lock_release_recursive
                0x0000000008007f6c        0x4 /home/dqnk/.config/Code - OSS/User/globalStorage/bmd.stm32-for-vscode/@xpack-dev-tools/arm-none-eabi-gcc/10.3.1-2.3.1/.content/bin/../lib/gcc/arm-none-eabi/10.3.1/../../../../arm-none-eabi/lib/thumb/v7e-m+fp/hard/libc.a(lib_a-lock.o)
                0x0000000008007f6c                __retarget_lock_release_recursive
 .text._malloc_r
                0x0000000008007f70      0x560 /home/dqnk/.config/Code - OSS/User/globalStorage/bmd.stm32-for-vscode/@xpack-dev-tools/arm-none-eabi-gcc/10.3.1-2.3.1/.content/bin/../lib/gcc/arm-none-eabi/10.3.1/../../../../arm-none-eabi/lib/thumb/v7e-m+fp/hard/libc.a(lib_a-mallocr.o)
                0x0000000008007f70                _malloc_r
 .text.__ascii_mbtowc
                0x00000000080084d0       0x2c /home/dqnk/.config/Code - OSS/User/globalStorage/bmd.stm32-for-vscode/@xpack-dev-tools/arm-none-eabi-gcc/10.3.1-2.3.1/.content/bin/../lib/gcc/arm-none-eabi/10.3.1/../../../../arm-none-eabi/lib/thumb/v7e-m+fp/hard/libc.a(lib_a-mbtowc_r.o)
                0x00000000080084d0                __ascii_mbtowc
 .text.__malloc_lock
                0x00000000080084fc        0xc /home/dqnk/.config/Code - OSS/User/globalStorage/bmd.stm32-for-vscode/@xpack-dev-tools/arm-none-eabi-gcc/10.3.1-2.3.1/.content/bin/../lib/gcc/arm-none-eabi/10.3.1/../../../../arm-none-eabi/lib/thumb/v7e-m+fp/hard/libc.a(lib_a-mlock.o)
                0x00000000080084fc                __malloc_lock
 .text.__malloc_unlock
                0x0000000008008508        0xc /home/dqnk/.config/Code - OSS/User/globalStorage/bmd.stm32-for-vscode/@xpack-dev-tools/arm-none-eabi-gcc/10.3.1-2.3.1/.content/bin/../lib/gcc/arm-none-eabi/10.3.1/../../../../arm-none-eabi/lib/thumb/v7e-m+fp/hard/libc.a(lib_a-mlock.o)
                0x0000000008008508                __malloc_unlock
 .text._Balloc  0x0000000008008514       0x4c /home/dqnk/.config/Code - OSS/User/globalStorage/bmd.stm32-for-vscode/@xpack-dev-tools/arm-none-eabi-gcc/10.3.1-2.3.1/.content/bin/../lib/gcc/arm-none-eabi/10.3.1/../../../../arm-none-eabi/lib/thumb/v7e-m+fp/hard/libc.a(lib_a-mprec.o)
                0x0000000008008514                _Balloc
 .text._Bfree   0x0000000008008560       0x14 /home/dqnk/.config/Code - OSS/User/globalStorage/bmd.stm32-for-vscode/@xpack-dev-tools/arm-none-eabi-gcc/10.3.1-2.3.1/.content/bin/../lib/gcc/arm-none-eabi/10.3.1/../../../../arm-none-eabi/lib/thumb/v7e-m+fp/hard/libc.a(lib_a-mprec.o)
                0x0000000008008560                _Bfree
 .text.__multadd
                0x0000000008008574       0xa8 /home/dqnk/.config/Code - OSS/User/globalStorage/bmd.stm32-for-vscode/@xpack-dev-tools/arm-none-eabi-gcc/10.3.1-2.3.1/.content/bin/../lib/gcc/arm-none-eabi/10.3.1/../../../../arm-none-eabi/lib/thumb/v7e-m+fp/hard/libc.a(lib_a-mprec.o)
                0x0000000008008574                __multadd
 .text.__hi0bits
                0x000000000800861c       0x40 /home/dqnk/.config/Code - OSS/User/globalStorage/bmd.stm32-for-vscode/@xpack-dev-tools/arm-none-eabi-gcc/10.3.1-2.3.1/.content/bin/../lib/gcc/arm-none-eabi/10.3.1/../../../../arm-none-eabi/lib/thumb/v7e-m+fp/hard/libc.a(lib_a-mprec.o)
                0x000000000800861c                __hi0bits
 .text.__lo0bits
                0x000000000800865c       0x60 /home/dqnk/.config/Code - OSS/User/globalStorage/bmd.stm32-for-vscode/@xpack-dev-tools/arm-none-eabi-gcc/10.3.1-2.3.1/.content/bin/../lib/gcc/arm-none-eabi/10.3.1/../../../../arm-none-eabi/lib/thumb/v7e-m+fp/hard/libc.a(lib_a-mprec.o)
                0x000000000800865c                __lo0bits
 .text.__i2b    0x00000000080086bc       0x5c /home/dqnk/.config/Code - OSS/User/globalStorage/bmd.stm32-for-vscode/@xpack-dev-tools/arm-none-eabi-gcc/10.3.1-2.3.1/.content/bin/../lib/gcc/arm-none-eabi/10.3.1/../../../../arm-none-eabi/lib/thumb/v7e-m+fp/hard/libc.a(lib_a-mprec.o)
                0x00000000080086bc                __i2b
 .text.__multiply
                0x0000000008008718      0x15c /home/dqnk/.config/Code - OSS/User/globalStorage/bmd.stm32-for-vscode/@xpack-dev-tools/arm-none-eabi-gcc/10.3.1-2.3.1/.content/bin/../lib/gcc/arm-none-eabi/10.3.1/../../../../arm-none-eabi/lib/thumb/v7e-m+fp/hard/libc.a(lib_a-mprec.o)
                0x0000000008008718                __multiply
 .text.__pow5mult
                0x0000000008008874       0xc0 /home/dqnk/.config/Code - OSS/User/globalStorage/bmd.stm32-for-vscode/@xpack-dev-tools/arm-none-eabi-gcc/10.3.1-2.3.1/.content/bin/../lib/gcc/arm-none-eabi/10.3.1/../../../../arm-none-eabi/lib/thumb/v7e-m+fp/hard/libc.a(lib_a-mprec.o)
                0x0000000008008874                __pow5mult
 .text.__lshift
                0x0000000008008934       0xf0 /home/dqnk/.config/Code - OSS/User/globalStorage/bmd.stm32-for-vscode/@xpack-dev-tools/arm-none-eabi-gcc/10.3.1-2.3.1/.content/bin/../lib/gcc/arm-none-eabi/10.3.1/../../../../arm-none-eabi/lib/thumb/v7e-m+fp/hard/libc.a(lib_a-mprec.o)
                0x0000000008008934                __lshift
 .text.__mcmp   0x0000000008008a24       0x44 /home/dqnk/.config/Code - OSS/User/globalStorage/bmd.stm32-for-vscode/@xpack-dev-tools/arm-none-eabi-gcc/10.3.1-2.3.1/.content/bin/../lib/gcc/arm-none-eabi/10.3.1/../../../../arm-none-eabi/lib/thumb/v7e-m+fp/hard/libc.a(lib_a-mprec.o)
                0x0000000008008a24                __mcmp
 .text.__mdiff  0x0000000008008a68      0x14c /home/dqnk/.config/Code - OSS/User/globalStorage/bmd.stm32-for-vscode/@xpack-dev-tools/arm-none-eabi-gcc/10.3.1-2.3.1/.content/bin/../lib/gcc/arm-none-eabi/10.3.1/../../../../arm-none-eabi/lib/thumb/v7e-m+fp/hard/libc.a(lib_a-mprec.o)
                0x0000000008008a68                __mdiff
 .text.__d2b    0x0000000008008bb4       0xd0 /home/dqnk/.config/Code - OSS/User/globalStorage/bmd.stm32-for-vscode/@xpack-dev-tools/arm-none-eabi-gcc/10.3.1-2.3.1/.content/bin/../lib/gcc/arm-none-eabi/10.3.1/../../../../arm-none-eabi/lib/thumb/v7e-m+fp/hard/libc.a(lib_a-mprec.o)
                0x0000000008008bb4                __d2b
 .text._sbrk_r  0x0000000008008c84       0x24 /home/dqnk/.config/Code - OSS/User/globalStorage/bmd.stm32-for-vscode/@xpack-dev-tools/arm-none-eabi-gcc/10.3.1-2.3.1/.content/bin/../lib/gcc/arm-none-eabi/10.3.1/../../../../arm-none-eabi/lib/thumb/v7e-m+fp/hard/libc.a(lib_a-sbrkr.o)
                0x0000000008008c84                _sbrk_r
 .text.frexp    0x0000000008008ca8       0x6c /home/dqnk/.config/Code - OSS/User/globalStorage/bmd.stm32-for-vscode/@xpack-dev-tools/arm-none-eabi-gcc/10.3.1-2.3.1/.content/bin/../lib/gcc/arm-none-eabi/10.3.1/../../../../arm-none-eabi/lib/thumb/v7e-m+fp/hard/libc.a(lib_a-s_frexp.o)
                0x0000000008008ca8                frexp
 .text.strncpy  0x0000000008008d14       0x64 /home/dqnk/.config/Code - OSS/User/globalStorage/bmd.stm32-for-vscode/@xpack-dev-tools/arm-none-eabi-gcc/10.3.1-2.3.1/.content/bin/../lib/gcc/arm-none-eabi/10.3.1/../../../../arm-none-eabi/lib/thumb/v7e-m+fp/hard/libc.a(lib_a-strncpy.o)
                0x0000000008008d14                strncpy
 .text.__ssprint_r
                0x0000000008008d78       0xf8 /home/dqnk/.config/Code - OSS/User/globalStorage/bmd.stm32-for-vscode/@xpack-dev-tools/arm-none-eabi-gcc/10.3.1-2.3.1/.content/bin/../lib/gcc/arm-none-eabi/10.3.1/../../../../arm-none-eabi/lib/thumb/v7e-m+fp/hard/libc.a(lib_a-svfiprintf.o)
                0x0000000008008d78                __ssprint_r
 .text.__ascii_wctomb
                0x0000000008008e70       0x1c /home/dqnk/.config/Code - OSS/User/globalStorage/bmd.stm32-for-vscode/@xpack-dev-tools/arm-none-eabi-gcc/10.3.1-2.3.1/.content/bin/../lib/gcc/arm-none-eabi/10.3.1/../../../../arm-none-eabi/lib/thumb/v7e-m+fp/hard/libc.a(lib_a-wctomb_r.o)
                0x0000000008008e70                __ascii_wctomb
 .text.__assert_func
                0x0000000008008e8c       0x40 /home/dqnk/.config/Code - OSS/User/globalStorage/bmd.stm32-for-vscode/@xpack-dev-tools/arm-none-eabi-gcc/10.3.1-2.3.1/.content/bin/../lib/gcc/arm-none-eabi/10.3.1/../../../../arm-none-eabi/lib/thumb/v7e-m+fp/hard/libc.a(lib_a-assert.o)
                0x0000000008008e8c                __assert_func
 .text.atexit   0x0000000008008ecc        0xc /home/dqnk/.config/Code - OSS/User/globalStorage/bmd.stm32-for-vscode/@xpack-dev-tools/arm-none-eabi-gcc/10.3.1-2.3.1/.content/bin/../lib/gcc/arm-none-eabi/10.3.1/../../../../arm-none-eabi/lib/thumb/v7e-m+fp/hard/libc.a(lib_a-atexit.o)
                0x0000000008008ecc                atexit
 .text._calloc_r
                0x0000000008008ed8       0x78 /home/dqnk/.config/Code - OSS/User/globalStorage/bmd.stm32-for-vscode/@xpack-dev-tools/arm-none-eabi-gcc/10.3.1-2.3.1/.content/bin/../lib/gcc/arm-none-eabi/10.3.1/../../../../arm-none-eabi/lib/thumb/v7e-m+fp/hard/libc.a(lib_a-callocr.o)
                0x0000000008008ed8                _calloc_r
 .text.fiprintf
                0x0000000008008f50       0x28 /home/dqnk/.config/Code - OSS/User/globalStorage/bmd.stm32-for-vscode/@xpack-dev-tools/arm-none-eabi-gcc/10.3.1-2.3.1/.content/bin/../lib/gcc/arm-none-eabi/10.3.1/../../../../arm-none-eabi/lib/thumb/v7e-m+fp/hard/libc.a(lib_a-fiprintf.o)
                0x0000000008008f50                fiprintf
 .text.memmove  0x0000000008008f78       0xf8 /home/dqnk/.config/Code - OSS/User/globalStorage/bmd.stm32-for-vscode/@xpack-dev-tools/arm-none-eabi-gcc/10.3.1-2.3.1/.content/bin/../lib/gcc/arm-none-eabi/10.3.1/../../../../arm-none-eabi/lib/thumb/v7e-m+fp/hard/libc.a(lib_a-memmove.o)
                0x0000000008008f78                memmove
 .text._realloc_r
                0x0000000008009070      0x3d8 /home/dqnk/.config/Code - OSS/User/globalStorage/bmd.stm32-for-vscode/@xpack-dev-tools/arm-none-eabi-gcc/10.3.1-2.3.1/.content/bin/../lib/gcc/arm-none-eabi/10.3.1/../../../../arm-none-eabi/lib/thumb/v7e-m+fp/hard/libc.a(lib_a-reallocr.o)
                0x0000000008009070                _realloc_r
 .text.__sprint_r.part.0
                0x0000000008009448       0x78 /home/dqnk/.config/Code - OSS/User/globalStorage/bmd.stm32-for-vscode/@xpack-dev-tools/arm-none-eabi-gcc/10.3.1-2.3.1/.content/bin/../lib/gcc/arm-none-eabi/10.3.1/../../../../arm-none-eabi/lib/thumb/v7e-m+fp/hard/libc.a(lib_a-vfiprintf.o)
 .text._vfiprintf_r
                0x00000000080094c0      0xdf4 /home/dqnk/.config/Code - OSS/User/globalStorage/bmd.stm32-for-vscode/@xpack-dev-tools/arm-none-eabi-gcc/10.3.1-2.3.1/.content/bin/../lib/gcc/arm-none-eabi/10.3.1/../../../../arm-none-eabi/lib/thumb/v7e-m+fp/hard/libc.a(lib_a-vfiprintf.o)
                0x00000000080094c0                _vfiprintf_r
 .text.__sbprintf
                0x000000000800a2b4       0x80 /home/dqnk/.config/Code - OSS/User/globalStorage/bmd.stm32-for-vscode/@xpack-dev-tools/arm-none-eabi-gcc/10.3.1-2.3.1/.content/bin/../lib/gcc/arm-none-eabi/10.3.1/../../../../arm-none-eabi/lib/thumb/v7e-m+fp/hard/libc.a(lib_a-vfiprintf.o)
 .text.__swsetup_r
                0x000000000800a334       0xd4 /home/dqnk/.config/Code - OSS/User/globalStorage/bmd.stm32-for-vscode/@xpack-dev-tools/arm-none-eabi-gcc/10.3.1-2.3.1/.content/bin/../lib/gcc/arm-none-eabi/10.3.1/../../../../arm-none-eabi/lib/thumb/v7e-m+fp/hard/libc.a(lib_a-wsetup.o)
                0x000000000800a334                __swsetup_r
 .text.abort    0x000000000800a408       0x10 /home/dqnk/.config/Code - OSS/User/globalStorage/bmd.stm32-for-vscode/@xpack-dev-tools/arm-none-eabi-gcc/10.3.1-2.3.1/.content/bin/../lib/gcc/arm-none-eabi/10.3.1/../../../../arm-none-eabi/lib/thumb/v7e-m+fp/hard/libc.a(lib_a-abort.o)
                0x000000000800a408                abort
 .text.__register_exitproc
                0x000000000800a418       0x8c /home/dqnk/.config/Code - OSS/User/globalStorage/bmd.stm32-for-vscode/@xpack-dev-tools/arm-none-eabi-gcc/10.3.1-2.3.1/.content/bin/../lib/gcc/arm-none-eabi/10.3.1/../../../../arm-none-eabi/lib/thumb/v7e-m+fp/hard/libc.a(lib_a-__atexit.o)
                0x000000000800a418                __register_exitproc
 .text.__sflush_r
                0x000000000800a4a4      0x130 /home/dqnk/.config/Code - OSS/User/globalStorage/bmd.stm32-for-vscode/@xpack-dev-tools/arm-none-eabi-gcc/10.3.1-2.3.1/.content/bin/../lib/gcc/arm-none-eabi/10.3.1/../../../../arm-none-eabi/lib/thumb/v7e-m+fp/hard/libc.a(lib_a-fflush.o)
                0x000000000800a4a4                __sflush_r
 .text._fflush_r
                0x000000000800a5d4       0x5c /home/dqnk/.config/Code - OSS/User/globalStorage/bmd.stm32-for-vscode/@xpack-dev-tools/arm-none-eabi-gcc/10.3.1-2.3.1/.content/bin/../lib/gcc/arm-none-eabi/10.3.1/../../../../arm-none-eabi/lib/thumb/v7e-m+fp/hard/libc.a(lib_a-fflush.o)
                0x000000000800a5d4                _fflush_r
 .text._cleanup_r
                0x000000000800a630        0xc /home/dqnk/.config/Code - OSS/User/globalStorage/bmd.stm32-for-vscode/@xpack-dev-tools/arm-none-eabi-gcc/10.3.1-2.3.1/.content/bin/../lib/gcc/arm-none-eabi/10.3.1/../../../../arm-none-eabi/lib/thumb/v7e-m+fp/hard/libc.a(lib_a-findfp.o)
                0x000000000800a630                _cleanup_r
 .text.__sinit  0x000000000800a63c      0x10c /home/dqnk/.config/Code - OSS/User/globalStorage/bmd.stm32-for-vscode/@xpack-dev-tools/arm-none-eabi-gcc/10.3.1-2.3.1/.content/bin/../lib/gcc/arm-none-eabi/10.3.1/../../../../arm-none-eabi/lib/thumb/v7e-m+fp/hard/libc.a(lib_a-findfp.o)
                0x000000000800a63c                __sinit
 .text.__sfp_lock_acquire
                0x000000000800a748        0xc /home/dqnk/.config/Code - OSS/User/globalStorage/bmd.stm32-for-vscode/@xpack-dev-tools/arm-none-eabi-gcc/10.3.1-2.3.1/.content/bin/../lib/gcc/arm-none-eabi/10.3.1/../../../../arm-none-eabi/lib/thumb/v7e-m+fp/hard/libc.a(lib_a-findfp.o)
                0x000000000800a748                __sfp_lock_acquire
 .text.__sfp_lock_release
                0x000000000800a754        0xc /home/dqnk/.config/Code - OSS/User/globalStorage/bmd.stm32-for-vscode/@xpack-dev-tools/arm-none-eabi-gcc/10.3.1-2.3.1/.content/bin/../lib/gcc/arm-none-eabi/10.3.1/../../../../arm-none-eabi/lib/thumb/v7e-m+fp/hard/libc.a(lib_a-findfp.o)
                0x000000000800a754                __sfp_lock_release
 .text.__fputwc
                0x000000000800a760       0xa8 /home/dqnk/.config/Code - OSS/User/globalStorage/bmd.stm32-for-vscode/@xpack-dev-tools/arm-none-eabi-gcc/10.3.1-2.3.1/.content/bin/../lib/gcc/arm-none-eabi/10.3.1/../../../../arm-none-eabi/lib/thumb/v7e-m+fp/hard/libc.a(lib_a-fputwc.o)
                0x000000000800a760                __fputwc
 .text._fputwc_r
                0x000000000800a808       0x68 /home/dqnk/.config/Code - OSS/User/globalStorage/bmd.stm32-for-vscode/@xpack-dev-tools/arm-none-eabi-gcc/10.3.1-2.3.1/.content/bin/../lib/gcc/arm-none-eabi/10.3.1/../../../../arm-none-eabi/lib/thumb/v7e-m+fp/hard/libc.a(lib_a-fputwc.o)
                0x000000000800a808                _fputwc_r
 .text.__sfvwrite_r
                0x000000000800a870      0x2f0 /home/dqnk/.config/Code - OSS/User/globalStorage/bmd.stm32-for-vscode/@xpack-dev-tools/arm-none-eabi-gcc/10.3.1-2.3.1/.content/bin/../lib/gcc/arm-none-eabi/10.3.1/../../../../arm-none-eabi/lib/thumb/v7e-m+fp/hard/libc.a(lib_a-fvwrite.o)
                0x000000000800a870                __sfvwrite_r
 .text._fwalk_reent
                0x000000000800ab60       0x48 /home/dqnk/.config/Code - OSS/User/globalStorage/bmd.stm32-for-vscode/@xpack-dev-tools/arm-none-eabi-gcc/10.3.1-2.3.1/.content/bin/../lib/gcc/arm-none-eabi/10.3.1/../../../../arm-none-eabi/lib/thumb/v7e-m+fp/hard/libc.a(lib_a-fwalk.o)
                0x000000000800ab60                _fwalk_reent
 .text.__smakebuf_r
                0x000000000800aba8       0xe0 /home/dqnk/.config/Code - OSS/User/globalStorage/bmd.stm32-for-vscode/@xpack-dev-tools/arm-none-eabi-gcc/10.3.1-2.3.1/.content/bin/../lib/gcc/arm-none-eabi/10.3.1/../../../../arm-none-eabi/lib/thumb/v7e-m+fp/hard/libc.a(lib_a-makebuf.o)
                0x000000000800aba8                __smakebuf_r
 .text.raise    0x000000000800ac88       0x5c /home/dqnk/.config/Code - OSS/User/globalStorage/bmd.stm32-for-vscode/@xpack-dev-tools/arm-none-eabi-gcc/10.3.1-2.3.1/.content/bin/../lib/gcc/arm-none-eabi/10.3.1/../../../../arm-none-eabi/lib/thumb/v7e-m+fp/hard/libc.a(lib_a-signal.o)
                0x000000000800ac88                raise
 .text._kill_r  0x000000000800ace4       0x2c /home/dqnk/.config/Code - OSS/User/globalStorage/bmd.stm32-for-vscode/@xpack-dev-tools/arm-none-eabi-gcc/10.3.1-2.3.1/.content/bin/../lib/gcc/arm-none-eabi/10.3.1/../../../../arm-none-eabi/lib/thumb/v7e-m+fp/hard/libc.a(lib_a-signalr.o)
                0x000000000800ace4                _kill_r
 .text._getpid_r
                0x000000000800ad10        0x4 /home/dqnk/.config/Code - OSS/User/globalStorage/bmd.stm32-for-vscode/@xpack-dev-tools/arm-none-eabi-gcc/10.3.1-2.3.1/.content/bin/../lib/gcc/arm-none-eabi/10.3.1/../../../../arm-none-eabi/lib/thumb/v7e-m+fp/hard/libc.a(lib_a-signalr.o)
                0x000000000800ad10                _getpid_r
 .text.__sread  0x000000000800ad14       0x24 /home/dqnk/.config/Code - OSS/User/globalStorage/bmd.stm32-for-vscode/@xpack-dev-tools/arm-none-eabi-gcc/10.3.1-2.3.1/.content/bin/../lib/gcc/arm-none-eabi/10.3.1/../../../../arm-none-eabi/lib/thumb/v7e-m+fp/hard/libc.a(lib_a-stdio.o)
                0x000000000800ad14                __sread
 .text.__swrite
                0x000000000800ad38       0x40 /home/dqnk/.config/Code - OSS/User/globalStorage/bmd.stm32-for-vscode/@xpack-dev-tools/arm-none-eabi-gcc/10.3.1-2.3.1/.content/bin/../lib/gcc/arm-none-eabi/10.3.1/../../../../arm-none-eabi/lib/thumb/v7e-m+fp/hard/libc.a(lib_a-stdio.o)
                0x000000000800ad38                __swrite
 .text.__sseek  0x000000000800ad78       0x20 /home/dqnk/.config/Code - OSS/User/globalStorage/bmd.stm32-for-vscode/@xpack-dev-tools/arm-none-eabi-gcc/10.3.1-2.3.1/.content/bin/../lib/gcc/arm-none-eabi/10.3.1/../../../../arm-none-eabi/lib/thumb/v7e-m+fp/hard/libc.a(lib_a-stdio.o)
                0x000000000800ad78                __sseek
 .text.__sclose
                0x000000000800ad98        0x8 /home/dqnk/.config/Code - OSS/User/globalStorage/bmd.stm32-for-vscode/@xpack-dev-tools/arm-none-eabi-gcc/10.3.1-2.3.1/.content/bin/../lib/gcc/arm-none-eabi/10.3.1/../../../../arm-none-eabi/lib/thumb/v7e-m+fp/hard/libc.a(lib_a-stdio.o)
                0x000000000800ad98                __sclose
 .text.__swbuf_r
                0x000000000800ada0       0xb0 /home/dqnk/.config/Code - OSS/User/globalStorage/bmd.stm32-for-vscode/@xpack-dev-tools/arm-none-eabi-gcc/10.3.1-2.3.1/.content/bin/../lib/gcc/arm-none-eabi/10.3.1/../../../../arm-none-eabi/lib/thumb/v7e-m+fp/hard/libc.a(lib_a-wbuf.o)
                0x000000000800ada0                __swbuf_r
 .text._wcrtomb_r
                0x000000000800ae50       0x3c /home/dqnk/.config/Code - OSS/User/globalStorage/bmd.stm32-for-vscode/@xpack-dev-tools/arm-none-eabi-gcc/10.3.1-2.3.1/.content/bin/../lib/gcc/arm-none-eabi/10.3.1/../../../../arm-none-eabi/lib/thumb/v7e-m+fp/hard/libc.a(lib_a-wcrtomb.o)
                0x000000000800ae50                _wcrtomb_r
 .text._write_r
                0x000000000800ae8c       0x2c /home/dqnk/.config/Code - OSS/User/globalStorage/bmd.stm32-for-vscode/@xpack-dev-tools/arm-none-eabi-gcc/10.3.1-2.3.1/.content/bin/../lib/gcc/arm-none-eabi/10.3.1/../../../../arm-none-eabi/lib/thumb/v7e-m+fp/hard/libc.a(lib_a-writer.o)
                0x000000000800ae8c                _write_r
 .text._close_r
                0x000000000800aeb8       0x24 /home/dqnk/.config/Code - OSS/User/globalStorage/bmd.stm32-for-vscode/@xpack-dev-tools/arm-none-eabi-gcc/10.3.1-2.3.1/.content/bin/../lib/gcc/arm-none-eabi/10.3.1/../../../../arm-none-eabi/lib/thumb/v7e-m+fp/hard/libc.a(lib_a-closer.o)
                0x000000000800aeb8                _close_r
 .text._fclose_r
                0x000000000800aedc       0xcc /home/dqnk/.config/Code - OSS/User/globalStorage/bmd.stm32-for-vscode/@xpack-dev-tools/arm-none-eabi-gcc/10.3.1-2.3.1/.content/bin/../lib/gcc/arm-none-eabi/10.3.1/../../../../arm-none-eabi/lib/thumb/v7e-m+fp/hard/libc.a(lib_a-fclose.o)
                0x000000000800aedc                _fclose_r
 .text._fstat_r
                0x000000000800afa8       0x2c /home/dqnk/.config/Code - OSS/User/globalStorage/bmd.stm32-for-vscode/@xpack-dev-tools/arm-none-eabi-gcc/10.3.1-2.3.1/.content/bin/../lib/gcc/arm-none-eabi/10.3.1/../../../../arm-none-eabi/lib/thumb/v7e-m+fp/hard/libc.a(lib_a-fstatr.o)
                0x000000000800afa8                _fstat_r
 .text._isatty_r
                0x000000000800afd4       0x24 /home/dqnk/.config/Code - OSS/User/globalStorage/bmd.stm32-for-vscode/@xpack-dev-tools/arm-none-eabi-gcc/10.3.1-2.3.1/.content/bin/../lib/gcc/arm-none-eabi/10.3.1/../../../../arm-none-eabi/lib/thumb/v7e-m+fp/hard/libc.a(lib_a-isattyr.o)
                0x000000000800afd4                _isatty_r
 .text._lseek_r
                0x000000000800aff8       0x2c /home/dqnk/.config/Code - OSS/User/globalStorage/bmd.stm32-for-vscode/@xpack-dev-tools/arm-none-eabi-gcc/10.3.1-2.3.1/.content/bin/../lib/gcc/arm-none-eabi/10.3.1/../../../../arm-none-eabi/lib/thumb/v7e-m+fp/hard/libc.a(lib_a-lseekr.o)
                0x000000000800aff8                _lseek_r
 .text._read_r  0x000000000800b024       0x2c /home/dqnk/.config/Code - OSS/User/globalStorage/bmd.stm32-for-vscode/@xpack-dev-tools/arm-none-eabi-gcc/10.3.1-2.3.1/.content/bin/../lib/gcc/arm-none-eabi/10.3.1/../../../../arm-none-eabi/lib/thumb/v7e-m+fp/hard/libc.a(lib_a-readr.o)
                0x000000000800b024                _read_r
 .text.__udivmoddi4
                0x000000000800b050      0x2d0 /home/dqnk/.config/Code - OSS/User/globalStorage/bmd.stm32-for-vscode/@xpack-dev-tools/arm-none-eabi-gcc/10.3.1-2.3.1/.content/bin/../lib/gcc/arm-none-eabi/10.3.1/thumb/v7e-m+fp/hard/libgcc.a(_udivmoddi4.o)
                0x000000000800b050                __udivmoddi4
 .text.selfrel_offset31
                0x000000000800b320       0x14 /home/dqnk/.config/Code - OSS/User/globalStorage/bmd.stm32-for-vscode/@xpack-dev-tools/arm-none-eabi-gcc/10.3.1-2.3.1/.content/bin/../lib/gcc/arm-none-eabi/10.3.1/thumb/v7e-m+fp/hard/libgcc.a(unwind-arm.o)
 .text.search_EIT_table
                0x000000000800b334       0x5c /home/dqnk/.config/Code - OSS/User/globalStorage/bmd.stm32-for-vscode/@xpack-dev-tools/arm-none-eabi-gcc/10.3.1-2.3.1/.content/bin/../lib/gcc/arm-none-eabi/10.3.1/thumb/v7e-m+fp/hard/libgcc.a(unwind-arm.o)
 .text.__gnu_unwind_get_pr_addr
                0x000000000800b390       0x28 /home/dqnk/.config/Code - OSS/User/globalStorage/bmd.stm32-for-vscode/@xpack-dev-tools/arm-none-eabi-gcc/10.3.1-2.3.1/.content/bin/../lib/gcc/arm-none-eabi/10.3.1/thumb/v7e-m+fp/hard/libgcc.a(unwind-arm.o)
 .text.get_eit_entry
                0x000000000800b3b8       0x9c /home/dqnk/.config/Code - OSS/User/globalStorage/bmd.stm32-for-vscode/@xpack-dev-tools/arm-none-eabi-gcc/10.3.1-2.3.1/.content/bin/../lib/gcc/arm-none-eabi/10.3.1/thumb/v7e-m+fp/hard/libgcc.a(unwind-arm.o)
 .text.restore_non_core_regs
                0x000000000800b454       0x58 /home/dqnk/.config/Code - OSS/User/globalStorage/bmd.stm32-for-vscode/@xpack-dev-tools/arm-none-eabi-gcc/10.3.1-2.3.1/.content/bin/../lib/gcc/arm-none-eabi/10.3.1/thumb/v7e-m+fp/hard/libgcc.a(unwind-arm.o)
 .text._Unwind_decode_typeinfo_ptr.constprop.0
                0x000000000800b4ac        0xc /home/dqnk/.config/Code - OSS/User/globalStorage/bmd.stm32-for-vscode/@xpack-dev-tools/arm-none-eabi-gcc/10.3.1-2.3.1/.content/bin/../lib/gcc/arm-none-eabi/10.3.1/thumb/v7e-m+fp/hard/libgcc.a(unwind-arm.o)
 .text._Unwind_DebugHook
                0x000000000800b4b8        0x4 /home/dqnk/.config/Code - OSS/User/globalStorage/bmd.stm32-for-vscode/@xpack-dev-tools/arm-none-eabi-gcc/10.3.1-2.3.1/.content/bin/../lib/gcc/arm-none-eabi/10.3.1/thumb/v7e-m+fp/hard/libgcc.a(unwind-arm.o)
 .text.unwind_phase2
                0x000000000800b4bc       0x3c /home/dqnk/.config/Code - OSS/User/globalStorage/bmd.stm32-for-vscode/@xpack-dev-tools/arm-none-eabi-gcc/10.3.1-2.3.1/.content/bin/../lib/gcc/arm-none-eabi/10.3.1/thumb/v7e-m+fp/hard/libgcc.a(unwind-arm.o)
 .text.unwind_phase2_forced
                0x000000000800b4f8       0xcc /home/dqnk/.config/Code - OSS/User/globalStorage/bmd.stm32-for-vscode/@xpack-dev-tools/arm-none-eabi-gcc/10.3.1-2.3.1/.content/bin/../lib/gcc/arm-none-eabi/10.3.1/thumb/v7e-m+fp/hard/libgcc.a(unwind-arm.o)
 .text.__gnu_Unwind_RaiseException
                0x000000000800b5c4       0x68 /home/dqnk/.config/Code - OSS/User/globalStorage/bmd.stm32-for-vscode/@xpack-dev-tools/arm-none-eabi-gcc/10.3.1-2.3.1/.content/bin/../lib/gcc/arm-none-eabi/10.3.1/thumb/v7e-m+fp/hard/libgcc.a(unwind-arm.o)
                0x000000000800b5c4                __gnu_Unwind_RaiseException
 .text.__gnu_Unwind_ForcedUnwind
                0x000000000800b62c       0x10 /home/dqnk/.config/Code - OSS/User/globalStorage/bmd.stm32-for-vscode/@xpack-dev-tools/arm-none-eabi-gcc/10.3.1-2.3.1/.content/bin/../lib/gcc/arm-none-eabi/10.3.1/thumb/v7e-m+fp/hard/libgcc.a(unwind-arm.o)
                0x000000000800b62c                __gnu_Unwind_ForcedUnwind
 .text.__gnu_Unwind_Resume
                0x000000000800b63c       0x44 /home/dqnk/.config/Code - OSS/User/globalStorage/bmd.stm32-for-vscode/@xpack-dev-tools/arm-none-eabi-gcc/10.3.1-2.3.1/.content/bin/../lib/gcc/arm-none-eabi/10.3.1/thumb/v7e-m+fp/hard/libgcc.a(unwind-arm.o)
                0x000000000800b63c                __gnu_Unwind_Resume
 .text.__gnu_Unwind_Resume_or_Rethrow
                0x000000000800b680       0x14 /home/dqnk/.config/Code - OSS/User/globalStorage/bmd.stm32-for-vscode/@xpack-dev-tools/arm-none-eabi-gcc/10.3.1-2.3.1/.content/bin/../lib/gcc/arm-none-eabi/10.3.1/thumb/v7e-m+fp/hard/libgcc.a(unwind-arm.o)
                0x000000000800b680                __gnu_Unwind_Resume_or_Rethrow
 .text._Unwind_VRS_Get
                0x000000000800b694       0x30 /home/dqnk/.config/Code - OSS/User/globalStorage/bmd.stm32-for-vscode/@xpack-dev-tools/arm-none-eabi-gcc/10.3.1-2.3.1/.content/bin/../lib/gcc/arm-none-eabi/10.3.1/thumb/v7e-m+fp/hard/libgcc.a(unwind-arm.o)
                0x000000000800b694                _Unwind_VRS_Get
 .text._Unwind_GetGR
                0x000000000800b6c4       0x1c /home/dqnk/.config/Code - OSS/User/globalStorage/bmd.stm32-for-vscode/@xpack-dev-tools/arm-none-eabi-gcc/10.3.1-2.3.1/.content/bin/../lib/gcc/arm-none-eabi/10.3.1/thumb/v7e-m+fp/hard/libgcc.a(unwind-arm.o)
 .text._Unwind_VRS_Set
                0x000000000800b6e0       0x30 /home/dqnk/.config/Code - OSS/User/globalStorage/bmd.stm32-for-vscode/@xpack-dev-tools/arm-none-eabi-gcc/10.3.1-2.3.1/.content/bin/../lib/gcc/arm-none-eabi/10.3.1/thumb/v7e-m+fp/hard/libgcc.a(unwind-arm.o)
                0x000000000800b6e0                _Unwind_VRS_Set
 .text._Unwind_SetGR
                0x000000000800b710       0x18 /home/dqnk/.config/Code - OSS/User/globalStorage/bmd.stm32-for-vscode/@xpack-dev-tools/arm-none-eabi-gcc/10.3.1-2.3.1/.content/bin/../lib/gcc/arm-none-eabi/10.3.1/thumb/v7e-m+fp/hard/libgcc.a(unwind-arm.o)
 .text.__gnu_Unwind_Backtrace
                0x000000000800b728       0x84 /home/dqnk/.config/Code - OSS/User/globalStorage/bmd.stm32-for-vscode/@xpack-dev-tools/arm-none-eabi-gcc/10.3.1-2.3.1/.content/bin/../lib/gcc/arm-none-eabi/10.3.1/thumb/v7e-m+fp/hard/libgcc.a(unwind-arm.o)
                0x000000000800b728                __gnu_Unwind_Backtrace
 .text.__gnu_unwind_pr_common
                0x000000000800b7ac      0x2a8 /home/dqnk/.config/Code - OSS/User/globalStorage/bmd.stm32-for-vscode/@xpack-dev-tools/arm-none-eabi-gcc/10.3.1-2.3.1/.content/bin/../lib/gcc/arm-none-eabi/10.3.1/thumb/v7e-m+fp/hard/libgcc.a(unwind-arm.o)
 .text.__aeabi_unwind_cpp_pr0
                0x000000000800ba54        0x8 /home/dqnk/.config/Code - OSS/User/globalStorage/bmd.stm32-for-vscode/@xpack-dev-tools/arm-none-eabi-gcc/10.3.1-2.3.1/.content/bin/../lib/gcc/arm-none-eabi/10.3.1/thumb/v7e-m+fp/hard/libgcc.a(unwind-arm.o)
                0x000000000800ba54                __aeabi_unwind_cpp_pr0
 .text.__aeabi_unwind_cpp_pr1
                0x000000000800ba5c        0x8 /home/dqnk/.config/Code - OSS/User/globalStorage/bmd.stm32-for-vscode/@xpack-dev-tools/arm-none-eabi-gcc/10.3.1-2.3.1/.content/bin/../lib/gcc/arm-none-eabi/10.3.1/thumb/v7e-m+fp/hard/libgcc.a(unwind-arm.o)
                0x000000000800ba5c                __aeabi_unwind_cpp_pr1
 .text.__aeabi_unwind_cpp_pr2
                0x000000000800ba64        0x8 /home/dqnk/.config/Code - OSS/User/globalStorage/bmd.stm32-for-vscode/@xpack-dev-tools/arm-none-eabi-gcc/10.3.1-2.3.1/.content/bin/../lib/gcc/arm-none-eabi/10.3.1/thumb/v7e-m+fp/hard/libgcc.a(unwind-arm.o)
                0x000000000800ba64                __aeabi_unwind_cpp_pr2
 .text._Unwind_VRS_Pop
                0x000000000800ba6c      0x284 /home/dqnk/.config/Code - OSS/User/globalStorage/bmd.stm32-for-vscode/@xpack-dev-tools/arm-none-eabi-gcc/10.3.1-2.3.1/.content/bin/../lib/gcc/arm-none-eabi/10.3.1/thumb/v7e-m+fp/hard/libgcc.a(unwind-arm.o)
                0x000000000800ba6c                _Unwind_VRS_Pop
 .text.next_unwind_byte
                0x000000000800bcf0       0x38 /home/dqnk/.config/Code - OSS/User/globalStorage/bmd.stm32-for-vscode/@xpack-dev-tools/arm-none-eabi-gcc/10.3.1-2.3.1/.content/bin/../lib/gcc/arm-none-eabi/10.3.1/thumb/v7e-m+fp/hard/libgcc.a(pr-support.o)
 .text.__gnu_unwind_execute
                0x000000000800bd28      0x2ac /home/dqnk/.config/Code - OSS/User/globalStorage/bmd.stm32-for-vscode/@xpack-dev-tools/arm-none-eabi-gcc/10.3.1-2.3.1/.content/bin/../lib/gcc/arm-none-eabi/10.3.1/thumb/v7e-m+fp/hard/libgcc.a(pr-support.o)
                0x000000000800bd28                __gnu_unwind_execute
 *(.glue_7)
 .glue_7        0x000000000800bfd4        0x0 linker stubs
 *(.glue_7t)
 .glue_7t       0x000000000800bfd4        0x0 linker stubs
 *(.eh_frame)
 .eh_frame      0x000000000800bfd4        0x0 /home/dqnk/.config/Code - OSS/User/globalStorage/bmd.stm32-for-vscode/@xpack-dev-tools/arm-none-eabi-gcc/10.3.1-2.3.1/.content/bin/../lib/gcc/arm-none-eabi/10.3.1/thumb/v7e-m+fp/hard/crtbegin.o
 *(.init)
 .init          0x000000000800bfd4        0x4 /home/dqnk/.config/Code - OSS/User/globalStorage/bmd.stm32-for-vscode/@xpack-dev-tools/arm-none-eabi-gcc/10.3.1-2.3.1/.content/bin/../lib/gcc/arm-none-eabi/10.3.1/thumb/v7e-m+fp/hard/crti.o
                0x000000000800bfd4                _init
 .init          0x000000000800bfd8        0x8 /home/dqnk/.config/Code - OSS/User/globalStorage/bmd.stm32-for-vscode/@xpack-dev-tools/arm-none-eabi-gcc/10.3.1-2.3.1/.content/bin/../lib/gcc/arm-none-eabi/10.3.1/thumb/v7e-m+fp/hard/crtn.o
 *(.fini)
 .fini          0x000000000800bfe0        0x4 /home/dqnk/.config/Code - OSS/User/globalStorage/bmd.stm32-for-vscode/@xpack-dev-tools/arm-none-eabi-gcc/10.3.1-2.3.1/.content/bin/../lib/gcc/arm-none-eabi/10.3.1/thumb/v7e-m+fp/hard/crti.o
                0x000000000800bfe0                _fini
 .fini          0x000000000800bfe4        0x8 /home/dqnk/.config/Code - OSS/User/globalStorage/bmd.stm32-for-vscode/@xpack-dev-tools/arm-none-eabi-gcc/10.3.1-2.3.1/.content/bin/../lib/gcc/arm-none-eabi/10.3.1/thumb/v7e-m+fp/hard/crtn.o
                0x000000000800bfec                . = ALIGN (0x4)
                0x000000000800bfec                _etext = .

.vfp11_veneer   0x000000000800bfec        0x0
 .vfp11_veneer  0x000000000800bfec        0x0 linker stubs

.v4_bx          0x000000000800bfec        0x0
 .v4_bx         0x000000000800bfec        0x0 linker stubs

.iplt           0x000000000800bfec        0x0
 .iplt          0x000000000800bfec        0x0 /home/dqnk/.config/Code - OSS/User/globalStorage/bmd.stm32-for-vscode/@xpack-dev-tools/arm-none-eabi-gcc/10.3.1-2.3.1/.content/bin/../lib/gcc/arm-none-eabi/10.3.1/thumb/v7e-m+fp/hard/crtbegin.o

.rodata         0x000000000800bff0      0x438
                0x000000000800bff0                . = ALIGN (0x4)
 *(.rodata)
 .rodata        0x000000000800bff0       0x22 build/bno055.o
 *(.rodata*)
 *fill*         0x000000000800c012        0x2 
 .rodata.main.str1.4
                0x000000000800c014        0xf build/main.o
 *fill*         0x000000000800c023        0x1 
 .rodata.AHBPrescTable
                0x000000000800c024       0x10 build/system_stm32f3xx.o
                0x000000000800c024                AHBPrescTable
 .rodata.APBPrescTable
                0x000000000800c034        0x8 build/system_stm32f3xx.o
                0x000000000800c034                APBPrescTable
 .rodata.aPLLMULFactorTable
                0x000000000800c03c       0x10 build/stm32f3xx_hal_rcc.o
                0x000000000800c03c                aPLLMULFactorTable
 .rodata.aPredivFactorTable
                0x000000000800c04c       0x10 build/stm32f3xx_hal_rcc.o
                0x000000000800c04c                aPredivFactorTable
 .rodata._global_impure_ptr
                0x000000000800c05c        0x4 /home/dqnk/.config/Code - OSS/User/globalStorage/bmd.stm32-for-vscode/@xpack-dev-tools/arm-none-eabi-gcc/10.3.1-2.3.1/.content/bin/../lib/gcc/arm-none-eabi/10.3.1/../../../../arm-none-eabi/lib/thumb/v7e-m+fp/hard/libc.a(lib_a-impure.o)
                0x000000000800c05c                _global_impure_ptr
 .rodata._svfprintf_r.str1.4
                0x000000000800c060       0x42 /home/dqnk/.config/Code - OSS/User/globalStorage/bmd.stm32-for-vscode/@xpack-dev-tools/arm-none-eabi-gcc/10.3.1-2.3.1/.content/bin/../lib/gcc/arm-none-eabi/10.3.1/../../../../arm-none-eabi/lib/thumb/v7e-m+fp/hard/libc.a(lib_a-svfprintf.o)
 *fill*         0x000000000800c0a2        0x2 
 .rodata.blanks.1
                0x000000000800c0a4       0x10 /home/dqnk/.config/Code - OSS/User/globalStorage/bmd.stm32-for-vscode/@xpack-dev-tools/arm-none-eabi-gcc/10.3.1-2.3.1/.content/bin/../lib/gcc/arm-none-eabi/10.3.1/../../../../arm-none-eabi/lib/thumb/v7e-m+fp/hard/libc.a(lib_a-svfprintf.o)
 .rodata.zeroes.0
                0x000000000800c0b4       0x10 /home/dqnk/.config/Code - OSS/User/globalStorage/bmd.stm32-for-vscode/@xpack-dev-tools/arm-none-eabi-gcc/10.3.1-2.3.1/.content/bin/../lib/gcc/arm-none-eabi/10.3.1/../../../../arm-none-eabi/lib/thumb/v7e-m+fp/hard/libc.a(lib_a-svfprintf.o)
 .rodata._dtoa_r.str1.4
                0x000000000800c0c4       0x88 /home/dqnk/.config/Code - OSS/User/globalStorage/bmd.stm32-for-vscode/@xpack-dev-tools/arm-none-eabi-gcc/10.3.1-2.3.1/.content/bin/../lib/gcc/arm-none-eabi/10.3.1/../../../../arm-none-eabi/lib/thumb/v7e-m+fp/hard/libc.a(lib_a-dtoa.o)
                                         0x8c (size before relaxing)
 .rodata._setlocale_r.str1.4
                0x000000000800c14c        0xa /home/dqnk/.config/Code - OSS/User/globalStorage/bmd.stm32-for-vscode/@xpack-dev-tools/arm-none-eabi-gcc/10.3.1-2.3.1/.content/bin/../lib/gcc/arm-none-eabi/10.3.1/../../../../arm-none-eabi/lib/thumb/v7e-m+fp/hard/libc.a(lib_a-locale.o)
                                          0xd (size before relaxing)
 *fill*         0x000000000800c156        0x2 
 .rodata.str1.4
                0x000000000800c158        0x2 /home/dqnk/.config/Code - OSS/User/globalStorage/bmd.stm32-for-vscode/@xpack-dev-tools/arm-none-eabi-gcc/10.3.1-2.3.1/.content/bin/../lib/gcc/arm-none-eabi/10.3.1/../../../../arm-none-eabi/lib/thumb/v7e-m+fp/hard/libc.a(lib_a-locale.o)
 *fill*         0x000000000800c15a        0x2 
 .rodata.__multadd.str1.4
                0x000000000800c15c       0x65 /home/dqnk/.config/Code - OSS/User/globalStorage/bmd.stm32-for-vscode/@xpack-dev-tools/arm-none-eabi-gcc/10.3.1-2.3.1/.content/bin/../lib/gcc/arm-none-eabi/10.3.1/../../../../arm-none-eabi/lib/thumb/v7e-m+fp/hard/libc.a(lib_a-mprec.o)
                                         0x79 (size before relaxing)
 *fill*         0x000000000800c1c1        0x7 
 .rodata.__mprec_bigtens
                0x000000000800c1c8       0x28 /home/dqnk/.config/Code - OSS/User/globalStorage/bmd.stm32-for-vscode/@xpack-dev-tools/arm-none-eabi-gcc/10.3.1-2.3.1/.content/bin/../lib/gcc/arm-none-eabi/10.3.1/../../../../arm-none-eabi/lib/thumb/v7e-m+fp/hard/libc.a(lib_a-mprec.o)
                0x000000000800c1c8                __mprec_bigtens
 .rodata.__mprec_tens
                0x000000000800c1f0       0xc8 /home/dqnk/.config/Code - OSS/User/globalStorage/bmd.stm32-for-vscode/@xpack-dev-tools/arm-none-eabi-gcc/10.3.1-2.3.1/.content/bin/../lib/gcc/arm-none-eabi/10.3.1/../../../../arm-none-eabi/lib/thumb/v7e-m+fp/hard/libc.a(lib_a-mprec.o)
                0x000000000800c1f0                __mprec_tens
 .rodata.p05.0  0x000000000800c2b8        0xc /home/dqnk/.config/Code - OSS/User/globalStorage/bmd.stm32-for-vscode/@xpack-dev-tools/arm-none-eabi-gcc/10.3.1-2.3.1/.content/bin/../lib/gcc/arm-none-eabi/10.3.1/../../../../arm-none-eabi/lib/thumb/v7e-m+fp/hard/libc.a(lib_a-mprec.o)
 .rodata.__assert_func.str1.4
                0x000000000800c2c4       0x3f /home/dqnk/.config/Code - OSS/User/globalStorage/bmd.stm32-for-vscode/@xpack-dev-tools/arm-none-eabi-gcc/10.3.1-2.3.1/.content/bin/../lib/gcc/arm-none-eabi/10.3.1/../../../../arm-none-eabi/lib/thumb/v7e-m+fp/hard/libc.a(lib_a-assert.o)
                                         0x43 (size before relaxing)
 *fill*         0x000000000800c303        0x1 
 .rodata._ctype_
                0x000000000800c304      0x101 /home/dqnk/.config/Code - OSS/User/globalStorage/bmd.stm32-for-vscode/@xpack-dev-tools/arm-none-eabi-gcc/10.3.1-2.3.1/.content/bin/../lib/gcc/arm-none-eabi/10.3.1/../../../../arm-none-eabi/lib/thumb/v7e-m+fp/hard/libc.a(lib_a-ctype_.o)
                0x000000000800c304                _ctype_
 .rodata._vfiprintf_r.str1.4
                0x000000000800c405       0x2f /home/dqnk/.config/Code - OSS/User/globalStorage/bmd.stm32-for-vscode/@xpack-dev-tools/arm-none-eabi-gcc/10.3.1-2.3.1/.content/bin/../lib/gcc/arm-none-eabi/10.3.1/../../../../arm-none-eabi/lib/thumb/v7e-m+fp/hard/libc.a(lib_a-vfiprintf.o)
 *fill*         0x000000000800c405        0x3 
 .rodata.blanks.1
                0x000000000800c408       0x10 /home/dqnk/.config/Code - OSS/User/globalStorage/bmd.stm32-for-vscode/@xpack-dev-tools/arm-none-eabi-gcc/10.3.1-2.3.1/.content/bin/../lib/gcc/arm-none-eabi/10.3.1/../../../../arm-none-eabi/lib/thumb/v7e-m+fp/hard/libc.a(lib_a-vfiprintf.o)
 .rodata.zeroes.0
                0x000000000800c418       0x10 /home/dqnk/.config/Code - OSS/User/globalStorage/bmd.stm32-for-vscode/@xpack-dev-tools/arm-none-eabi-gcc/10.3.1-2.3.1/.content/bin/../lib/gcc/arm-none-eabi/10.3.1/../../../../arm-none-eabi/lib/thumb/v7e-m+fp/hard/libc.a(lib_a-vfiprintf.o)
                0x000000000800c428                . = ALIGN (0x4)

.ARM.extab      0x000000000800c428       0x54
 *(.ARM.extab* .gnu.linkonce.armextab.*)
 .ARM.extab.text.snprintf
                0x000000000800c428        0xc /home/dqnk/.config/Code - OSS/User/globalStorage/bmd.stm32-for-vscode/@xpack-dev-tools/arm-none-eabi-gcc/10.3.1-2.3.1/.content/bin/../lib/gcc/arm-none-eabi/10.3.1/../../../../arm-none-eabi/lib/thumb/v7e-m+fp/hard/libc.a(lib_a-snprintf.o)
 .ARM.extab.text._svfprintf_r
                0x000000000800c434        0xc /home/dqnk/.config/Code - OSS/User/globalStorage/bmd.stm32-for-vscode/@xpack-dev-tools/arm-none-eabi-gcc/10.3.1-2.3.1/.content/bin/../lib/gcc/arm-none-eabi/10.3.1/../../../../arm-none-eabi/lib/thumb/v7e-m+fp/hard/libc.a(lib_a-svfprintf.o)
 .ARM.extab.text._dtoa_r
                0x000000000800c440        0xc /home/dqnk/.config/Code - OSS/User/globalStorage/bmd.stm32-for-vscode/@xpack-dev-tools/arm-none-eabi-gcc/10.3.1-2.3.1/.content/bin/../lib/gcc/arm-none-eabi/10.3.1/../../../../arm-none-eabi/lib/thumb/v7e-m+fp/hard/libc.a(lib_a-dtoa.o)
 .ARM.extab.text.fiprintf
                0x000000000800c44c        0xc /home/dqnk/.config/Code - OSS/User/globalStorage/bmd.stm32-for-vscode/@xpack-dev-tools/arm-none-eabi-gcc/10.3.1-2.3.1/.content/bin/../lib/gcc/arm-none-eabi/10.3.1/../../../../arm-none-eabi/lib/thumb/v7e-m+fp/hard/libc.a(lib_a-fiprintf.o)
 .ARM.extab.text._vfiprintf_r
                0x000000000800c458        0xc /home/dqnk/.config/Code - OSS/User/globalStorage/bmd.stm32-for-vscode/@xpack-dev-tools/arm-none-eabi-gcc/10.3.1-2.3.1/.content/bin/../lib/gcc/arm-none-eabi/10.3.1/../../../../arm-none-eabi/lib/thumb/v7e-m+fp/hard/libc.a(lib_a-vfiprintf.o)
 .ARM.extab.text.__sbprintf
                0x000000000800c464        0xc /home/dqnk/.config/Code - OSS/User/globalStorage/bmd.stm32-for-vscode/@xpack-dev-tools/arm-none-eabi-gcc/10.3.1-2.3.1/.content/bin/../lib/gcc/arm-none-eabi/10.3.1/../../../../arm-none-eabi/lib/thumb/v7e-m+fp/hard/libc.a(lib_a-vfiprintf.o)
 .ARM.extab.text.abort
                0x000000000800c470        0xc /home/dqnk/.config/Code - OSS/User/globalStorage/bmd.stm32-for-vscode/@xpack-dev-tools/arm-none-eabi-gcc/10.3.1-2.3.1/.content/bin/../lib/gcc/arm-none-eabi/10.3.1/../../../../arm-none-eabi/lib/thumb/v7e-m+fp/hard/libc.a(lib_a-abort.o)

.ARM            0x000000000800c47c      0x270
                0x000000000800c47c                __exidx_start = .
 *(.ARM.exidx*)
 .ARM.exidx.text.__errno
                0x000000000800c47c        0x8 /home/dqnk/.config/Code - OSS/User/globalStorage/bmd.stm32-for-vscode/@xpack-dev-tools/arm-none-eabi-gcc/10.3.1-2.3.1/.content/bin/../lib/gcc/arm-none-eabi/10.3.1/../../../../arm-none-eabi/lib/thumb/v7e-m+fp/hard/libc.a(lib_a-errno.o)
 .ARM.exidx.text.__libc_init_array
                0x000000000800c484        0x8 /home/dqnk/.config/Code - OSS/User/globalStorage/bmd.stm32-for-vscode/@xpack-dev-tools/arm-none-eabi-gcc/10.3.1-2.3.1/.content/bin/../lib/gcc/arm-none-eabi/10.3.1/../../../../arm-none-eabi/lib/thumb/v7e-m+fp/hard/libc.a(lib_a-init.o)
 .ARM.exidx.text.memset
                0x000000000800c48c        0x8 /home/dqnk/.config/Code - OSS/User/globalStorage/bmd.stm32-for-vscode/@xpack-dev-tools/arm-none-eabi-gcc/10.3.1-2.3.1/.content/bin/../lib/gcc/arm-none-eabi/10.3.1/../../../../arm-none-eabi/lib/thumb/v7e-m+fp/hard/libc.a(lib_a-memset.o)
 .ARM.exidx.text.snprintf
                0x000000000800c494        0x8 /home/dqnk/.config/Code - OSS/User/globalStorage/bmd.stm32-for-vscode/@xpack-dev-tools/arm-none-eabi-gcc/10.3.1-2.3.1/.content/bin/../lib/gcc/arm-none-eabi/10.3.1/../../../../arm-none-eabi/lib/thumb/v7e-m+fp/hard/libc.a(lib_a-snprintf.o)
 .ARM.exidx.text._svfprintf_r
                0x000000000800c49c        0x8 /home/dqnk/.config/Code - OSS/User/globalStorage/bmd.stm32-for-vscode/@xpack-dev-tools/arm-none-eabi-gcc/10.3.1-2.3.1/.content/bin/../lib/gcc/arm-none-eabi/10.3.1/../../../../arm-none-eabi/lib/thumb/v7e-m+fp/hard/libc.a(lib_a-svfprintf.o)
 .ARM.exidx.text.startup.register_fini
                0x000000000800c4a4        0x8 /home/dqnk/.config/Code - OSS/User/globalStorage/bmd.stm32-for-vscode/@xpack-dev-tools/arm-none-eabi-gcc/10.3.1-2.3.1/.content/bin/../lib/gcc/arm-none-eabi/10.3.1/../../../../arm-none-eabi/lib/thumb/v7e-m+fp/hard/libc.a(lib_a-__call_atexit.o)
 .ARM.exidx.text.quorem
                0x000000000800c4ac        0x8 /home/dqnk/.config/Code - OSS/User/globalStorage/bmd.stm32-for-vscode/@xpack-dev-tools/arm-none-eabi-gcc/10.3.1-2.3.1/.content/bin/../lib/gcc/arm-none-eabi/10.3.1/../../../../arm-none-eabi/lib/thumb/v7e-m+fp/hard/libc.a(lib_a-dtoa.o)
 .ARM.exidx.text._dtoa_r
                0x000000000800c4b4        0x8 /home/dqnk/.config/Code - OSS/User/globalStorage/bmd.stm32-for-vscode/@xpack-dev-tools/arm-none-eabi-gcc/10.3.1-2.3.1/.content/bin/../lib/gcc/arm-none-eabi/10.3.1/../../../../arm-none-eabi/lib/thumb/v7e-m+fp/hard/libc.a(lib_a-dtoa.o)
 .ARM.exidx.text.__libc_fini_array
                0x000000000800c4bc        0x8 /home/dqnk/.config/Code - OSS/User/globalStorage/bmd.stm32-for-vscode/@xpack-dev-tools/arm-none-eabi-gcc/10.3.1-2.3.1/.content/bin/../lib/gcc/arm-none-eabi/10.3.1/../../../../arm-none-eabi/lib/thumb/v7e-m+fp/hard/libc.a(lib_a-fini.o)
 .ARM.exidx.text._malloc_trim_r
                0x000000000800c4c4        0x8 /home/dqnk/.config/Code - OSS/User/globalStorage/bmd.stm32-for-vscode/@xpack-dev-tools/arm-none-eabi-gcc/10.3.1-2.3.1/.content/bin/../lib/gcc/arm-none-eabi/10.3.1/../../../../arm-none-eabi/lib/thumb/v7e-m+fp/hard/libc.a(lib_a-freer.o)
 .ARM.exidx.text._free_r
                0x000000000800c4cc        0x0 /home/dqnk/.config/Code - OSS/User/globalStorage/bmd.stm32-for-vscode/@xpack-dev-tools/arm-none-eabi-gcc/10.3.1-2.3.1/.content/bin/../lib/gcc/arm-none-eabi/10.3.1/../../../../arm-none-eabi/lib/thumb/v7e-m+fp/hard/libc.a(lib_a-freer.o)
                                          0x8 (size before relaxing)
 .ARM.exidx.text._localeconv_r
                0x000000000800c4cc        0x8 /home/dqnk/.config/Code - OSS/User/globalStorage/bmd.stm32-for-vscode/@xpack-dev-tools/arm-none-eabi-gcc/10.3.1-2.3.1/.content/bin/../lib/gcc/arm-none-eabi/10.3.1/../../../../arm-none-eabi/lib/thumb/v7e-m+fp/hard/libc.a(lib_a-localeconv.o)
 .ARM.exidx.text.__locale_mb_cur_max
                0x000000000800c4d4        0x0 /home/dqnk/.config/Code - OSS/User/globalStorage/bmd.stm32-for-vscode/@xpack-dev-tools/arm-none-eabi-gcc/10.3.1-2.3.1/.content/bin/../lib/gcc/arm-none-eabi/10.3.1/../../../../arm-none-eabi/lib/thumb/v7e-m+fp/hard/libc.a(lib_a-locale.o)
                                          0x8 (size before relaxing)
 .ARM.exidx.text.__retarget_lock_init_recursive
                0x000000000800c4d4        0x0 /home/dqnk/.config/Code - OSS/User/globalStorage/bmd.stm32-for-vscode/@xpack-dev-tools/arm-none-eabi-gcc/10.3.1-2.3.1/.content/bin/../lib/gcc/arm-none-eabi/10.3.1/../../../../arm-none-eabi/lib/thumb/v7e-m+fp/hard/libc.a(lib_a-lock.o)
                                          0x8 (size before relaxing)
 .ARM.exidx.text.__retarget_lock_close_recursive
                0x000000000800c4d4        0x0 /home/dqnk/.config/Code - OSS/User/globalStorage/bmd.stm32-for-vscode/@xpack-dev-tools/arm-none-eabi-gcc/10.3.1-2.3.1/.content/bin/../lib/gcc/arm-none-eabi/10.3.1/../../../../arm-none-eabi/lib/thumb/v7e-m+fp/hard/libc.a(lib_a-lock.o)
                                          0x8 (size before relaxing)
 .ARM.exidx.text.__retarget_lock_acquire_recursive
                0x000000000800c4d4        0x0 /home/dqnk/.config/Code - OSS/User/globalStorage/bmd.stm32-for-vscode/@xpack-dev-tools/arm-none-eabi-gcc/10.3.1-2.3.1/.content/bin/../lib/gcc/arm-none-eabi/10.3.1/../../../../arm-none-eabi/lib/thumb/v7e-m+fp/hard/libc.a(lib_a-lock.o)
                                          0x8 (size before relaxing)
 .ARM.exidx.text.__retarget_lock_release_recursive
                0x000000000800c4d4        0x0 /home/dqnk/.config/Code - OSS/User/globalStorage/bmd.stm32-for-vscode/@xpack-dev-tools/arm-none-eabi-gcc/10.3.1-2.3.1/.content/bin/../lib/gcc/arm-none-eabi/10.3.1/../../../../arm-none-eabi/lib/thumb/v7e-m+fp/hard/libc.a(lib_a-lock.o)
                                          0x8 (size before relaxing)
 .ARM.exidx.text._malloc_r
                0x000000000800c4d4        0x8 /home/dqnk/.config/Code - OSS/User/globalStorage/bmd.stm32-for-vscode/@xpack-dev-tools/arm-none-eabi-gcc/10.3.1-2.3.1/.content/bin/../lib/gcc/arm-none-eabi/10.3.1/../../../../arm-none-eabi/lib/thumb/v7e-m+fp/hard/libc.a(lib_a-mallocr.o)
 .ARM.exidx.text.__ascii_mbtowc
                0x000000000800c4dc        0x8 /home/dqnk/.config/Code - OSS/User/globalStorage/bmd.stm32-for-vscode/@xpack-dev-tools/arm-none-eabi-gcc/10.3.1-2.3.1/.content/bin/../lib/gcc/arm-none-eabi/10.3.1/../../../../arm-none-eabi/lib/thumb/v7e-m+fp/hard/libc.a(lib_a-mbtowc_r.o)
 .ARM.exidx.text.__malloc_lock
                0x000000000800c4e4        0x0 /home/dqnk/.config/Code - OSS/User/globalStorage/bmd.stm32-for-vscode/@xpack-dev-tools/arm-none-eabi-gcc/10.3.1-2.3.1/.content/bin/../lib/gcc/arm-none-eabi/10.3.1/../../../../arm-none-eabi/lib/thumb/v7e-m+fp/hard/libc.a(lib_a-mlock.o)
                                          0x8 (size before relaxing)
 .ARM.exidx.text.__malloc_unlock
                0x000000000800c4e4        0x0 /home/dqnk/.config/Code - OSS/User/globalStorage/bmd.stm32-for-vscode/@xpack-dev-tools/arm-none-eabi-gcc/10.3.1-2.3.1/.content/bin/../lib/gcc/arm-none-eabi/10.3.1/../../../../arm-none-eabi/lib/thumb/v7e-m+fp/hard/libc.a(lib_a-mlock.o)
                                          0x8 (size before relaxing)
 .ARM.exidx.text._Balloc
                0x000000000800c4e4        0x8 /home/dqnk/.config/Code - OSS/User/globalStorage/bmd.stm32-for-vscode/@xpack-dev-tools/arm-none-eabi-gcc/10.3.1-2.3.1/.content/bin/../lib/gcc/arm-none-eabi/10.3.1/../../../../arm-none-eabi/lib/thumb/v7e-m+fp/hard/libc.a(lib_a-mprec.o)
 .ARM.exidx.text._Bfree
                0x000000000800c4ec        0x8 /home/dqnk/.config/Code - OSS/User/globalStorage/bmd.stm32-for-vscode/@xpack-dev-tools/arm-none-eabi-gcc/10.3.1-2.3.1/.content/bin/../lib/gcc/arm-none-eabi/10.3.1/../../../../arm-none-eabi/lib/thumb/v7e-m+fp/hard/libc.a(lib_a-mprec.o)
 .ARM.exidx.text.__multadd
                0x000000000800c4f4        0x8 /home/dqnk/.config/Code - OSS/User/globalStorage/bmd.stm32-for-vscode/@xpack-dev-tools/arm-none-eabi-gcc/10.3.1-2.3.1/.content/bin/../lib/gcc/arm-none-eabi/10.3.1/../../../../arm-none-eabi/lib/thumb/v7e-m+fp/hard/libc.a(lib_a-mprec.o)
 .ARM.exidx.text.__hi0bits
                0x000000000800c4fc        0x8 /home/dqnk/.config/Code - OSS/User/globalStorage/bmd.stm32-for-vscode/@xpack-dev-tools/arm-none-eabi-gcc/10.3.1-2.3.1/.content/bin/../lib/gcc/arm-none-eabi/10.3.1/../../../../arm-none-eabi/lib/thumb/v7e-m+fp/hard/libc.a(lib_a-mprec.o)
 .ARM.exidx.text.__lo0bits
                0x000000000800c504        0x0 /home/dqnk/.config/Code - OSS/User/globalStorage/bmd.stm32-for-vscode/@xpack-dev-tools/arm-none-eabi-gcc/10.3.1-2.3.1/.content/bin/../lib/gcc/arm-none-eabi/10.3.1/../../../../arm-none-eabi/lib/thumb/v7e-m+fp/hard/libc.a(lib_a-mprec.o)
                                          0x8 (size before relaxing)
 .ARM.exidx.text.__i2b
                0x000000000800c504        0x8 /home/dqnk/.config/Code - OSS/User/globalStorage/bmd.stm32-for-vscode/@xpack-dev-tools/arm-none-eabi-gcc/10.3.1-2.3.1/.content/bin/../lib/gcc/arm-none-eabi/10.3.1/../../../../arm-none-eabi/lib/thumb/v7e-m+fp/hard/libc.a(lib_a-mprec.o)
 .ARM.exidx.text.__multiply
                0x000000000800c50c        0x8 /home/dqnk/.config/Code - OSS/User/globalStorage/bmd.stm32-for-vscode/@xpack-dev-tools/arm-none-eabi-gcc/10.3.1-2.3.1/.content/bin/../lib/gcc/arm-none-eabi/10.3.1/../../../../arm-none-eabi/lib/thumb/v7e-m+fp/hard/libc.a(lib_a-mprec.o)
 .ARM.exidx.text.__pow5mult
                0x000000000800c514        0x8 /home/dqnk/.config/Code - OSS/User/globalStorage/bmd.stm32-for-vscode/@xpack-dev-tools/arm-none-eabi-gcc/10.3.1-2.3.1/.content/bin/../lib/gcc/arm-none-eabi/10.3.1/../../../../arm-none-eabi/lib/thumb/v7e-m+fp/hard/libc.a(lib_a-mprec.o)
 .ARM.exidx.text.__lshift
                0x000000000800c51c        0x8 /home/dqnk/.config/Code - OSS/User/globalStorage/bmd.stm32-for-vscode/@xpack-dev-tools/arm-none-eabi-gcc/10.3.1-2.3.1/.content/bin/../lib/gcc/arm-none-eabi/10.3.1/../../../../arm-none-eabi/lib/thumb/v7e-m+fp/hard/libc.a(lib_a-mprec.o)
 .ARM.exidx.text.__mcmp
                0x000000000800c524        0x8 /home/dqnk/.config/Code - OSS/User/globalStorage/bmd.stm32-for-vscode/@xpack-dev-tools/arm-none-eabi-gcc/10.3.1-2.3.1/.content/bin/../lib/gcc/arm-none-eabi/10.3.1/../../../../arm-none-eabi/lib/thumb/v7e-m+fp/hard/libc.a(lib_a-mprec.o)
 .ARM.exidx.text.__mdiff
                0x000000000800c52c        0x8 /home/dqnk/.config/Code - OSS/User/globalStorage/bmd.stm32-for-vscode/@xpack-dev-tools/arm-none-eabi-gcc/10.3.1-2.3.1/.content/bin/../lib/gcc/arm-none-eabi/10.3.1/../../../../arm-none-eabi/lib/thumb/v7e-m+fp/hard/libc.a(lib_a-mprec.o)
 .ARM.exidx.text.__d2b
                0x000000000800c534        0x8 /home/dqnk/.config/Code - OSS/User/globalStorage/bmd.stm32-for-vscode/@xpack-dev-tools/arm-none-eabi-gcc/10.3.1-2.3.1/.content/bin/../lib/gcc/arm-none-eabi/10.3.1/../../../../arm-none-eabi/lib/thumb/v7e-m+fp/hard/libc.a(lib_a-mprec.o)
 .ARM.exidx.text._sbrk_r
                0x000000000800c53c        0x8 /home/dqnk/.config/Code - OSS/User/globalStorage/bmd.stm32-for-vscode/@xpack-dev-tools/arm-none-eabi-gcc/10.3.1-2.3.1/.content/bin/../lib/gcc/arm-none-eabi/10.3.1/../../../../arm-none-eabi/lib/thumb/v7e-m+fp/hard/libc.a(lib_a-sbrkr.o)
 .ARM.exidx.text.frexp
                0x000000000800c544        0x8 /home/dqnk/.config/Code - OSS/User/globalStorage/bmd.stm32-for-vscode/@xpack-dev-tools/arm-none-eabi-gcc/10.3.1-2.3.1/.content/bin/../lib/gcc/arm-none-eabi/10.3.1/../../../../arm-none-eabi/lib/thumb/v7e-m+fp/hard/libc.a(lib_a-s_frexp.o)
 .ARM.exidx.text.strncpy
                0x000000000800c54c        0x0 /home/dqnk/.config/Code - OSS/User/globalStorage/bmd.stm32-for-vscode/@xpack-dev-tools/arm-none-eabi-gcc/10.3.1-2.3.1/.content/bin/../lib/gcc/arm-none-eabi/10.3.1/../../../../arm-none-eabi/lib/thumb/v7e-m+fp/hard/libc.a(lib_a-strncpy.o)
                                          0x8 (size before relaxing)
 .ARM.exidx.text.__ssprint_r