Archive member included to satisfy reference by file (symbol)

/usr/lib/gcc/arm-none-eabi/9.2.1/../../../arm-none-eabi/lib/thumb/v7e-m+fp/hard/libc.a(lib_a-atexit.o)
                              /usr/lib/gcc/arm-none-eabi/9.2.1/../../../arm-none-eabi/lib/thumb/v7e-m+fp/hard/crt0.o (atexit)
/usr/lib/gcc/arm-none-eabi/9.2.1/../../../arm-none-eabi/lib/thumb/v7e-m+fp/hard/libc.a(lib_a-errno.o)
                              build/syscalls.o (__errno)
/usr/lib/gcc/arm-none-eabi/9.2.1/../../../arm-none-eabi/lib/thumb/v7e-m+fp/hard/libc.a(lib_a-exit.o)
                              /usr/lib/gcc/arm-none-eabi/9.2.1/../../../arm-none-eabi/lib/thumb/v7e-m+fp/hard/crt0.o (exit)
/usr/lib/gcc/arm-none-eabi/9.2.1/../../../arm-none-eabi/lib/thumb/v7e-m+fp/hard/libc.a(lib_a-fini.o)
                              /usr/lib/gcc/arm-none-eabi/9.2.1/../../../arm-none-eabi/lib/thumb/v7e-m+fp/hard/crt0.o (__libc_fini_array)
/usr/lib/gcc/arm-none-eabi/9.2.1/../../../arm-none-eabi/lib/thumb/v7e-m+fp/hard/libc.a(lib_a-impure.o)
                              /usr/lib/gcc/arm-none-eabi/9.2.1/../../../arm-none-eabi/lib/thumb/v7e-m+fp/hard/libc.a(lib_a-exit.o) (_global_impure_ptr)
/usr/lib/gcc/arm-none-eabi/9.2.1/../../../arm-none-eabi/lib/thumb/v7e-m+fp/hard/libc.a(lib_a-init.o)
                              /usr/lib/gcc/arm-none-eabi/9.2.1/../../../arm-none-eabi/lib/thumb/v7e-m+fp/hard/crt0.o (__libc_init_array)
/usr/lib/gcc/arm-none-eabi/9.2.1/../../../arm-none-eabi/lib/thumb/v7e-m+fp/hard/libc.a(lib_a-memset.o)
                              /usr/lib/gcc/arm-none-eabi/9.2.1/../../../arm-none-eabi/lib/thumb/v7e-m+fp/hard/crt0.o (memset)
/usr/lib/gcc/arm-none-eabi/9.2.1/../../../arm-none-eabi/lib/thumb/v7e-m+fp/hard/libc.a(lib_a-snprintf.o)
                              build/main.o (snprintf)
/usr/lib/gcc/arm-none-eabi/9.2.1/../../../arm-none-eabi/lib/thumb/v7e-m+fp/hard/libc.a(lib_a-svfprintf.o)
                              /usr/lib/gcc/arm-none-eabi/9.2.1/../../../arm-none-eabi/lib/thumb/v7e-m+fp/hard/libc.a(lib_a-snprintf.o) (_svfprintf_r)
/usr/lib/gcc/arm-none-eabi/9.2.1/../../../arm-none-eabi/lib/thumb/v7e-m+fp/hard/libc.a(lib_a-__atexit.o)
                              /usr/lib/gcc/arm-none-eabi/9.2.1/../../../arm-none-eabi/lib/thumb/v7e-m+fp/hard/libc.a(lib_a-atexit.o) (__register_exitproc)
/usr/lib/gcc/arm-none-eabi/9.2.1/../../../arm-none-eabi/lib/thumb/v7e-m+fp/hard/libc.a(lib_a-__call_atexit.o)
                              /usr/lib/gcc/arm-none-eabi/9.2.1/../../../arm-none-eabi/lib/thumb/v7e-m+fp/hard/libc.a(lib_a-exit.o) (__call_exitprocs)
/usr/lib/gcc/arm-none-eabi/9.2.1/../../../arm-none-eabi/lib/thumb/v7e-m+fp/hard/libc.a(lib_a-dtoa.o)
                              /usr/lib/gcc/arm-none-eabi/9.2.1/../../../arm-none-eabi/lib/thumb/v7e-m+fp/hard/libc.a(lib_a-svfprintf.o) (_dtoa_r)
/usr/lib/gcc/arm-none-eabi/9.2.1/../../../arm-none-eabi/lib/thumb/v7e-m+fp/hard/libc.a(lib_a-localeconv.o)
                              /usr/lib/gcc/arm-none-eabi/9.2.1/../../../arm-none-eabi/lib/thumb/v7e-m+fp/hard/libc.a(lib_a-svfprintf.o) (_localeconv_r)
/usr/lib/gcc/arm-none-eabi/9.2.1/../../../arm-none-eabi/lib/thumb/v7e-m+fp/hard/libc.a(lib_a-mallocr.o)
                              /usr/lib/gcc/arm-none-eabi/9.2.1/../../../arm-none-eabi/lib/thumb/v7e-m+fp/hard/libc.a(lib_a-svfprintf.o) (_malloc_r)
/usr/lib/gcc/arm-none-eabi/9.2.1/../../../arm-none-eabi/lib/thumb/v7e-m+fp/hard/libc.a(lib_a-memchr.o)
                              /usr/lib/gcc/arm-none-eabi/9.2.1/../../../arm-none-eabi/lib/thumb/v7e-m+fp/hard/libc.a(lib_a-svfprintf.o) (memchr)
/usr/lib/gcc/arm-none-eabi/9.2.1/../../../arm-none-eabi/lib/thumb/v7e-m+fp/hard/libc.a(lib_a-memcpy.o)
                              /usr/lib/gcc/arm-none-eabi/9.2.1/../../../arm-none-eabi/lib/thumb/v7e-m+fp/hard/libc.a(lib_a-dtoa.o) (memcpy)
/usr/lib/gcc/arm-none-eabi/9.2.1/../../../arm-none-eabi/lib/thumb/v7e-m+fp/hard/libc.a(lib_a-mlock.o)
                              /usr/lib/gcc/arm-none-eabi/9.2.1/../../../arm-none-eabi/lib/thumb/v7e-m+fp/hard/libc.a(lib_a-mallocr.o) (__malloc_lock)
/usr/lib/gcc/arm-none-eabi/9.2.1/../../../arm-none-eabi/lib/thumb/v7e-m+fp/hard/libc.a(lib_a-mprec.o)
                              /usr/lib/gcc/arm-none-eabi/9.2.1/../../../arm-none-eabi/lib/thumb/v7e-m+fp/hard/libc.a(lib_a-dtoa.o) (_Balloc)
/usr/lib/gcc/arm-none-eabi/9.2.1/../../../arm-none-eabi/lib/thumb/v7e-m+fp/hard/libc.a(lib_a-sbrkr.o)
                              /usr/lib/gcc/arm-none-eabi/9.2.1/../../../arm-none-eabi/lib/thumb/v7e-m+fp/hard/libc.a(lib_a-mallocr.o) (_sbrk_r)
/usr/lib/gcc/arm-none-eabi/9.2.1/../../../arm-none-eabi/lib/thumb/v7e-m+fp/hard/libc.a(lib_a-strlen.o)
                              /usr/lib/gcc/arm-none-eabi/9.2.1/../../../arm-none-eabi/lib/thumb/v7e-m+fp/hard/libc.a(lib_a-svfprintf.o) (strlen)
/usr/lib/gcc/arm-none-eabi/9.2.1/../../../arm-none-eabi/lib/thumb/v7e-m+fp/hard/libc.a(lib_a-svfiprintf.o)
[...]
Memory Configuration

Name             Origin             Length             Attributes
RAM              0x0000000020000000 0x0000000000003000 xrw
CCMRAM           0x0000000010000000 0x0000000000001000 xrw
FLASH            0x0000000008000000 0x0000000000010000 xr
*default*        0x0000000000000000 0xffffffffffffffff

Linker script and memory map

LOAD /usr/lib/gcc/arm-none-eabi/9.2.1/thumb/v7e-m+fp/hard/crti.o
LOAD /usr/lib/gcc/arm-none-eabi/9.2.1/thumb/v7e-m+fp/hard/crtbegin.o
LOAD /usr/lib/gcc/arm-none-eabi/9.2.1/../../../arm-none-eabi/lib/thumb/v7e-m+fp/hard/crt0.o
LOAD build/bno055.o
LOAD build/bno055_support.o
LOAD build/main.o
LOAD build/stm32f3xx_hal_msp.o
LOAD build/stm32f3xx_it.o
LOAD build/syscalls.o
LOAD build/sysmem.o
LOAD build/system_stm32f3xx.o
LOAD build/stm32f3xx_hal.o
LOAD build/stm32f3xx_hal_adc.o
LOAD build/stm32f3xx_hal_adc_ex.o
LOAD build/stm32f3xx_hal_cortex.o
LOAD build/stm32f3xx_hal_dma.o
LOAD build/stm32f3xx_hal_exti.o
LOAD build/stm32f3xx_hal_flash.o
LOAD build/stm32f3xx_hal_flash_ex.o
LOAD build/stm32f3xx_hal_gpio.o
LOAD build/stm32f3xx_hal_i2c.o
LOAD build/stm32f3xx_hal_i2c_ex.o
LOAD build/stm32f3xx_hal_pwr.o
LOAD build/stm32f3xx_hal_pwr_ex.o
LOAD build/stm32f3xx_hal_rcc.o
LOAD build/stm32f3xx_hal_rcc_ex.o
LOAD build/stm32f3xx_hal_tim.o
LOAD build/stm32f3xx_hal_tim_ex.o
LOAD build/stm32f3xx_hal_uart.o
LOAD build/stm32f3xx_hal_uart_ex.o
LOAD build/startup_stm32f303x8.o
LOAD /usr/lib/gcc/arm-none-eabi/9.2.1/../../../arm-none-eabi/lib/thumb/v7e-m+fp/hard/libc.a
LOAD /usr/lib/gcc/arm-none-eabi/9.2.1/../../../arm-none-eabi/lib/thumb/v7e-m+fp/hard/libm.a
LOAD /usr/lib/gcc/arm-none-eabi/9.2.1/../../../arm-none-eabi/lib/thumb/v7e-m+fp/hard/libnosys.a
START GROUP
LOAD /usr/lib/gcc/arm-none-eabi/9.2.1/thumb/v7e-m+fp/hard/libgcc.a
LOAD /usr/lib/gcc/arm-none-eabi/9.2.1/../../../arm-none-eabi/lib/thumb/v7e-m+fp/hard/libc.a
END GROUP
START GROUP
LOAD /usr/lib/gcc/arm-none-eabi/9.2.1/thumb/v7e-m+fp/hard/libgcc.a
LOAD /usr/lib/gcc/arm-none-eabi/9.2.1/../../../arm-none-eabi/lib/thumb/v7e-m+fp/hard/libc.a
LOAD /usr/lib/gcc/arm-none-eabi/9.2.1/../../../arm-none-eabi/lib/thumb/v7e-m+fp/hard/libnosys.a
END GROUP
LOAD /usr/lib/gcc/arm-none-eabi/9.2.1/thumb/v7e-m+fp/hard/crtend.o
LOAD /usr/lib/gcc/arm-none-eabi/9.2.1/thumb/v7e-m+fp/hard/crtn.o
                0x0000000020003000                _estack = 0x20003000
                0x0000000000000200                _Min_Heap_Size = 0x200
                0x0000000000000400                _Min_Stack_Size = 0x400

.isr_vector     0x0000000008000000      0x188
                0x0000000008000000                . = ALIGN (0x4)
 *(.isr_vector)
 .isr_vector    0x0000000008000000      0x188 build/startup_stm32f303x8.o
                0x0000000008000000                g_pfnVectors
                0x0000000008000188                . = ALIGN (0x4)

.text           0x00000000080001c0     0xb828
                0x00000000080001c0                . = ALIGN (0x4)
 *(.text)
 .text          0x00000000080001c0       0x88 /usr/lib/gcc/arm-none-eabi/9.2.1/thumb/v7e-m+fp/hard/crtbegin.o
 .text          0x0000000008000248        0xc /usr/lib/gcc/arm-none-eabi/9.2.1/../../../arm-none-eabi/lib/thumb/v7e-m+fp/hard/libc.a(lib_a-atexit.o)
                0x0000000008000248                atexit
 .text          0x0000000008000254        0xc /usr/lib/gcc/arm-none-eabi/9.2.1/../../../arm-none-eabi/lib/thumb/v7e-m+fp/hard/libc.a(lib_a-errno.o)
                0x0000000008000254                __errno
 .text          0x0000000008000260       0x34 /usr/lib/gcc/arm-none-eabi/9.2.1/../../../arm-none-eabi/lib/thumb/v7e-m+fp/hard/libc.a(lib_a-fini.o)
                0x0000000008000260                __libc_fini_array
 .text          0x0000000008000294       0x48 /usr/lib/gcc/arm-none-eabi/9.2.1/../../../arm-none-eabi/lib/thumb/v7e-m+fp/hard/libc.a(lib_a-init.o)
                0x0000000008000294                __libc_init_array
 .text          0x00000000080002dc       0xa0 /usr/lib/gcc/arm-none-eabi/9.2.1/../../../arm-none-eabi/lib/thumb/v7e-m+fp/hard/libc.a(lib_a-memset.o)
                0x00000000080002dc                memset
 .text          0x000000000800037c      0x110 /usr/lib/gcc/arm-none-eabi/9.2.1/../../../arm-none-eabi/lib/thumb/v7e-m+fp/hard/libc.a(lib_a-snprintf.o)
                0x000000000800037c                _snprintf_r
                0x0000000008000400                snprintf
 *fill*         0x000000000800048c        0x4 
 .text          0x0000000008000490     0x1498 /usr/lib/gcc/arm-none-eabi/9.2.1/../../../arm-none-eabi/lib/thumb/v7e-m+fp/hard/libc.a(lib_a-svfprintf.o)
                0x0000000008000490                _svfprintf_r
 .text          0x0000000008001928       0x68 /usr/lib/gcc/arm-none-eabi/9.2.1/../../../arm-none-eabi/lib/thumb/v7e-m+fp/hard/libc.a(lib_a-__atexit.o)
                0x0000000008001928                __register_exitproc
 .text          0x0000000008001990      0xfc0 /usr/lib/gcc/arm-none-eabi/9.2.1/../../../arm-none-eabi/lib/thumb/v7e-m+fp/hard/libc.a(lib_a-dtoa.o)
                0x0000000008001ab4                _dtoa_r
 .text          0x0000000008002950       0x14 /usr/lib/gcc/arm-none-eabi/9.2.1/../../../arm-none-eabi/lib/thumb/v7e-m+fp/hard/libc.a(lib_a-localeconv.o)
                0x0000000008002950                __localeconv_l
                0x0000000008002954                _localeconv_r
                0x000000000800295c                localeconv
 .text          0x0000000008002964      0x564 /usr/lib/gcc/arm-none-eabi/9.2.1/../../../arm-none-eabi/lib/thumb/v7e-m+fp/hard/libc.a(lib_a-mallocr.o)
                0x0000000008002964                _malloc_r
 *fill*         0x0000000008002ec8        0x8 
 .text          0x0000000008002ed0       0xa0 /usr/lib/gcc/arm-none-eabi/9.2.1/../../../arm-none-eabi/lib/thumb/v7e-m+fp/hard/libc.a(lib_a-memchr.o)
                0x0000000008002ed0                memchr
 .text          0x0000000008002f70      0x134 /usr/lib/gcc/arm-none-eabi/9.2.1/../../../arm-none-eabi/lib/thumb/v7e-m+fp/hard/libc.a(lib_a-memcpy.o)
                0x0000000008002f70                memcpy
 .text          0x00000000080030a4        0x8 /usr/lib/gcc/arm-none-eabi/9.2.1/../../../arm-none-eabi/lib/thumb/v7e-m+fp/hard/libc.a(lib_a-mlock.o)
                0x00000000080030a4                __malloc_lock
                0x00000000080030a8                __malloc_unlock
 .text          0x00000000080030ac      0x9a8 /usr/lib/gcc/arm-none-eabi/9.2.1/../../../arm-none-eabi/lib/thumb/v7e-m+fp/hard/libc.a(lib_a-mprec.o)
                0x00000000080030ac                _Balloc
                0x00000000080030f8                _Bfree
                0x000000000800310c                __multadd
                0x00000000080031b0                __s2b
                0x000000000800325c                __hi0bits
                0x000000000800329c                __lo0bits
                0x00000000080032fc                __i2b
                0x0000000008003328                __multiply
                0x0000000008003474                __pow5mult
                0x000000000800350c                __lshift
                0x00000000080035d8                __mcmp
                0x0000000008003610                __mdiff
                0x0000000008003738                __ulp
                0x0000000008003788                __b2d
                0x0000000008003840                __d2b
                0x0000000008003914                __ratio
                0x0000000008003974                _mprec_log10
                0x00000000080039b4                __copybits
                0x00000000080039fc                __any_on
 .text          0x0000000008003a54       0x24 /usr/lib/gcc/arm-none-eabi/9.2.1/../../../arm-none-eabi/lib/thumb/v7e-m+fp/hard/libc.a(lib_a-sbrkr.o)
                0x0000000008003a54                _sbrk_r
 *fill*         0x0000000008003a78        0x8 
 .text          0x0000000008003a80       0xdc /usr/lib/gcc/arm-none-eabi/9.2.1/../../../arm-none-eabi/lib/thumb/v7e-m+fp/hard/libc.a(lib_a-strlen.o)
                0x0000000008003a80                strlen
 .text          0x0000000008003b5c      0xb64 /usr/lib/gcc/arm-none-eabi/9.2.1/../../../arm-none-eabi/lib/thumb/v7e-m+fp/hard/libc.a(lib_a-svfiprintf.o)
                0x0000000008003b5c                __ssprint_r
                0x0000000008003c54                _svfiprintf_r
 .text          0x00000000080046c0       0x48 /usr/lib/gcc/arm-none-eabi/9.2.1/../../../arm-none-eabi/lib/thumb/v7e-m+fp/hard/libc.a(lib_a-assert.o)
                0x00000000080046c0                __assert_func
                0x00000000080046fc                __assert
 .text          0x0000000008004708       0x60 /usr/lib/gcc/arm-none-eabi/9.2.1/../../../arm-none-eabi/lib/thumb/v7e-m+fp/hard/libc.a(lib_a-callocr.o)
                0x0000000008004708                _calloc_r
 .text          0x0000000008004768       0x44 /usr/lib/gcc/arm-none-eabi/9.2.1/../../../arm-none-eabi/lib/thumb/v7e-m+fp/hard/libc.a(lib_a-fiprintf.o)
                0x0000000008004768                _fiprintf_r
                0x0000000008004784                fiprintf
 .text          0x00000000080047ac      0x294 /usr/lib/gcc/arm-none-eabi/9.2.1/../../../arm-none-eabi/lib/thumb/v7e-m+fp/hard/libc.a(lib_a-freer.o)
                0x00000000080047ac                _malloc_trim_r
                0x000000000800484c                _free_r
 .text          0x0000000008004a40       0x5c /usr/lib/gcc/arm-none-eabi/9.2.1/../../../arm-none-eabi/lib/thumb/v7e-m+fp/hard/libc.a(lib_a-locale.o)
                0x0000000008004a40                _setlocale_r
                0x0000000008004a80                __locale_mb_cur_max
                0x0000000008004a8c                setlocale
 .text          0x0000000008004a9c       0x40 /usr/lib/gcc/arm-none-eabi/9.2.1/../../../arm-none-eabi/lib/thumb/v7e-m+fp/hard/libc.a(lib_a-mbtowc_r.o)
                0x0000000008004a9c                _mbtowc_r
                0x0000000008004ab0                __ascii_mbtowc
 .text          0x0000000008004adc       0xd0 /usr/lib/gcc/arm-none-eabi/9.2.1/../../../arm-none-eabi/lib/thumb/v7e-m+fp/hard/libc.a(lib_a-memmove.o)
                0x0000000008004adc                memmove
 .text          0x0000000008004bac      0x36c /usr/lib/gcc/arm-none-eabi/9.2.1/../../../arm-none-eabi/lib/thumb/v7e-m+fp/hard/libc.a(lib_a-reallocr.o)
                0x0000000008004bac                _realloc_r
 *fill*         0x0000000008004f18        0x8 
 .text          0x0000000008004f20      0x2dc /usr/lib/gcc/arm-none-eabi/9.2.1/../../../arm-none-eabi/lib/thumb/v7e-m+fp/hard/libc.a(lib_a-strcmp.o)
                0x0000000008004f28                strcmp
 .text          0x00000000080051fc      0xd00 /usr/lib/gcc/arm-none-eabi/9.2.1/../../../arm-none-eabi/lib/thumb/v7e-m+fp/hard/libc.a(lib_a-vfiprintf.o)
                0x0000000008005274                __sprint_r
                0x0000000008005288                _vfiprintf_r
                0x0000000008005e78                vfiprintf
 .text          0x0000000008005efc       0x30 /usr/lib/gcc/arm-none-eabi/9.2.1/../../../arm-none-eabi/lib/thumb/v7e-m+fp/hard/libc.a(lib_a-wctomb_r.o)
                0x0000000008005efc                _wctomb_r
                0x0000000008005f10                __ascii_wctomb
 .text          0x0000000008005f2c       0xd0 /usr/lib/gcc/arm-none-eabi/9.2.1/../../../arm-none-eabi/lib/thumb/v7e-m+fp/hard/libc.a(lib_a-wsetup.o)
                0x0000000008005f2c                __swsetup_r
 .text          0x0000000008005ffc       0x10 /usr/lib/gcc/arm-none-eabi/9.2.1/../../../arm-none-eabi/lib/thumb/v7e-m+fp/hard/libc.a(lib_a-abort.o)
                0x0000000008005ffc                abort
 .text          0x000000000800600c      0x1a4 /usr/lib/gcc/arm-none-eabi/9.2.1/../../../arm-none-eabi/lib/thumb/v7e-m+fp/hard/libc.a(lib_a-fflush.o)
                0x000000000800600c                __sflush_r
                0x0000000008006158                _fflush_r
                0x000000000800618c                fflush
 .text          0x00000000080061b0      0x1f4 /usr/lib/gcc/arm-none-eabi/9.2.1/../../../arm-none-eabi/lib/thumb/v7e-m+fp/hard/libc.a(lib_a-findfp.o)
                0x00000000080061b4                _cleanup_r
                0x0000000008006298                __sfmoreglue
                0x00000000080062c8                __sfp
                0x0000000008006350                _cleanup
                0x0000000008006364                __sinit
                0x000000000800636c                __sfp_lock_acquire
                0x0000000008006370                __sfp_lock_release
                0x0000000008006374                __sinit_lock_acquire
                0x0000000008006378                __sinit_lock_release
                0x000000000800637c                __fp_lock_all
                0x0000000008006390                __fp_unlock_all
 .text          0x00000000080063a4      0x110 /usr/lib/gcc/arm-none-eabi/9.2.1/../../../arm-none-eabi/lib/thumb/v7e-m+fp/hard/libc.a(lib_a-fputwc.o)
                0x00000000080063a4                __fputwc
                0x000000000800644c                _fputwc_r
                0x0000000008006474                fputwc
 .text          0x00000000080064b4      0x308 /usr/lib/gcc/arm-none-eabi/9.2.1/../../../arm-none-eabi/lib/thumb/v7e-m+fp/hard/libc.a(lib_a-fvwrite.o)
                0x00000000080064b4                __sfvwrite_r
 .text          0x00000000080067bc       0xa0 /usr/lib/gcc/arm-none-eabi/9.2.1/../../../arm-none-eabi/lib/thumb/v7e-m+fp/hard/libc.a(lib_a-fwalk.o)
                0x00000000080067bc                _fwalk
                0x0000000008006808                _fwalk_reent
 .text          0x000000000800685c       0xf0 /usr/lib/gcc/arm-none-eabi/9.2.1/../../../arm-none-eabi/lib/thumb/v7e-m+fp/hard/libc.a(lib_a-makebuf.o)
                0x000000000800685c                __swhatbuf_r
                0x00000000080068b8                __smakebuf_r
 .text          0x000000000800694c      0x15c /usr/lib/gcc/arm-none-eabi/9.2.1/../../../arm-none-eabi/lib/thumb/v7e-m+fp/hard/libc.a(lib_a-signal.o)
                0x0000000008006974                _init_signal_r
                0x0000000008006980                _signal_r
                0x00000000080069b8                _raise_r
                0x0000000008006a10                __sigtramp_r
                0x0000000008006a64                raise
                0x0000000008006a74                signal
                0x0000000008006a84                _init_signal
                0x0000000008006a98                __sigtramp
 .text          0x0000000008006aa8       0x2c /usr/lib/gcc/arm-none-eabi/9.2.1/../../../arm-none-eabi/lib/thumb/v7e-m+fp/hard/libc.a(lib_a-signalr.o)
                0x0000000008006aa8                _kill_r
                0x0000000008006ad0                _getpid_r
 .text          0x0000000008006ad4       0x90 /usr/lib/gcc/arm-none-eabi/9.2.1/../../../arm-none-eabi/lib/thumb/v7e-m+fp/hard/libc.a(lib_a-stdio.o)
                0x0000000008006ad4                __sread
                0x0000000008006af8                __seofread
                0x0000000008006afc                __swrite
                0x0000000008006b3c                __sseek
                0x0000000008006b5c                __sclose
 .text          0x0000000008006b64       0xc0 /usr/lib/gcc/arm-none-eabi/9.2.1/../../../arm-none-eabi/lib/thumb/v7e-m+fp/hard/libc.a(lib_a-wbuf.o)
                0x0000000008006b64                __swbuf_r
                0x0000000008006c14                __swbuf
 .text          0x0000000008006c24       0x7c /usr/lib/gcc/arm-none-eabi/9.2.1/../../../arm-none-eabi/lib/thumb/v7e-m+fp/hard/libc.a(lib_a-wcrtomb.o)
                0x0000000008006c24                _wcrtomb_r
                0x0000000008006c58                wcrtomb
 .text          0x0000000008006ca0       0x2c /usr/lib/gcc/arm-none-eabi/9.2.1/../../../arm-none-eabi/lib/thumb/v7e-m+fp/hard/libc.a(lib_a-writer.o)
                0x0000000008006ca0                _write_r
 .text          0x0000000008006ccc       0x24 /usr/lib/gcc/arm-none-eabi/9.2.1/../../../arm-none-eabi/lib/thumb/v7e-m+fp/hard/libc.a(lib_a-closer.o)
                0x0000000008006ccc                _close_r
 .text          0x0000000008006cf0       0x98 /usr/lib/gcc/arm-none-eabi/9.2.1/../../../arm-none-eabi/lib/thumb/v7e-m+fp/hard/libc.a(lib_a-fclose.o)
                0x0000000008006cf0                _fclose_r
                0x0000000008006d78                fclose
 .text          0x0000000008006d88       0x28 /usr/lib/gcc/arm-none-eabi/9.2.1/../../../arm-none-eabi/lib/thumb/v7e-m+fp/hard/libc.a(lib_a-fstatr.o)
                0x0000000008006d88                _fstat_r
 .text          0x0000000008006db0       0x24 /usr/lib/gcc/arm-none-eabi/9.2.1/../../../arm-none-eabi/lib/thumb/v7e-m+fp/hard/libc.a(lib_a-isattyr.o)
                0x0000000008006db0                _isatty_r
 .text          0x0000000008006dd4       0x2c /usr/lib/gcc/arm-none-eabi/9.2.1/../../../arm-none-eabi/lib/thumb/v7e-m+fp/hard/libc.a(lib_a-lseekr.o)
                0x0000000008006dd4                _lseek_r
 .text          0x0000000008006e00       0x2c /usr/lib/gcc/arm-none-eabi/9.2.1/../../../arm-none-eabi/lib/thumb/v7e-m+fp/hard/libc.a(lib_a-readr.o)
                0x0000000008006e00                _read_r
 .text          0x0000000008006e2c      0x378 /usr/lib/gcc/arm-none-eabi/9.2.1/thumb/v7e-m+fp/hard/libgcc.a(_arm_addsubdf3.o)
                0x0000000008006e2c                __aeabi_drsub
                0x0000000008006e34                __aeabi_dsub
                0x0000000008006e34                __subdf3
                0x0000000008006e38                __adddf3
                0x0000000008006e38                __aeabi_dadd
                0x00000000080070b0                __aeabi_ui2d
                0x00000000080070b0                __floatunsidf
                0x00000000080070d0                __floatsidf
                0x00000000080070d0                __aeabi_i2d
                0x00000000080070f4                __extendsfdf2
                0x00000000080070f4                __aeabi_f2d
                0x0000000008007138                __aeabi_ul2d
                0x0000000008007138                __floatundidf
                0x0000000008007148                __floatdidf
                0x0000000008007148                __aeabi_l2d
 .text          0x00000000080071a4      0x424 /usr/lib/gcc/arm-none-eabi/9.2.1/thumb/v7e-m+fp/hard/libgcc.a(_arm_muldivdf3.o)
                0x00000000080071a4                __aeabi_dmul
                0x00000000080071a4                __muldf3
                0x00000000080073f8                __aeabi_ddiv
                0x00000000080073f8                __divdf3
 .text          0x00000000080075c8      0x110 /usr/lib/gcc/arm-none-eabi/9.2.1/thumb/v7e-m+fp/hard/libgcc.a(_arm_cmpdf2.o)
                0x00000000080075c8                __gtdf2
                0x00000000080075c8                __gedf2
                0x00000000080075d0                __ltdf2
                0x00000000080075d0                __ledf2
                0x00000000080075d8                __cmpdf2
                0x00000000080075d8                __eqdf2
                0x00000000080075d8                __nedf2
                0x0000000008007654                __aeabi_cdrcmple
                0x0000000008007664                __aeabi_cdcmple
                0x0000000008007664                __aeabi_cdcmpeq
                0x0000000008007674                __aeabi_dcmpeq
                0x0000000008007688                __aeabi_dcmplt
                0x000000000800769c                __aeabi_dcmple
                0x00000000080076b0                __aeabi_dcmpge
                0x00000000080076c4                __aeabi_dcmpgt
 .text          0x00000000080076d8       0x2c /usr/lib/gcc/arm-none-eabi/9.2.1/thumb/v7e-m+fp/hard/libgcc.a(_arm_unorddf2.o)
                0x00000000080076d8                __aeabi_dcmpun
                0x00000000080076d8                __unorddf2
 .text          0x0000000008007704       0x50 /usr/lib/gcc/arm-none-eabi/9.2.1/thumb/v7e-m+fp/hard/libgcc.a(_arm_fixdfsi.o)
                0x0000000008007704                __fixdfsi
                0x0000000008007704                __aeabi_d2iz
 .text          0x0000000008007754       0x30 /usr/lib/gcc/arm-none-eabi/9.2.1/thumb/v7e-m+fp/hard/libgcc.a(_aeabi_uldivmod.o)
                0x0000000008007754                __aeabi_uldivmod
 .text          0x0000000008007784      0x2c4 /usr/lib/gcc/arm-none-eabi/9.2.1/thumb/v7e-m+fp/hard/libgcc.a(_udivmoddi4.o)
                0x0000000008007784                __udivmoddi4
 .text          0x0000000008007a48        0x4 /usr/lib/gcc/arm-none-eabi/9.2.1/thumb/v7e-m+fp/hard/libgcc.a(_dvmd_tls.o)
                0x0000000008007a48                __aeabi_ldiv0
                0x0000000008007a48                __aeabi_idiv0
 *(.text*)
 .text.bno055_init
                0x0000000008007a4c       0xfc build/bno055.o
                0x0000000008007a4c                bno055_init
 .text.bno055_write_register
                0x0000000008007b48       0x20 build/bno055.o
                0x0000000008007b48                bno055_write_register
 .text.bno055_write_page_id
                0x0000000008007b68       0x5c build/bno055.o
                0x0000000008007b68                bno055_write_page_id
 .text.bno055_read_euler_hrp
                0x0000000008007bc4       0x84 build/bno055.o
                0x0000000008007bc4                bno055_read_euler_hrp
 .text.bno055_get_euler_unit
                0x0000000008007c48       0x5c build/bno055.o
                0x0000000008007c48                bno055_get_euler_unit
 .text.bno055_get_operation_mode
                0x0000000008007ca4       0x5c build/bno055.o
                0x0000000008007ca4                bno055_get_operation_mode
 .text.bno055_set_operation_mode
                0x0000000008007d00      0x120 build/bno055.o
                0x0000000008007d00                bno055_set_operation_mode
 .text.bno055_set_euler_unit
                0x0000000008007e20       0xac build/bno055.o
                0x0000000008007e20                bno055_set_euler_unit
 .text.bno055_convert_double_euler_hpr_rad
                0x0000000008007ecc       0x90 build/bno055.o
                0x0000000008007ecc                bno055_convert_double_euler_hpr_rad
 .text.bno055_set_power_mode
                0x0000000008007f5c       0xa8 build/bno055.o
                0x0000000008007f5c                bno055_set_power_mode
 .text.BNO055_I2C_bus_write
                0x0000000008008004       0x44 build/bno055_support.o
                0x0000000008008004                BNO055_I2C_bus_write
 .text.BNO055_I2C_bus_read
                0x0000000008008048       0x70 build/bno055_support.o
                0x0000000008008048                BNO055_I2C_bus_read
 .text.BNO055_delay_msek
                0x00000000080080b8        0x8 build/bno055_support.o
                0x00000000080080b8                BNO055_delay_msek
 .text.MX_GPIO_Init
                0x00000000080080c0       0x30 build/main.o
 .text.MX_DMA_Init
                0x00000000080080f0       0x34 build/main.o
 .text.HAL_ADC_ConvCpltCallback
                0x0000000008008124        0x2 build/main.o
                0x0000000008008124                HAL_ADC_ConvCpltCallback
 .text.Error_Handler
                0x0000000008008126        0x4 build/main.o
                0x0000000008008126                Error_Handler
 *fill*         0x000000000800812a        0x2 
 .text.MX_TIM1_Init
                0x000000000800812c      0x124 build/main.o
 .text.MX_ADC1_Init
                0x0000000008008250       0x88 build/main.o
 .text.MX_I2C1_Init
                0x00000000080082d8       0x54 build/main.o
 .text.MX_USART2_UART_Init
                0x000000000800832c       0x38 build/main.o
 .text.SystemClock_Config
                0x0000000008008364       0x8c build/main.o
                0x0000000008008364                SystemClock_Config
 .text.main     0x00000000080083f0       0xf8 build/main.o
                0x00000000080083f0                main
 .text.HAL_MspInit
                0x00000000080084e8       0x30 build/stm32f3xx_hal_msp.o
                0x00000000080084e8                HAL_MspInit
 .text.HAL_ADC_MspInit
                0x0000000008008518       0xa0 build/stm32f3xx_hal_msp.o
                0x0000000008008518                HAL_ADC_MspInit
 .text.HAL_I2C_MspInit
                0x00000000080085b8       0x6c build/stm32f3xx_hal_msp.o
                0x00000000080085b8                HAL_I2C_MspInit
 .text.HAL_TIM_Base_MspInit
                0x0000000008008624       0x40 build/stm32f3xx_hal_msp.o
                0x0000000008008624                HAL_TIM_Base_MspInit
 .text.HAL_TIM_MspPostInit
                0x0000000008008664       0x70 build/stm32f3xx_hal_msp.o
                0x0000000008008664                HAL_TIM_MspPostInit
 .text.HAL_UART_MspInit
                0x00000000080086d4       0x6c build/stm32f3xx_hal_msp.o
                0x00000000080086d4                HAL_UART_MspInit
 .text.NMI_Handler
                0x0000000008008740        0x2 build/stm32f3xx_it.o
                0x0000000008008740                NMI_Handler
 .text.HardFault_Handler
                0x0000000008008742        0x2 build/stm32f3xx_it.o
                0x0000000008008742                HardFault_Handler
 .text.MemManage_Handler
                0x0000000008008744        0x2 build/stm32f3xx_it.o
                0x0000000008008744                MemManage_Handler
 .text.BusFault_Handler
                0x0000000008008746        0x2 build/stm32f3xx_it.o
                0x0000000008008746                BusFault_Handler
 .text.UsageFault_Handler
                0x0000000008008748        0x2 build/stm32f3xx_it.o
                0x0000000008008748                UsageFault_Handler
 .text.SVC_Handler
                0x000000000800874a        0x2 build/stm32f3xx_it.o
                0x000000000800874a                SVC_Handler
 .text.DebugMon_Handler
                0x000000000800874c        0x2 build/stm32f3xx_it.o
                0x000000000800874c                DebugMon_Handler
 .text.PendSV_Handler
                0x000000000800874e        0x2 build/stm32f3xx_it.o
                0x000000000800874e                PendSV_Handler
 .text.SysTick_Handler
                0x0000000008008750        0x8 build/stm32f3xx_it.o
                0x0000000008008750                SysTick_Handler
 .text.DMA1_Channel1_IRQHandler
                0x0000000008008758       0x14 build/stm32f3xx_it.o
                0x0000000008008758                DMA1_Channel1_IRQHandler
 .text.TIM1_UP_TIM16_IRQHandler
                0x000000000800876c       0x4c build/stm32f3xx_it.o
                0x000000000800876c                TIM1_UP_TIM16_IRQHandler
 .text._getpid  0x00000000080087b8        0x4 build/syscalls.o
                0x00000000080087b8                _getpid
 .text._kill    0x00000000080087bc       0x10 build/syscalls.o
                0x00000000080087bc                _kill
 .text._exit    0x00000000080087cc        0xc build/syscalls.o
                0x00000000080087cc                _exit
 .text._read    0x00000000080087d8       0x20 build/syscalls.o
                0x00000000080087d8                _read
 .text._write   0x00000000080087f8       0x1c build/syscalls.o
                0x00000000080087f8                _write
 .text._close   0x0000000008008814        0x6 build/syscalls.o
                0x0000000008008814                _close
 .text._fstat   0x000000000800881a        0xa build/syscalls.o
                0x000000000800881a                _fstat
 .text._isatty  0x0000000008008824        0x4 build/syscalls.o
                0x0000000008008824                _isatty
 .text._lseek   0x0000000008008828        0x4 build/syscalls.o
                0x0000000008008828                _lseek
 .text._sbrk    0x000000000800882c       0x48 build/sysmem.o
                0x000000000800882c                _sbrk
 .text.SystemInit
                0x0000000008008874       0x14 build/system_stm32f3xx.o
                0x0000000008008874                SystemInit
 .text.HAL_InitTick
                0x0000000008008888       0x4c build/stm32f3xx_hal.o
                0x0000000008008888                HAL_InitTick
 .text.HAL_Init
                0x00000000080088d4       0x24 build/stm32f3xx_hal.o
                0x00000000080088d4                HAL_Init
 .text.HAL_IncTick
                0x00000000080088f8       0x18 build/stm32f3xx_hal.o
                0x00000000080088f8                HAL_IncTick
 .text.HAL_GetTick
                0x0000000008008910        0xc build/stm32f3xx_hal.o
                0x0000000008008910                HAL_GetTick
 .text.HAL_Delay
                0x000000000800891c       0x28 build/stm32f3xx_hal.o
                0x000000000800891c                HAL_Delay
 .text.HAL_ADC_ConvHalfCpltCallback
                0x0000000008008944        0x2 build/stm32f3xx_hal_adc.o
                0x0000000008008944                HAL_ADC_ConvHalfCpltCallback
 .text.HAL_ADC_ErrorCallback
                0x0000000008008946        0x2 build/stm32f3xx_hal_adc.o
                0x0000000008008946                HAL_ADC_ErrorCallback
 .text.ADC_Disable
                0x0000000008008948       0x88 build/stm32f3xx_hal_adc_ex.o
 .text.ADC_Enable
                0x00000000080089d0       0x80 build/stm32f3xx_hal_adc_ex.o
 .text.ADC_DMAError
                0x0000000008008a50       0x1a build/stm32f3xx_hal_adc_ex.o
 .text.ADC_DMAHalfConvCplt
                0x0000000008008a6a        0xa build/stm32f3xx_hal_adc_ex.o
 .text.ADC_DMAConvCplt
                0x0000000008008a74       0x4a build/stm32f3xx_hal_adc_ex.o
 *fill*         0x0000000008008abe        0x2 
 .text.HAL_ADC_Init
                0x0000000008008ac0      0x214 build/stm32f3xx_hal_adc_ex.o
                0x0000000008008ac0                HAL_ADC_Init
 .text.HAL_ADC_Start_IT
                0x0000000008008cd4      0x138 build/stm32f3xx_hal_adc_ex.o
                0x0000000008008cd4                HAL_ADC_Start_IT
 .text.HAL_ADC_Start_DMA
                0x0000000008008e0c      0x130 build/stm32f3xx_hal_adc_ex.o
                0x0000000008008e0c                HAL_ADC_Start_DMA
 .text.HAL_ADC_ConfigChannel
                0x0000000008008f3c      0x36c build/stm32f3xx_hal_adc_ex.o
                0x0000000008008f3c                HAL_ADC_ConfigChannel
 .text.HAL_ADCEx_MultiModeConfigChannel
                0x00000000080092a8      0x114 build/stm32f3xx_hal_adc_ex.o
                0x00000000080092a8                HAL_ADCEx_MultiModeConfigChannel
 .text.HAL_NVIC_SetPriorityGrouping
                0x00000000080093bc       0x24 build/stm32f3xx_hal_cortex.o
                0x00000000080093bc                HAL_NVIC_SetPriorityGrouping
 .text.HAL_NVIC_SetPriority
                0x00000000080093e0       0x68 build/stm32f3xx_hal_cortex.o
                0x00000000080093e0                HAL_NVIC_SetPriority
 .text.HAL_NVIC_EnableIRQ
                0x0000000008009448       0x1c build/stm32f3xx_hal_cortex.o
                0x0000000008009448                HAL_NVIC_EnableIRQ
 .text.HAL_NVIC_DisableIRQ
                0x0000000008009464       0x24 build/stm32f3xx_hal_cortex.o
                0x0000000008009464                HAL_NVIC_DisableIRQ
 .text.HAL_SYSTICK_Config
                0x0000000008009488       0x2c build/stm32f3xx_hal_cortex.o
                0x0000000008009488                HAL_SYSTICK_Config
 .text.DMA_SetConfig
                0x00000000080094b4       0x2c build/stm32f3xx_hal_dma.o
 .text.DMA_CalcBaseAndBitshift
                0x00000000080094e0       0x24 build/stm32f3xx_hal_dma.o
 .text.HAL_DMA_Init
                0x0000000008009504       0x50 build/stm32f3xx_hal_dma.o
                0x0000000008009504                HAL_DMA_Init
 .text.HAL_DMA_Start_IT
                0x0000000008009554       0x74 build/stm32f3xx_hal_dma.o
                0x0000000008009554                HAL_DMA_Start_IT
 .text.HAL_DMA_IRQHandler
                0x00000000080095c8       0xb4 build/stm32f3xx_hal_dma.o
                0x00000000080095c8                HAL_DMA_IRQHandler
 .text.HAL_GPIO_Init
                0x000000000800967c      0x194 build/stm32f3xx_hal_gpio.o
                0x000000000800967c                HAL_GPIO_Init
 .text.I2C_Flush_TXDR
                0x0000000008009810       0x22 build/stm32f3xx_hal_i2c.o
 .text.I2C_TransferConfig
                0x0000000008009832       0x36 build/stm32f3xx_hal_i2c.o
 .text.I2C_IsAcknowledgeFailed
                0x0000000008009868       0xa0 build/stm32f3xx_hal_i2c.o
 .text.I2C_WaitOnTXISFlagUntilTimeout
                0x0000000008009908       0x56 build/stm32f3xx_hal_i2c.o
 .text.I2C_WaitOnFlagUntilTimeout
                0x000000000800995e       0x56 build/stm32f3xx_hal_i2c.o
 .text.I2C_WaitOnSTOPFlagUntilTimeout
                0x00000000080099b4       0x50 build/stm32f3xx_hal_i2c.o
 .text.I2C_WaitOnRXNEFlagUntilTimeout
                0x0000000008009a04       0x98 build/stm32f3xx_hal_i2c.o
 .text.HAL_I2C_Init
                0x0000000008009a9c       0xbc build/stm32f3xx_hal_i2c.o
                0x0000000008009a9c                HAL_I2C_Init
 .text.HAL_I2C_Master_Transmit
                0x0000000008009b58      0x17c build/stm32f3xx_hal_i2c.o
                0x0000000008009b58                HAL_I2C_Master_Transmit
 .text.HAL_I2C_Master_Receive
                0x0000000008009cd4      0x17c build/stm32f3xx_hal_i2c.o
                0x0000000008009cd4                HAL_I2C_Master_Receive
 .text.HAL_I2CEx_ConfigAnalogFilter
                0x0000000008009e50       0x5c build/stm32f3xx_hal_i2c_ex.o
                0x0000000008009e50                HAL_I2CEx_ConfigAnalogFilter
 .text.HAL_I2CEx_ConfigDigitalFilter
                0x0000000008009eac       0x58 build/stm32f3xx_hal_i2c_ex.o
                0x0000000008009eac                HAL_I2CEx_ConfigDigitalFilter
 .text.HAL_RCC_OscConfig
                0x0000000008009f04      0x634 build/stm32f3xx_hal_rcc.o
                0x0000000008009f04                HAL_RCC_OscConfig
 .text.HAL_RCC_GetSysClockFreq
                0x000000000800a538       0x70 build/stm32f3xx_hal_rcc.o
                0x000000000800a538                HAL_RCC_GetSysClockFreq
 .text.HAL_RCC_ClockConfig
                0x000000000800a5a8      0x1a8 build/stm32f3xx_hal_rcc.o
                0x000000000800a5a8                HAL_RCC_ClockConfig
 .text.HAL_RCC_GetHCLKFreq
                0x000000000800a750        0xc build/stm32f3xx_hal_rcc.o
                0x000000000800a750                HAL_RCC_GetHCLKFreq
 .text.HAL_RCC_GetPCLK1Freq
                0x000000000800a75c       0x2c build/stm32f3xx_hal_rcc.o
                0x000000000800a75c                HAL_RCC_GetPCLK1Freq
 .text.HAL_RCC_GetPCLK2Freq
                0x000000000800a788       0x2c build/stm32f3xx_hal_rcc.o
                0x000000000800a788                HAL_RCC_GetPCLK2Freq
 .text.HAL_RCCEx_PeriphCLKConfig
                0x000000000800a7b4      0x18c build/stm32f3xx_hal_rcc_ex.o
                0x000000000800a7b4                HAL_RCCEx_PeriphCLKConfig
 .text.TIM_OC1_SetConfig
                0x000000000800a940       0x8c build/stm32f3xx_hal_tim.o
 .text.TIM_OC3_SetConfig
                0x000000000800a9cc       0x7c build/stm32f3xx_hal_tim.o
 .text.TIM_OC4_SetConfig
                0x000000000800aa48       0x64 build/stm32f3xx_hal_tim.o
 .text.TIM_OC5_SetConfig
                0x000000000800aaac       0x60 build/stm32f3xx_hal_tim.o
 .text.TIM_OC6_SetConfig
                0x000000000800ab0c       0x64 build/stm32f3xx_hal_tim.o
 .text.TIM_TI1_ConfigInputStage
                0x000000000800ab70       0x24 build/stm32f3xx_hal_tim.o
 .text.TIM_TI2_ConfigInputStage
                0x000000000800ab94       0x26 build/stm32f3xx_hal_tim.o
 .text.TIM_ITRx_SetConfig
                0x000000000800abba       0x10 build/stm32f3xx_hal_tim.o
 *fill*         0x000000000800abca        0x2 
 .text.HAL_TIM_Base_Start_IT
                0x000000000800abcc       0x74 build/stm32f3xx_hal_tim.o
                0x000000000800abcc                HAL_TIM_Base_Start_IT
 .text.HAL_TIM_PWM_MspInit
                0x000000000800ac40        0x2 build/stm32f3xx_hal_tim.o
                0x000000000800ac40                HAL_TIM_PWM_MspInit
 .text.HAL_TIM_PeriodElapsedCallback
                0x000000000800ac42        0x2 build/stm32f3xx_hal_tim.o
                0x000000000800ac42                HAL_TIM_PeriodElapsedCallback
 .text.HAL_TIM_OC_DelayElapsedCallback
                0x000000000800ac44        0x2 build/stm32f3xx_hal_tim.o
                0x000000000800ac44                HAL_TIM_OC_DelayElapsedCallback
 .text.HAL_TIM_IC_CaptureCallback
                0x000000000800ac46        0x2 build/stm32f3xx_hal_tim.o
                0x000000000800ac46                HAL_TIM_IC_CaptureCallback
 .text.HAL_TIM_PWM_PulseFinishedCallback
                0x000000000800ac48        0x2 build/stm32f3xx_hal_tim.o
                0x000000000800ac48                HAL_TIM_PWM_PulseFinishedCallback
 .text.HAL_TIM_TriggerCallback
                0x000000000800ac4a        0x2 build/stm32f3xx_hal_tim.o
                0x000000000800ac4a                HAL_TIM_TriggerCallback
 .text.HAL_TIM_IRQHandler
                0x000000000800ac4c      0x19a build/stm32f3xx_hal_tim.o
                0x000000000800ac4c                HAL_TIM_IRQHandler
 *fill*         0x000000000800ade6        0x2 
 .text.TIM_Base_SetConfig
                0x000000000800ade8       0x90 build/stm32f3xx_hal_tim.o
                0x000000000800ade8                TIM_Base_SetConfig
 .text.HAL_TIM_Base_Init
                0x000000000800ae78       0x60 build/stm32f3xx_hal_tim.o
                0x000000000800ae78                HAL_TIM_Base_Init
 .text.HAL_TIM_PWM_Init
                0x000000000800aed8       0x60 build/stm32f3xx_hal_tim.o
                0x000000000800aed8                HAL_TIM_PWM_Init
 .text.TIM_OC2_SetConfig
                0x000000000800af38       0x80 build/stm32f3xx_hal_tim.o
                0x000000000800af38                TIM_OC2_SetConfig
 .text.HAL_TIM_PWM_ConfigChannel
                0x000000000800afb8      0x13a build/stm32f3xx_hal_tim.o
                0x000000000800afb8                HAL_TIM_PWM_ConfigChannel
 .text.TIM_ETR_SetConfig
                0x000000000800b0f2       0x18 build/stm32f3xx_hal_tim.o
                0x000000000800b0f2                TIM_ETR_SetConfig
 *fill*         0x000000000800b10a        0x2 
 .text.HAL_TIM_ConfigClockSource
                0x000000000800b10c      0x100 build/stm32f3xx_hal_tim.o
                0x000000000800b10c                HAL_TIM_ConfigClockSource
 .text.TIM_CCxChannelCmd
                0x000000000800b20c       0x24 build/stm32f3xx_hal_tim.o
                0x000000000800b20c                TIM_CCxChannelCmd
 .text.HAL_TIM_OC_Start_IT
                0x000000000800b230      0x188 build/stm32f3xx_hal_tim.o
                0x000000000800b230                HAL_TIM_OC_Start_IT
 .text.HAL_TIMEx_MasterConfigSynchronization
                0x000000000800b3b8       0x78 build/stm32f3xx_hal_tim_ex.o
                0x000000000800b3b8                HAL_TIMEx_MasterConfigSynchronization
 .text.HAL_TIMEx_ConfigBreakDeadTime
                0x000000000800b430       0x88 build/stm32f3xx_hal_tim_ex.o
                0x000000000800b430                HAL_TIMEx_ConfigBreakDeadTime
 .text.HAL_TIMEx_CommutCallback
                0x000000000800b4b8        0x2 build/stm32f3xx_hal_tim_ex.o
                0x000000000800b4b8                HAL_TIMEx_CommutCallback
 .text.HAL_TIMEx_BreakCallback
                0x000000000800b4ba        0x2 build/stm32f3xx_hal_tim_ex.o
                0x000000000800b4ba                HAL_TIMEx_BreakCallback
 .text.HAL_TIMEx_Break2Callback
                0x000000000800b4bc        0x2 build/stm32f3xx_hal_tim_ex.o
                0x000000000800b4bc                HAL_TIMEx_Break2Callback
 *fill*         0x000000000800b4be        0x2 
 .text.UART_SetConfig
                0x000000000800b4c0      0x164 build/stm32f3xx_hal_uart.o
                0x000000000800b4c0                UART_SetConfig
 .text.UART_AdvFeatureConfig
                0x000000000800b624       0xca build/stm32f3xx_hal_uart.o
                0x000000000800b624                UART_AdvFeatureConfig
 .text.UART_WaitOnFlagUntilTimeout
                0x000000000800b6ee       0xd0 build/stm32f3xx_hal_uart.o
                0x000000000800b6ee                UART_WaitOnFlagUntilTimeout
 .text.HAL_UART_Transmit
                0x000000000800b7be       0xd8 build/stm32f3xx_hal_uart.o
                0x000000000800b7be                HAL_UART_Transmit
 .text.UART_CheckIdleState
                0x000000000800b896       0x70 build/stm32f3xx_hal_uart.o
                0x000000000800b896                UART_CheckIdleState
 .text.HAL_UART_Init
                0x000000000800b906       0x62 build/stm32f3xx_hal_uart.o
                0x000000000800b906                HAL_UART_Init
 .text.Reset_Handler
                0x000000000800b968       0x50 build/startup_stm32f303x8.o
                0x000000000800b968                Reset_Handler
 .text.Default_Handler
                0x000000000800b9b8        0x2 build/startup_stm32f303x8.o
                0x000000000800b9b8                RTC_Alarm_IRQHandler
                0x000000000800b9b8                TIM1_CC_IRQHandler
                0x000000000800b9b8                PVD_IRQHandler
                0x000000000800b9b8                TAMP_STAMP_IRQHandler
                0x000000000800b9b8                EXTI3_IRQHandler
                0x000000000800b9b8                EXTI0_IRQHandler
                0x000000000800b9b8                FPU_IRQHandler
                0x000000000800b9b8                CAN_TX_IRQHandler
                0x000000000800b9b8                ADC1_2_IRQHandler
                0x000000000800b9b8                SPI1_IRQHandler
                0x000000000800b9b8                CAN_SCE_IRQHandler
                0x000000000800b9b8                DMA1_Channel4_IRQHandler
                0x000000000800b9b8                USART3_IRQHandler
                0x000000000800b9b8                DMA1_Channel7_IRQHandler
                0x000000000800b9b8                TIM7_DAC2_IRQHandler
                0x000000000800b9b8                CAN_RX1_IRQHandler
                0x000000000800b9b8                I2C1_EV_IRQHandler
                0x000000000800b9b8                DMA1_Channel6_IRQHandler
                0x000000000800b9b8                TIM3_IRQHandler
                0x000000000800b9b8                RCC_IRQHandler
                0x000000000800b9b8                Default_Handler
                0x000000000800b9b8                EXTI15_10_IRQHandler
                0x000000000800b9b8                COMP2_IRQHandler
                0x000000000800b9b8                TIM6_DAC1_IRQHandler
                0x000000000800b9b8                EXTI9_5_IRQHandler
                0x000000000800b9b8                RTC_WKUP_IRQHandler
                0x000000000800b9b8                DMA1_Channel5_IRQHandler
                0x000000000800b9b8                EXTI4_IRQHandler
                0x000000000800b9b8                TIM1_TRG_COM_TIM17_IRQHandler
                0x000000000800b9b8                DMA1_Channel3_IRQHandler
                0x000000000800b9b8                WWDG_IRQHandler
                0x000000000800b9b8                TIM2_IRQHandler
                0x000000000800b9b8                EXTI1_IRQHandler
                0x000000000800b9b8                COMP4_6_IRQHandler
                0x000000000800b9b8                USART2_IRQHandler
                0x000000000800b9b8                DMA1_Channel2_IRQHandler
                0x000000000800b9b8                FLASH_IRQHandler
                0x000000000800b9b8                USART1_IRQHandler
                0x000000000800b9b8                CAN_RX0_IRQHandler
                0x000000000800b9b8                I2C1_ER_IRQHandler
                0x000000000800b9b8                EXTI2_TSC_IRQHandler
                0x000000000800b9b8                TIM1_BRK_TIM15_IRQHandler
 *fill*         0x000000000800b9ba        0x2 
 .text.startup  0x000000000800b9bc       0x14 /usr/lib/gcc/arm-none-eabi/9.2.1/../../../arm-none-eabi/lib/thumb/v7e-m+fp/hard/libc.a(lib_a-__call_atexit.o)
 *(.glue_7)
 .glue_7        0x000000000800b9d0        0x0 linker stubs
 *(.glue_7t)
 .glue_7t       0x000000000800b9d0        0x0 linker stubs
 *(.eh_frame)
 .eh_frame      0x000000000800b9d0        0x0 /usr/lib/gcc/arm-none-eabi/9.2.1/thumb/v7e-m+fp/hard/crtbegin.o
 *(.init)
 .init          0x000000000800b9d0        0x4 /usr/lib/gcc/arm-none-eabi/9.2.1/thumb/v7e-m+fp/hard/crti.o
                0x000000000800b9d0                _init
 .init          0x000000000800b9d4        0x8 /usr/lib/gcc/arm-none-eabi/9.2.1/thumb/v7e-m+fp/hard/crtn.o
 *(.fini)
 .fini          0x000000000800b9dc        0x4 /usr/lib/gcc/arm-none-eabi/9.2.1/thumb/v7e-m+fp/hard/crti.o
                0x000000000800b9dc                _fini
 .fini          0x000000000800b9e0        0x8 /usr/lib/gcc/arm-none-eabi/9.2.1/thumb/v7e-m+fp/hard/crtn.o
                0x000000000800b9e8                . = ALIGN (0x4)
                0x000000000800b9e8                _etext = .

.vfp11_veneer   0x000000000800b9e8        0x0
 .vfp11_veneer  0x000000000800b9e8        0x0 linker stubs

.v4_bx          0x000000000800b9e8        0x0
 .v4_bx         0x000000000800b9e8        0x0 linker stubs

.iplt           0x000000000800b9e8        0x0
 .iplt          0x000000000800b9e8        0x0 /usr/lib/gcc/arm-none-eabi/9.2.1/thumb/v7e-m+fp/hard/crtbegin.o

.rodata         0x000000000800b9e8      0x41c
                0x000000000800b9e8                . = ALIGN (0x4)
 *(.rodata)
 .rodata        0x000000000800b9e8       0x22 build/bno055.o
 *fill*         0x000000000800ba0a        0x2 
 .rodata        0x000000000800ba0c        0x4 /usr/lib/gcc/arm-none-eabi/9.2.1/../../../arm-none-eabi/lib/thumb/v7e-m+fp/hard/libc.a(lib_a-impure.o)
                0x000000000800ba0c                _global_impure_ptr
 .rodata        0x000000000800ba10       0x20 /usr/lib/gcc/arm-none-eabi/9.2.1/../../../arm-none-eabi/lib/thumb/v7e-m+fp/hard/libc.a(lib_a-svfprintf.o)
 .rodata        0x000000000800ba30      0x128 /usr/lib/gcc/arm-none-eabi/9.2.1/../../../arm-none-eabi/lib/thumb/v7e-m+fp/hard/libc.a(lib_a-mprec.o)
                0x000000000800ba40                __mprec_tens
                0x000000000800bb08                __mprec_tinytens
                0x000000000800bb30                __mprec_bigtens
 .rodata        0x000000000800bb58       0x20 /usr/lib/gcc/arm-none-eabi/9.2.1/../../../arm-none-eabi/lib/thumb/v7e-m+fp/hard/libc.a(lib_a-svfiprintf.o)
 .rodata        0x000000000800bb78       0x20 /usr/lib/gcc/arm-none-eabi/9.2.1/../../../arm-none-eabi/lib/thumb/v7e-m+fp/hard/libc.a(lib_a-vfiprintf.o)
 .rodata        0x000000000800bb98      0x101 /usr/lib/gcc/arm-none-eabi/9.2.1/../../../arm-none-eabi/lib/thumb/v7e-m+fp/hard/libc.a(lib_a-ctype_.o)
                0x000000000800bb98                _ctype_
 *(.rodata*)
 *fill*         0x000000000800bc99        0x3 
 .rodata.main.str1.4
                0x000000000800bc9c        0xf build/main.o
 *fill*         0x000000000800bcab        0x1 
 .rodata.AHBPrescTable
                0x000000000800bcac       0x10 build/system_stm32f3xx.o
                0x000000000800bcac                AHBPrescTable
 .rodata.APBPrescTable
                0x000000000800bcbc        0x8 build/system_stm32f3xx.o
                0x000000000800bcbc                APBPrescTable
 .rodata.aPLLMULFactorTable
                0x000000000800bcc4       0x10 build/stm32f3xx_hal_rcc.o
                0x000000000800bcc4                aPLLMULFactorTable
 .rodata.aPredivFactorTable
                0x000000000800bcd4       0x10 build/stm32f3xx_hal_rcc.o
                0x000000000800bcd4                aPredivFactorTable
 .rodata.str1.4
                0x000000000800bce4       0x42 /usr/lib/gcc/arm-none-eabi/9.2.1/../../../arm-none-eabi/lib/thumb/v7e-m+fp/hard/libc.a(lib_a-svfprintf.o)
 *fill*         0x000000000800bd26        0x2 
 .rodata.str1.4
                0x000000000800bd28       0x56 /usr/lib/gcc/arm-none-eabi/9.2.1/../../../arm-none-eabi/lib/thumb/v7e-m+fp/hard/libc.a(lib_a-dtoa.o)
                                         0x5a (size before relaxing)
 *fill*         0x000000000800bd7e        0x2 
 .rodata.str1.4
                0x000000000800bd80       0x33 /usr/lib/gcc/arm-none-eabi/9.2.1/../../../arm-none-eabi/lib/thumb/v7e-m+fp/hard/libc.a(lib_a-mprec.o)
                                         0x47 (size before relaxing)
 .rodata.str1.4
                0x000000000800bdb3       0x2f /usr/lib/gcc/arm-none-eabi/9.2.1/../../../arm-none-eabi/lib/thumb/v7e-m+fp/hard/libc.a(lib_a-svfiprintf.o)
 *fill*         0x000000000800bdb3        0x1 
 .rodata.str1.4
                0x000000000800bdb4       0x3f /usr/lib/gcc/arm-none-eabi/9.2.1/../../../arm-none-eabi/lib/thumb/v7e-m+fp/hard/libc.a(lib_a-assert.o)
                                         0x43 (size before relaxing)
 *fill*         0x000000000800bdf3        0x1 
 .rodata.str1.4
                0x000000000800bdf4        0xe /usr/lib/gcc/arm-none-eabi/9.2.1/../../../arm-none-eabi/lib/thumb/v7e-m+fp/hard/libc.a(lib_a-locale.o)
                                         0x12 (size before relaxing)
 .rodata.str1.4
                0x000000000800be02       0x2f /usr/lib/gcc/arm-none-eabi/9.2.1/../../../arm-none-eabi/lib/thumb/v7e-m+fp/hard/libc.a(lib_a-vfiprintf.o)
                0x000000000800be34                . = ALIGN (0x4)
 *fill*         0x000000000800be02        0x2 

.ARM.extab
 *(.ARM.extab* .gnu.linkonce.armextab.*)

.ARM            0x000000000800be04        0x8
                0x000000000800be04                __exidx_start = .
 *(.ARM.exidx*)
 .ARM.exidx     0x000000000800be04        0x8 /usr/lib/gcc/arm-none-eabi/9.2.1/thumb/v7e-m+fp/hard/libgcc.a(_udivmoddi4.o)
                0x000000000800be0c                __exidx_end = .

.rel.dyn        0x000000000800be0c        0x0
 .rel.iplt      0x000000000800be0c        0x0 /usr/lib/gcc/arm-none-eabi/9.2.1/thumb/v7e-m+fp/hard/crtbegin.o

.preinit_array  0x000000000800be0c        0x0
                0x000000000800be0c                PROVIDE (__preinit_array_start = .)
 *(.preinit_array*)
                0x000000000800be0c                PROVIDE (__preinit_array_end = .)

.init_array     0x000000000800be0c        0x8
                0x000000000800be0c                PROVIDE (__init_array_start = .)
 *(SORT_BY_NAME(.init_array.*))
 .init_array.00000
                0x000000000800be0c        0x4 /usr/lib/gcc/arm-none-eabi/9.2.1/../../../arm-none-eabi/lib/thumb/v7e-m+fp/hard/libc.a(lib_a-__call_atexit.o)
 *(.init_array*)
 .init_array    0x000000000800be10        0x4 /usr/lib/gcc/arm-none-eabi/9.2.1/thumb/v7e-m+fp/hard/crtbegin.o
                0x000000000800be14                PROVIDE (__init_array_end = .)

.fini_array     0x000000000800be14        0x4
                0x000000000800be14                PROVIDE (__fini_array_start = .)
 *(SORT_BY_NAME(.fini_array.*))
 *(.fini_array*)
 .fini_array    0x000000000800be14        0x4 /usr/lib/gcc/arm-none-eabi/9.2.1/thumb/v7e-m+fp/hard/crtbegin.o
                0x000000000800be18                PROVIDE (__fini_array_end = .)
                0x000000000800be18                _sidata = LOADADDR (.data)

.data           0x0000000020000000      0x9b8 load address 0x000000000800be18
                0x0000000020000000                . = ALIGN (0x4)
                0x0000000020000000                _sdata = .
 *(.data)
 .data          0x0000000020000000      0x430 /usr/lib/gcc/arm-none-eabi/9.2.1/../../../arm-none-eabi/lib/thumb/v7e-m+fp/hard/libc.a(lib_a-impure.o)
                0x0000000020000000                _impure_ptr
 .data          0x0000000020000430      0x410 /usr/lib/gcc/arm-none-eabi/9.2.1/../../../arm-none-eabi/lib/thumb/v7e-m+fp/hard/libc.a(lib_a-mallocr.o)
                0x0000000020000430                __malloc_av_
                0x0000000020000838                __malloc_sbrk_base
                0x000000002000083c                __malloc_trim_threshold
 .data          0x0000000020000840      0x16c /usr/lib/gcc/arm-none-eabi/9.2.1/../../../arm-none-eabi/lib/thumb/v7e-m+fp/hard/libc.a(lib_a-locale.o)
                0x0000000020000840                __global_locale
 *(.data*)
 .data.SystemCoreClock
                0x00000000200009ac        0x4 build/system_stm32f3xx.o
                0x00000000200009ac                SystemCoreClock
 .data.uwTickFreq
                0x00000000200009b0        0x1 build/stm32f3xx_hal.o
                0x00000000200009b0                uwTickFreq
 *fill*         0x00000000200009b1        0x3 
 .data.uwTickPrio
                0x00000000200009b4        0x4 build/stm32f3xx_hal.o
                0x00000000200009b4                uwTickPrio
                0x00000000200009b8                . = ALIGN (0x4)
                0x00000000200009b8                _edata = .
                0x000000000800c7d0                _siccmram = LOADADDR (.ccmram)

.tm_clone_table
                0x00000000200009b8        0x0 load address 0x000000000800c7d0
 .tm_clone_table
                0x00000000200009b8        0x0 /usr/lib/gcc/arm-none-eabi/9.2.1/thumb/v7e-m+fp/hard/crtbegin.o
 .tm_clone_table
                0x00000000200009b8        0x0 /usr/lib/gcc/arm-none-eabi/9.2.1/thumb/v7e-m+fp/hard/crtend.o

.igot.plt       0x00000000200009b8        0x0 load address 0x000000000800c7d0
 .igot.plt      0x00000000200009b8        0x0 /usr/lib/gcc/arm-none-eabi/9.2.1/thumb/v7e-m+fp/hard/crtbegin.o

.ccmram         0x0000000010000000        0x0 load address 0x000000000800c7d0
                0x0000000010000000                . = ALIGN (0x4)
                0x0000000010000000                _sccmram = .
 *(.ccmram)
 *(.ccmram*)
                0x0000000010000000                . = ALIGN (0x4)
                0x0000000010000000                _eccmram = .
                0x0000000010000000                . = ALIGN (0x4)

.bss            0x00000000200009b8      0x234
                0x00000000200009b8                _sbss = .
                0x00000000200009b8                __bss_start__ = _sbss
 *(.bss)
 .bss           0x00000000200009b8       0x1c /usr/lib/gcc/arm-none-eabi/9.2.1/thumb/v7e-m+fp/hard/crtbegin.o
 .bss           0x00000000200009d4       0x34 /usr/lib/gcc/arm-none-eabi/9.2.1/../../../arm-none-eabi/lib/thumb/v7e-m+fp/hard/libc.a(lib_a-mallocr.o)
                0x00000000200009d4                __malloc_top_pad
                0x00000000200009d8                __malloc_current_mallinfo
                0x0000000020000a00                __malloc_max_sbrked_mem
                0x0000000020000a04                __malloc_max_total_mem
 *(.bss*)
 .bss.p_bno055  0x0000000020000a08        0x4 build/bno055.o
 .bss.__sbrk_heap_end
                0x0000000020000a0c        0x4 build/sysmem.o
 *(COMMON)
 COMMON         0x0000000020000a10      0x1d1 build/main.o
                0x0000000020000a10                imu
                0x0000000020000a28                hi2c1
                0x0000000020000a74                adc_value
                0x0000000020000a78                hadc1
                0x0000000020000ac8                hdma_adc1
                0x0000000020000b0c                htim1
                0x0000000020000b58                buf
                0x0000000020000b5c                huart2
                0x0000000020000be0                ret
 *fill*         0x0000000020000be1        0x3 
 COMMON         0x0000000020000be4        0x4 build/stm32f3xx_hal.o
                0x0000000020000be4                uwTick
 COMMON         0x0000000020000be8        0x4 /usr/lib/gcc/arm-none-eabi/9.2.1/../../../arm-none-eabi/lib/thumb/v7e-m+fp/hard/libc.a(lib_a-reent.o)
                0x0000000020000be8                errno
                0x0000000020000bec                . = ALIGN (0x4)
                0x0000000020000bec                _ebss = .
                0x0000000020000bec                __bss_end__ = _ebss

._user_heap_stack
                0x0000000020000bec      0x604
                0x0000000020000bf0                . = ALIGN (0x8)
 *fill*         0x0000000020000bec        0x4 
                [!provide]                        PROVIDE (end = .)
                0x0000000020000bf0                PROVIDE (_end = .)
                0x0000000020000df0                . = (. + _Min_Heap_Size)
 *fill*         0x0000000020000bf0      0x200 
                0x00000000200011f0                . = (. + _Min_Stack_Size)
 *fill*         0x0000000020000df0      0x400 
                0x00000000200011f0                . = ALIGN (0x8)

/DISCARD/
 libc.a(*)
 libm.a(*)
 libgcc.a(*)

.ARM.attributes
                0x0000000000000000       0x30
 *(.ARM.attributes)
 .ARM.attributes
                0x0000000000000000       0x1e /usr/lib/gcc/arm-none-eabi/9.2.1/thumb/v7e-m+fp/hard/crti.o
 .ARM.attributes
                0x000000000000001e       0x34 /usr/lib/gcc/arm-none-eabi/9.2.1/thumb/v7e-m+fp/hard/crtbegin.o
 .ARM.attributes
                0x0000000000000052       0x34 build/bno055.o
 .ARM.attributes
                0x0000000000000086       0x34 build/bno055_support.o
 .ARM.attributes
                0x00000000000000ba       0x34 build/main.o
 .ARM.attributes
                0x00000000000000ee       0x34 build/stm32f3xx_hal_msp.o
 .ARM.attributes
                0x0000000000000122       0x34 build/stm32f3xx_it.o
 .ARM.attributes
                0x0000000000000156       0x34 build/syscalls.o
 .ARM.attributes
                0x000000000000018a       0x34 build/sysmem.o
 .ARM.attributes
                0x00000000000001be       0x34 build/system_stm32f3xx.o
 .ARM.attributes
                0x00000000000001f2       0x34 build/stm32f3xx_hal.o
 .ARM.attributes
                0x0000000000000226       0x34 build/stm32f3xx_hal_adc.o
 .ARM.attributes
                0x000000000000025a       0x34 build/stm32f3xx_hal_adc_ex.o
 .ARM.attributes
                0x000000000000028e       0x34 build/stm32f3xx_hal_cortex.o
 .ARM.attributes
                0x00000000000002c2       0x34 build/stm32f3xx_hal_dma.o
 .ARM.attributes
                0x00000000000002f6       0x34 build/stm32f3xx_hal_gpio.o
 .ARM.attributes
                0x000000000000032a       0x34 build/stm32f3xx_hal_i2c.o
 .ARM.attributes
                0x000000000000035e       0x34 build/stm32f3xx_hal_i2c_ex.o
 .ARM.attributes
                0x0000000000000392       0x34 build/stm32f3xx_hal_rcc.o
 .ARM.attributes
                0x00000000000003c6       0x34 build/stm32f3xx_hal_rcc_ex.o
 .ARM.attributes
                0x00000000000003fa       0x34 build/stm32f3xx_hal_tim.o
 .ARM.attributes
                0x000000000000042e       0x34 build/stm32f3xx_hal_tim_ex.o
 .ARM.attributes
                0x0000000000000462       0x34 build/stm32f3xx_hal_uart.o
 .ARM.attributes
                0x0000000000000496       0x21 build/startup_stm32f303x8.o
 .ARM.attributes
                0x00000000000004b7       0x34 /usr/lib/gcc/arm-none-eabi/9.2.1/../../../arm-none-eabi/lib/thumb/v7e-m+fp/hard/libc.a(lib_a-atexit.o)
 .ARM.attributes
                0x00000000000004eb       0x34 /usr/lib/gcc/arm-none-eabi/9.2.1/../../../arm-none-eabi/lib/thumb/v7e-m+fp/hard/libc.a(lib_a-errno.o)
 .ARM.attributes
                0x000000000000051f       0x34 /usr/lib/gcc/arm-none-eabi/9.2.1/../../../arm-none-eabi/lib/thumb/v7e-m+fp/hard/libc.a(lib_a-fini.o)
 .ARM.attributes
                0x0000000000000553       0x32 /usr/lib/gcc/arm-none-eabi/9.2.1/../../../arm-none-eabi/lib/thumb/v7e-m+fp/hard/libc.a(lib_a-impure.o)
 .ARM.attributes
                0x0000000000000585       0x34 /usr/lib/gcc/arm-none-eabi/9.2.1/../../../arm-none-eabi/lib/thumb/v7e-m+fp/hard/libc.a(lib_a-init.o)
 .ARM.attributes
                0x00000000000005b9       0x34 /usr/lib/gcc/arm-none-eabi/9.2.1/../../../arm-none-eabi/lib/thumb/v7e-m+fp/hard/libc.a(lib_a-memset.o)
 .ARM.attributes
                0x00000000000005ed       0x34 /usr/lib/gcc/arm-none-eabi/9.2.1/../../../arm-none-eabi/lib/thumb/v7e-m+fp/hard/libc.a(lib_a-snprintf.o)
 .ARM.attributes
                0x0000000000000621       0x34 /usr/lib/gcc/arm-none-eabi/9.2.1/../../../arm-none-eabi/lib/thumb/v7e-m+fp/hard/libc.a(lib_a-svfprintf.o)
 .ARM.attributes
                0x0000000000000655       0x34 /usr/lib/gcc/arm-none-eabi/9.2.1/../../../arm-none-eabi/lib/thumb/v7e-m+fp/hard/libc.a(lib_a-__atexit.o)
 .ARM.attributes
                0x0000000000000689       0x34 /usr/lib/gcc/arm-none-eabi/9.2.1/../../../arm-none-eabi/lib/thumb/v7e-m+fp/hard/libc.a(lib_a-__call_atexit.o)
 .ARM.attributes
                0x00000000000006bd       0x34 /usr/lib/gcc/arm-none-eabi/9.2.1/../../../arm-none-eabi/lib/thumb/v7e-m+fp/hard/libc.a(lib_a-dtoa.o)
 .ARM.attributes
                0x00000000000006f1       0x34 /usr/lib/gcc/arm-none-eabi/9.2.1/../../../arm-none-eabi/lib/thumb/v7e-m+fp/hard/libc.a(lib_a-localeconv.o)
 .ARM.attributes
                0x0000000000000725       0x34 /usr/lib/gcc/arm-none-eabi/9.2.1/../../../arm-none-eabi/lib/thumb/v7e-m+fp/hard/libc.a(lib_a-mallocr.o)
 .ARM.attributes
                0x0000000000000759       0x1c /usr/lib/gcc/arm-none-eabi/9.2.1/../../../arm-none-eabi/lib/thumb/v7e-m+fp/hard/libc.a(lib_a-memchr.o)
 .ARM.attributes
                0x0000000000000775       0x1c /usr/lib/gcc/arm-none-eabi/9.2.1/../../../arm-none-eabi/lib/thumb/v7e-m+fp/hard/libc.a(lib_a-memcpy.o)
 .ARM.attributes
                0x0000000000000791       0x34 /usr/lib/gcc/arm-none-eabi/9.2.1/../../../arm-none-eabi/lib/thumb/v7e-m+fp/hard/libc.a(lib_a-mlock.o)
 .ARM.attributes
                0x00000000000007c5       0x34 /usr/lib/gcc/arm-none-eabi/9.2.1/../../../arm-none-eabi/lib/thumb/v7e-m+fp/hard/libc.a(lib_a-mprec.o)
 .ARM.attributes
                0x00000000000007f9       0x34 /usr/lib/gcc/arm-none-eabi/9.2.1/../../../arm-none-eabi/lib/thumb/v7e-m+fp/hard/libc.a(lib_a-sbrkr.o)
 .ARM.attributes
                0x000000000000082d       0x1c /usr/lib/gcc/arm-none-eabi/9.2.1/../../../arm-none-eabi/lib/thumb/v7e-m+fp/hard/libc.a(lib_a-strlen.o)
 .ARM.attributes
                0x0000000000000849       0x34 /usr/lib/gcc/arm-none-eabi/9.2.1/../../../arm-none-eabi/lib/thumb/v7e-m+fp/hard/libc.a(lib_a-svfiprintf.o)
 .ARM.attributes
                0x000000000000087d       0x34 /usr/lib/gcc/arm-none-eabi/9.2.1/../../../arm-none-eabi/lib/thumb/v7e-m+fp/hard/libc.a(lib_a-assert.o)
 .ARM.attributes
                0x00000000000008b1       0x34 /usr/lib/gcc/arm-none-eabi/9.2.1/../../../arm-none-eabi/lib/thumb/v7e-m+fp/hard/libc.a(lib_a-callocr.o)
 .ARM.attributes
                0x00000000000008e5       0x34 /usr/lib/gcc/arm-none-eabi/9.2.1/../../../arm-none-eabi/lib/thumb/v7e-m+fp/hard/libc.a(lib_a-fiprintf.o)
 .ARM.attributes
                0x0000000000000919       0x34 /usr/lib/gcc/arm-none-eabi/9.2.1/../../../arm-none-eabi/lib/thumb/v7e-m+fp/hard/libc.a(lib_a-freer.o)
 .ARM.attributes
                0x000000000000094d       0x34 /usr/lib/gcc/arm-none-eabi/9.2.1/../../../arm-none-eabi/lib/thumb/v7e-m+fp/hard/libc.a(lib_a-locale.o)
 .ARM.attributes
                0x0000000000000981       0x34 /usr/lib/gcc/arm-none-eabi/9.2.1/../../../arm-none-eabi/lib/thumb/v7e-m+fp/hard/libc.a(lib_a-mbtowc_r.o)
 .ARM.attributes
                0x00000000000009b5       0x34 /usr/lib/gcc/arm-none-eabi/9.2.1/../../../arm-none-eabi/lib/thumb/v7e-m+fp/hard/libc.a(lib_a-memmove.o)
 .ARM.attributes
                0x00000000000009e9       0x34 /usr/lib/gcc/arm-none-eabi/9.2.1/../../../arm-none-eabi/lib/thumb/v7e-m+fp/hard/libc.a(lib_a-reallocr.o)
 .ARM.attributes
                0x0000000000000a1d       0x34 /usr/lib/gcc/arm-none-eabi/9.2.1/../../../arm-none-eabi/lib/thumb/v7e-m+fp/hard/libc.a(lib_a-reent.o)
 .ARM.attributes
                0x0000000000000a51       0x1c /usr/lib/gcc/arm-none-eabi/9.2.1/../../../arm-none-eabi/lib/thumb/v7e-m+fp/hard/libc.a(lib_a-strcmp.o)
 .ARM.attributes
                0x0000000000000a6d       0x34 /usr/lib/gcc/arm-none-eabi/9.2.1/../../../arm-none-eabi/lib/thumb/v7e-m+fp/hard/libc.a(lib_a-vfiprintf.o)
 .ARM.attributes
                0x0000000000000aa1       0x34 /usr/lib/gcc/arm-none-eabi/9.2.1/../../../arm-none-eabi/lib/thumb/v7e-m+fp/hard/libc.a(lib_a-wctomb_r.o)
 .ARM.attributes
                0x0000000000000ad5       0x34 /usr/lib/gcc/arm-none-eabi/9.2.1/../../../arm-none-eabi/lib/thumb/v7e-m+fp/hard/libc.a(lib_a-wsetup.o)
 .ARM.attributes
                0x0000000000000b09       0x34 /usr/lib/gcc/arm-none-eabi/9.2.1/../../../arm-none-eabi/lib/thumb/v7e-m+fp/hard/libc.a(lib_a-abort.o)
 .ARM.attributes
                0x0000000000000b3d       0x32 /usr/lib/gcc/arm-none-eabi/9.2.1/../../../arm-none-eabi/lib/thumb/v7e-m+fp/hard/libc.a(lib_a-ctype_.o)
 .ARM.attributes
                0x0000000000000b6f       0x34 /usr/lib/gcc/arm-none-eabi/9.2.1/../../../arm-none-eabi/lib/thumb/v7e-m+fp/hard/libc.a(lib_a-fflush.o)
 .ARM.attributes
                0x0000000000000ba3       0x34 /usr/lib/gcc/arm-none-eabi/9.2.1/../../../arm-none-eabi/lib/thumb/v7e-m+fp/hard/libc.a(lib_a-findfp.o)
 .ARM.attributes
                0x0000000000000bd7       0x34 /usr/lib/gcc/arm-none-eabi/9.2.1/../../../arm-none-eabi/lib/thumb/v7e-m+fp/hard/libc.a(lib_a-fputwc.o)
 .ARM.attributes
                0x0000000000000c0b       0x34 /usr/lib/gcc/arm-none-eabi/9.2.1/../../../arm-none-eabi/lib/thumb/v7e-m+fp/hard/libc.a(lib_a-fvwrite.o)
 .ARM.attributes
                0x0000000000000c3f       0x34 /usr/lib/gcc/arm-none-eabi/9.2.1/../../../arm-none-eabi/lib/thumb/v7e-m+fp/hard/libc.a(lib_a-fwalk.o)
 .ARM.attributes
                0x0000000000000c73       0x34 /usr/lib/gcc/arm-none-eabi/9.2.1/../../../arm-none-eabi/lib/thumb/v7e-m+fp/hard/libc.a(lib_a-makebuf.o)
 .ARM.attributes
                0x0000000000000ca7       0x34 /usr/lib/gcc/arm-none-eabi/9.2.1/../../../arm-none-eabi/lib/thumb/v7e-m+fp/hard/libc.a(lib_a-signal.o)
 .ARM.attributes
                0x0000000000000cdb       0x34 /usr/lib/gcc/arm-none-eabi/9.2.1/../../../arm-none-eabi/lib/thumb/v7e-m+fp/hard/libc.a(lib_a-signalr.o)
 .ARM.attributes
                0x0000000000000d0f       0x34 /usr/lib/gcc/arm-none-eabi/9.2.1/../../../arm-none-eabi/lib/thumb/v7e-m+fp/hard/libc.a(lib_a-stdio.o)
 .ARM.attributes
                0x0000000000000d43       0x34 /usr/lib/gcc/arm-none-eabi/9.2.1/../../../arm-none-eabi/lib/thumb/v7e-m+fp/hard/libc.a(lib_a-wbuf.o)
 .ARM.attributes
                0x0000000000000d77       0x34 /usr/lib/gcc/arm-none-eabi/9.2.1/../../../arm-none-eabi/lib/thumb/v7e-m+fp/hard/libc.a(lib_a-wcrtomb.o)
 .ARM.attributes
                0x0000000000000dab       0x34 /usr/lib/gcc/arm-none-eabi/9.2.1/../../../arm-none-eabi/lib/thumb/v7e-m+fp/hard/libc.a(lib_a-writer.o)
 .ARM.attributes
                0x0000000000000ddf       0x34 /usr/lib/gcc/arm-none-eabi/9.2.1/../../../arm-none-eabi/lib/thumb/v7e-m+fp/hard/libc.a(lib_a-closer.o)
 .ARM.attributes
                0x0000000000000e13       0x34 /usr/lib/gcc/arm-none-eabi/9.2.1/../../../arm-none-eabi/lib/thumb/v7e-m+fp/hard/libc.a(lib_a-fclose.o)
 .ARM.attributes
                0x0000000000000e47       0x34 /usr/lib/gcc/arm-none-eabi/9.2.1/../../../arm-none-eabi/lib/thumb/v7e-m+fp/hard/libc.a(lib_a-fstatr.o)
 .ARM.attributes
                0x0000000000000e7b       0x34 /usr/lib/gcc/arm-none-eabi/9.2.1/../../../arm-none-eabi/lib/thumb/v7e-m+fp/hard/libc.a(lib_a-isattyr.o)
 .ARM.attributes
                0x0000000000000eaf       0x34 /usr/lib/gcc/arm-none-eabi/9.2.1/../../../arm-none-eabi/lib/thumb/v7e-m+fp/hard/libc.a(lib_a-lseekr.o)
 .ARM.attributes
                0x0000000000000ee3       0x34 /usr/lib/gcc/arm-none-eabi/9.2.1/../../../arm-none-eabi/lib/thumb/v7e-m+fp/hard/libc.a(lib_a-readr.o)
 .ARM.attributes
                0x0000000000000f17       0x1e /usr/lib/gcc/arm-none-eabi/9.2.1/thumb/v7e-m+fp/hard/libgcc.a(_arm_addsubdf3.o)
 .ARM.attributes
                0x0000000000000f35       0x1e /usr/lib/gcc/arm-none-eabi/9.2.1/thumb/v7e-m+fp/hard/libgcc.a(_arm_muldivdf3.o)
 .ARM.attributes
                0x0000000000000f53       0x1e /usr/lib/gcc/arm-none-eabi/9.2.1/thumb/v7e-m+fp/hard/libgcc.a(_arm_cmpdf2.o)
 .ARM.attributes
                0x0000000000000f71       0x1e /usr/lib/gcc/arm-none-eabi/9.2.1/thumb/v7e-m+fp/hard/libgcc.a(_arm_unorddf2.o)
 .ARM.attributes
                0x0000000000000f8f       0x1e /usr/lib/gcc/arm-none-eabi/9.2.1/thumb/v7e-m+fp/hard/libgcc.a(_arm_fixdfsi.o)
 .ARM.attributes
                0x0000000000000fad       0x1e /usr/lib/gcc/arm-none-eabi/9.2.1/thumb/v7e-m+fp/hard/libgcc.a(_aeabi_uldivmod.o)
 .ARM.attributes
                0x0000000000000fcb       0x34 /usr/lib/gcc/arm-none-eabi/9.2.1/thumb/v7e-m+fp/hard/libgcc.a(_udivmoddi4.o)
 .ARM.attributes
                0x0000000000000fff       0x1e /usr/lib/gcc/arm-none-eabi/9.2.1/thumb/v7e-m+fp/hard/libgcc.a(_dvmd_tls.o)
 .ARM.attributes
                0x000000000000101d       0x32 /usr/lib/gcc/arm-none-eabi/9.2.1/thumb/v7e-m+fp/hard/crtend.o
 .ARM.attributes
                0x000000000000104f       0x1e /usr/lib/gcc/arm-none-eabi/9.2.1/thumb/v7e-m+fp/hard/crtn.o
OUTPUT(build/404-rocket.elf elf32-littlearm)
LOAD linker stubs
LOAD /usr/lib/gcc/arm-none-eabi/9.2.1/../../../arm-none-eabi/lib/thumb/v7e-m+fp/hard/libc.a
LOAD /usr/lib/gcc/arm-none-eabi/9.2.1/../../../arm-none-eabi/lib/thumb/v7e-m+fp/hard/libm.a
LOAD /usr/lib/gcc/arm-none-eabi/9.2.1/thumb/v7e-m+fp/hard/libgcc.a

.comment        0x0000000000000000       0xa7
 .comment       0x0000000000000000       0x59 /usr/lib/gcc/arm-none-eabi/9.2.1/thumb/v7e-m+fp/hard/crtbegin.o
                                         0x5a (size before relaxing)
 .comment       0x0000000000000059       0x5a build/bno055.o
 .comment       0x0000000000000059       0x5a build/bno055_support.o
 .comment       0x0000000000000059       0x5a build/main.o
 .comment       0x0000000000000059       0x5a build/stm32f3xx_hal_msp.o
 .comment       0x0000000000000059       0x5a build/stm32f3xx_it.o
 .comment       0x0000000000000059       0x5a build/syscalls.o
 .comment       0x0000000000000059       0x5a build/sysmem.o
 .comment       0x0000000000000059       0x5a build/system_stm32f3xx.o
 .comment       0x0000000000000059       0x5a build/stm32f3xx_hal.o
 .comment       0x0000000000000059       0x5a build/stm32f3xx_hal_adc.o
 .comment       0x0000000000000059       0x5a build/stm32f3xx_hal_adc_ex.o
 .comment       0x0000000000000059       0x5a build/stm32f3xx_hal_cortex.o
 .comment       0x0000000000000059       0x5a build/stm32f3xx_hal_dma.o
 .comment       0x0000000000000059       0x5a build/stm32f3xx_hal_gpio.o
 .comment       0x0000000000000059       0x5a build/stm32f3xx_hal_i2c.o
 .comment       0x0000000000000059       0x5a build/stm32f3xx_hal_i2c_ex.o
 .comment       0x0000000000000059       0x5a build/stm32f3xx_hal_rcc.o
 .comment       0x0000000000000059       0x5a build/stm32f3xx_hal_rcc_ex.o
 .comment       0x0000000000000059       0x5a build/stm32f3xx_hal_tim.o
 .comment       0x0000000000000059       0x5a build/stm32f3xx_hal_tim_ex.o
 .comment       0x0000000000000059       0x5a build/stm32f3xx_hal_uart.o
 .comment       0x0000000000000059       0x4e /usr/lib/gcc/arm-none-eabi/9.2.1/../../../arm-none-eabi/lib/thumb/v7e-m+fp/hard/libc.a(lib_a-atexit.o)
                                         0x4f (size before relaxing)
 .comment       0x00000000000000a7       0x4f /usr/lib/gcc/arm-none-eabi/9.2.1/../../../arm-none-eabi/lib/thumb/v7e-m+fp/hard/libc.a(lib_a-errno.o)
 .comment       0x00000000000000a7       0x4f /usr/lib/gcc/arm-none-eabi/9.2.1/../../../arm-none-eabi/lib/thumb/v7e-m+fp/hard/libc.a(lib_a-fini.o)
 .comment       0x00000000000000a7       0x4f /usr/lib/gcc/arm-none-eabi/9.2.1/../../../arm-none-eabi/lib/thumb/v7e-m+fp/hard/libc.a(lib_a-impure.o)
 .comment       0x00000000000000a7       0x4f /usr/lib/gcc/arm-none-eabi/9.2.1/../../../arm-none-eabi/lib/thumb/v7e-m+fp/hard/libc.a(lib_a-init.o)
 .comment       0x00000000000000a7       0x4f /usr/lib/gcc/arm-none-eabi/9.2.1/../../../arm-none-eabi/lib/thumb/v7e-m+fp/hard/libc.a(lib_a-memset.o)
 .comment       0x00000000000000a7       0x4f /usr/lib/gcc/arm-none-eabi/9.2.1/../../../arm-none-eabi/lib/thumb/v7e-m+fp/hard/libc.a(lib_a-snprintf.o)
 .comment       0x00000000000000a7       0x4f /usr/lib/gcc/arm-none-eabi/9.2.1/../../../arm-none-eabi/lib/thumb/v7e-m+fp/hard/libc.a(lib_a-svfprintf.o)
 .comment       0x00000000000000a7       0x4f /usr/lib/gcc/arm-none-eabi/9.2.1/../../../arm-none-eabi/lib/thumb/v7e-m+fp/hard/libc.a(lib_a-__atexit.o)
 .comment       0x00000000000000a7       0x4f /usr/lib/gcc/arm-none-eabi/9.2.1/../../../arm-none-eabi/lib/thumb/v7e-m+fp/hard/libc.a(lib_a-__call_atexit.o)
 .comment       0x00000000000000a7       0x4f /usr/lib/gcc/arm-none-eabi/9.2.1/../../../arm-none-eabi/lib/thumb/v7e-m+fp/hard/libc.a(lib_a-dtoa.o)
 .comment       0x00000000000000a7       0x4f /usr/lib/gcc/arm-none-eabi/9.2.1/../../../arm-none-eabi/lib/thumb/v7e-m+fp/hard/libc.a(lib_a-localeconv.o)
 .comment       0x00000000000000a7       0x4f /usr/lib/gcc/arm-none-eabi/9.2.1/../../../arm-none-eabi/lib/thumb/v7e-m+fp/hard/libc.a(lib_a-mallocr.o)
 .comment       0x00000000000000a7       0x4f /usr/lib/gcc/arm-none-eabi/9.2.1/../../../arm-none-eabi/lib/thumb/v7e-m+fp/hard/libc.a(lib_a-mlock.o)
 .comment       0x00000000000000a7       0x4f /usr/lib/gcc/arm-none-eabi/9.2.1/../../../arm-none-eabi/lib/thumb/v7e-m+fp/hard/libc.a(lib_a-mprec.o)
 .comment       0x00000000000000a7       0x4f /usr/lib/gcc/arm-none-eabi/9.2.1/../../../arm-none-eabi/lib/thumb/v7e-m+fp/hard/libc.a(lib_a-sbrkr.o)
 .comment       0x00000000000000a7       0x4f /usr/lib/gcc/arm-none-eabi/9.2.1/../../../arm-none-eabi/lib/thumb/v7e-m+fp/hard/libc.a(lib_a-svfiprintf.o)
 .comment       0x00000000000000a7       0x4f /usr/lib/gcc/arm-none-eabi/9.2.1/../../../arm-none-eabi/lib/thumb/v7e-m+fp/hard/libc.a(lib_a-assert.o)
 .comment       0x00000000000000a7       0x4f /usr/lib/gcc/arm-none-eabi/9.2.1/../../../arm-none-eabi/lib/thumb/v7e-m+fp/hard/libc.a(lib_a-callocr.o)
 .comment       0x00000000000000a7       0x4f /usr/lib/gcc/arm-none-eabi/9.2.1/../../../arm-none-eabi/lib/thumb/v7e-m+fp/hard/libc.a(lib_a-fiprintf.o)
 .comment       0x00000000000000a7       0x4f /usr/lib/gcc/arm-none-eabi/9.2.1/../../../arm-none-eabi/lib/thumb/v7e-m+fp/hard/libc.a(lib_a-freer.o)
 .comment       0x00000000000000a7       0x4f /usr/lib/gcc/arm-none-eabi/9.2.1/../../../arm-none-eabi/lib/thumb/v7e-m+fp/hard/libc.a(lib_a-locale.o)
 .comment       0x00000000000000a7       0x4f /usr/lib/gcc/arm-none-eabi/9.2.1/../../../arm-none-eabi/lib/thumb/v7e-m+fp/hard/libc.a(lib_a-mbtowc_r.o)
 .comment       0x00000000000000a7       0x4f /usr/lib/gcc/arm-none-eabi/9.2.1/../../../arm-none-eabi/lib/thumb/v7e-m+fp/hard/libc.a(lib_a-memmove.o)
 .comment       0x00000000000000a7       0x4f /usr/lib/gcc/arm-none-eabi/9.2.1/../../../arm-none-eabi/lib/thumb/v7e-m+fp/hard/libc.a(lib_a-reallocr.o)
 .comment       0x00000000000000a7       0x4f /usr/lib/gcc/arm-none-eabi/9.2.1/../../../arm-none-eabi/lib/thumb/v7e-m+fp/hard/libc.a(lib_a-reent.o)
 .comment       0x00000000000000a7       0x4f /usr/lib/gcc/arm-none-eabi/9.2.1/../../../arm-none-eabi/lib/thumb/v7e-m+fp/hard/libc.a(lib_a-vfiprintf.o)
 .comment       0x00000000000000a7       0x4f /usr/lib/gcc/arm-none-eabi/9.2.1/../../../arm-none-eabi/lib/thumb/v7e-m+fp/hard/libc.a(lib_a-wctomb_r.o)
 .comment       0x00000000000000a7       0x4f /usr/lib/gcc/arm-none-eabi/9.2.1/../../../arm-none-eabi/lib/thumb/v7e-m+fp/hard/libc.a(lib_a-wsetup.o)
 .comment       0x00000000000000a7       0x4f /usr/lib/gcc/arm-none-eabi/9.2.1/../../../arm-none-eabi/lib/thumb/v7e-m+fp/hard/libc.a(lib_a-abort.o)
 .comment       0x00000000000000a7       0x4f /usr/lib/gcc/arm-none-eabi/9.2.1/../../../arm-none-eabi/lib/thumb/v7e-m+fp/hard/libc.a(lib_a-ctype_.o)
 .comment       0x00000000000000a7       0x4f /usr/lib/gcc/arm-none-eabi/9.2.1/../../../arm-none-eabi/lib/thumb/v7e-m+fp/hard/libc.a(lib_a-fflush.o)
 .comment       0x00000000000000a7       0x4f /usr/lib/gcc/arm-none-eabi/9.2.1/../../../arm-none-eabi/lib/thumb/v7e-m+fp/hard/libc.a(lib_a-findfp.o)
 .comment       0x00000000000000a7       0x4f /usr/lib/gcc/arm-none-eabi/9.2.1/../../../arm-none-eabi/lib/thumb/v7e-m+fp/hard/libc.a(lib_a-fputwc.o)
 .comment       0x00000000000000a7       0x4f /usr/lib/gcc/arm-none-eabi/9.2.1/../../../arm-none-eabi/lib/thumb/v7e-m+fp/hard/libc.a(lib_a-fvwrite.o)
 .comment       0x00000000000000a7       0x4f /usr/lib/gcc/arm-none-eabi/9.2.1/../../../arm-none-eabi/lib/thumb/v7e-m+fp/hard/libc.a(lib_a-fwalk.o)
 .comment       0x00000000000000a7       0x4f /usr/lib/gcc/arm-none-eabi/9.2.1/../../../arm-none-eabi/lib/thumb/v7e-m+fp/hard/libc.a(lib_a-makebuf.o)
 .comment       0x00000000000000a7       0x4f /usr/lib/gcc/arm-none-eabi/9.2.1/../../../arm-none-eabi/lib/thumb/v7e-m+fp/hard/libc.a(lib_a-signal.o)
 .comment       0x00000000000000a7       0x4f /usr/lib/gcc/arm-none-eabi/9.2.1/../../../arm-none-eabi/lib/thumb/v7e-m+fp/hard/libc.a(lib_a-signalr.o)
 .comment       0x00000000000000a7       0x4f /usr/lib/gcc/arm-none-eabi/9.2.1/../../../arm-none-eabi/lib/thumb/v7e-m+fp/hard/libc.a(lib_a-stdio.o)
 .comment       0x00000000000000a7       0x4f /usr/lib/gcc/arm-none-eabi/9.2.1/../../../arm-none-eabi/lib/thumb/v7e-m+fp/hard/libc.a(lib_a-wbuf.o)
 .comment       0x00000000000000a7       0x4f /usr/lib/gcc/arm-none-eabi/9.2.1/../../../arm-none-eabi/lib/thumb/v7e-m+fp/hard/libc.a(lib_a-wcrtomb.o)
 .comment       0x00000000000000a7       0x4f /usr/lib/gcc/arm-none-eabi/9.2.1/../../../arm-none-eabi/lib/thumb/v7e-m+fp/hard/libc.a(lib_a-writer.o)
 .comment       0x00000000000000a7       0x4f /usr/lib/gcc/arm-none-eabi/9.2.1/../../../arm-none-eabi/lib/thumb/v7e-m+fp/hard/libc.a(lib_a-closer.o)
 .comment       0x00000000000000a7       0x4f /usr/lib/gcc/arm-none-eabi/9.2.1/../../../arm-none-eabi/lib/thumb/v7e-m+fp/hard/libc.a(lib_a-fclose.o)
 .comment       0x00000000000000a7       0x4f /usr/lib/gcc/arm-none-eabi/9.2.1/../../../arm-none-eabi/lib/thumb/v7e-m+fp/hard/libc.a(lib_a-fstatr.o)
 .comment       0x00000000000000a7       0x4f /usr/lib/gcc/arm-none-eabi/9.2.1/../../../arm-none-eabi/lib/thumb/v7e-m+fp/hard/libc.a(lib_a-isattyr.o)
 .comment       0x00000000000000a7       0x4f /usr/lib/gcc/arm-none-eabi/9.2.1/../../../arm-none-eabi/lib/thumb/v7e-m+fp/hard/libc.a(lib_a-lseekr.o)
 .comment       0x00000000000000a7       0x4f /usr/lib/gcc/arm-none-eabi/9.2.1/../../../arm-none-eabi/lib/thumb/v7e-m+fp/hard/libc.a(lib_a-readr.o)
 .comment       0x00000000000000a7       0x5a /usr/lib/gcc/arm-none-eabi/9.2.1/thumb/v7e-m+fp/hard/libgcc.a(_udivmoddi4.o)
 .comment       0x00000000000000a7       0x5a /usr/lib/gcc/arm-none-eabi/9.2.1/thumb/v7e-m+fp/hard/crtend.o

.debug_info     0x0000000000000000    0x5903c
 .debug_info    0x0000000000000000     0xd780 build/bno055.o
 .debug_info    0x000000000000d780     0x1b3e build/bno055_support.o
 .debug_info    0x000000000000f2be     0x2554 build/main.o
 .debug_info    0x0000000000011812     0x1b4c build/stm32f3xx_hal_msp.o
 .debug_info    0x000000000001335e      0xe05 build/stm32f3xx_it.o
 .debug_info    0x0000000000014163     0x120b build/syscalls.o
 .debug_info    0x000000000001536e      0xb0b build/sysmem.o
 .debug_info    0x0000000000015e79      0x4e5 build/system_stm32f3xx.o
 .debug_info    0x000000000001635e      0x913 build/stm32f3xx_hal.o
 .debug_info    0x0000000000016c71      0xdda build/stm32f3xx_hal_adc.o
 .debug_info    0x0000000000017a4b     0x2036 build/stm32f3xx_hal_adc_ex.o
 .debug_info    0x0000000000019a81      0xed7 build/stm32f3xx_hal_cortex.o
 .debug_info    0x000000000001a958      0x9d0 build/stm32f3xx_hal_dma.o
 .debug_info    0x000000000001b328      0x8f1 build/stm32f3xx_hal_gpio.o
 .debug_info    0x000000000001bc19     0x41ec build/stm32f3xx_hal_i2c.o
 .debug_info    0x000000000001fe05      0xafb build/stm32f3xx_hal_i2c_ex.o
 .debug_info    0x0000000000020900     0x171f build/stm32f3xx_hal_rcc.o
 .debug_info    0x000000000002201f      0x73e build/stm32f3xx_hal_rcc_ex.o
 .debug_info    0x000000000002275d     0x4256 build/stm32f3xx_hal_tim.o
 .debug_info    0x00000000000269b3     0x1de8 build/stm32f3xx_hal_tim_ex.o
 .debug_info    0x000000000002879b     0x51c9 build/stm32f3xx_hal_uart.o
 .debug_info    0x000000000002d964       0x22 build/startup_stm32f303x8.o
 .debug_info    0x000000000002d986      0x995 /usr/lib/gcc/arm-none-eabi/9.2.1/../../../arm-none-eabi/lib/thumb/v7e-m+fp/hard/libc.a(lib_a-atexit.o)
 .debug_info    0x000000000002e31b      0x953 /usr/lib/gcc/arm-none-eabi/9.2.1/../../../arm-none-eabi/lib/thumb/v7e-m+fp/hard/libc.a(lib_a-errno.o)
 .debug_info    0x000000000002ec6e      0x102 /usr/lib/gcc/arm-none-eabi/9.2.1/../../../arm-none-eabi/lib/thumb/v7e-m+fp/hard/libc.a(lib_a-fini.o)
 .debug_info    0x000000000002ed70      0x92a /usr/lib/gcc/arm-none-eabi/9.2.1/../../../arm-none-eabi/lib/thumb/v7e-m+fp/hard/libc.a(lib_a-impure.o)
 .debug_info    0x000000000002f69a      0x11a /usr/lib/gcc/arm-none-eabi/9.2.1/../../../arm-none-eabi/lib/thumb/v7e-m+fp/hard/libc.a(lib_a-init.o)
 .debug_info    0x000000000002f7b4      0xf21 /usr/lib/gcc/arm-none-eabi/9.2.1/../../../arm-none-eabi/lib/thumb/v7e-m+fp/hard/libc.a(lib_a-memset.o)
 .debug_info    0x00000000000306d5      0xd4a /usr/lib/gcc/arm-none-eabi/9.2.1/../../../arm-none-eabi/lib/thumb/v7e-m+fp/hard/libc.a(lib_a-snprintf.o)
 .debug_info    0x000000000003141f     0x1ebd /usr/lib/gcc/arm-none-eabi/9.2.1/../../../arm-none-eabi/lib/thumb/v7e-m+fp/hard/libc.a(lib_a-svfprintf.o)
 .debug_info    0x00000000000332dc      0x9d5 /usr/lib/gcc/arm-none-eabi/9.2.1/../../../arm-none-eabi/lib/thumb/v7e-m+fp/hard/libc.a(lib_a-__atexit.o)
 .debug_info    0x0000000000033cb1      0xa56 /usr/lib/gcc/arm-none-eabi/9.2.1/../../../arm-none-eabi/lib/thumb/v7e-m+fp/hard/libc.a(lib_a-__call_atexit.o)
 .debug_info    0x0000000000034707     0x1acf /usr/lib/gcc/arm-none-eabi/9.2.1/../../../arm-none-eabi/lib/thumb/v7e-m+fp/hard/libc.a(lib_a-dtoa.o)
 .debug_info    0x00000000000361d6      0xf49 /usr/lib/gcc/arm-none-eabi/9.2.1/../../../arm-none-eabi/lib/thumb/v7e-m+fp/hard/libc.a(lib_a-localeconv.o)
 .debug_info    0x000000000003711f      0xf41 /usr/lib/gcc/arm-none-eabi/9.2.1/../../../arm-none-eabi/lib/thumb/v7e-m+fp/hard/libc.a(lib_a-mallocr.o)
 .debug_info    0x0000000000038060       0x26 /usr/lib/gcc/arm-none-eabi/9.2.1/../../../arm-none-eabi/lib/thumb/v7e-m+fp/hard/libc.a(lib_a-memchr.o)
 .debug_info    0x0000000000038086       0x26 /usr/lib/gcc/arm-none-eabi/9.2.1/../../../arm-none-eabi/lib/thumb/v7e-m+fp/hard/libc.a(lib_a-memcpy.o)
 .debug_info    0x00000000000380ac      0x961 /usr/lib/gcc/arm-none-eabi/9.2.1/../../../arm-none-eabi/lib/thumb/v7e-m+fp/hard/libc.a(lib_a-mlock.o)
 .debug_info    0x0000000000038a0d     0x228d /usr/lib/gcc/arm-none-eabi/9.2.1/../../../arm-none-eabi/lib/thumb/v7e-m+fp/hard/libc.a(lib_a-mprec.o)
 .debug_info    0x000000000003ac9a      0x9fb /usr/lib/gcc/arm-none-eabi/9.2.1/../../../arm-none-eabi/lib/thumb/v7e-m+fp/hard/libc.a(lib_a-sbrkr.o)
 .debug_info    0x000000000003b695       0x26 /usr/lib/gcc/arm-none-eabi/9.2.1/../../../arm-none-eabi/lib/thumb/v7e-m+fp/hard/libc.a(lib_a-strlen.o)
 .debug_info    0x000000000003b6bb     0x18fe /usr/lib/gcc/arm-none-eabi/9.2.1/../../../arm-none-eabi/lib/thumb/v7e-m+fp/hard/libc.a(lib_a-svfiprintf.o)
 .debug_info    0x000000000003cfb9      0xa41 /usr/lib/gcc/arm-none-eabi/9.2.1/../../../arm-none-eabi/lib/thumb/v7e-m+fp/hard/libc.a(lib_a-assert.o)
 .debug_info    0x000000000003d9fa      0xc2f /usr/lib/gcc/arm-none-eabi/9.2.1/../../../arm-none-eabi/lib/thumb/v7e-m+fp/hard/libc.a(lib_a-callocr.o)
 .debug_info    0x000000000003e629      0xa71 /usr/lib/gcc/arm-none-eabi/9.2.1/../../../arm-none-eabi/lib/thumb/v7e-m+fp/hard/libc.a(lib_a-fiprintf.o)
 .debug_info    0x000000000003f09a      0xdc4 /usr/lib/gcc/arm-none-eabi/9.2.1/../../../arm-none-eabi/lib/thumb/v7e-m+fp/hard/libc.a(lib_a-freer.o)
 .debug_info    0x000000000003fe5e     0x10ca /usr/lib/gcc/arm-none-eabi/9.2.1/../../../arm-none-eabi/lib/thumb/v7e-m+fp/hard/libc.a(lib_a-locale.o)
 .debug_info    0x0000000000040f28     0x1044 /usr/lib/gcc/arm-none-eabi/9.2.1/../../../arm-none-eabi/lib/thumb/v7e-m+fp/hard/libc.a(lib_a-mbtowc_r.o)
 .debug_info    0x0000000000041f6c      0xf2b /usr/lib/gcc/arm-none-eabi/9.2.1/../../../arm-none-eabi/lib/thumb/v7e-m+fp/hard/libc.a(lib_a-memmove.o)
 .debug_info    0x0000000000042e97      0xefd /usr/lib/gcc/arm-none-eabi/9.2.1/../../../arm-none-eabi/lib/thumb/v7e-m+fp/hard/libc.a(lib_a-reallocr.o)
 .debug_info    0x0000000000043d94      0xac5 /usr/lib/gcc/arm-none-eabi/9.2.1/../../../arm-none-eabi/lib/thumb/v7e-m+fp/hard/libc.a(lib_a-reent.o)
 .debug_info    0x0000000000044859       0x26 /usr/lib/gcc/arm-none-eabi/9.2.1/../../../arm-none-eabi/lib/thumb/v7e-m+fp/hard/libc.a(lib_a-strcmp.o)
 .debug_info    0x000000000004487f     0x1eb6 /usr/lib/gcc/arm-none-eabi/9.2.1/../../../arm-none-eabi/lib/thumb/v7e-m+fp/hard/libc.a(lib_a-vfiprintf.o)
 .debug_info    0x0000000000046735      0xffd /usr/lib/gcc/arm-none-eabi/9.2.1/../../../arm-none-eabi/lib/thumb/v7e-m+fp/hard/libc.a(lib_a-wctomb_r.o)
 .debug_info    0x0000000000047732      0xbf3 /usr/lib/gcc/arm-none-eabi/9.2.1/../../../arm-none-eabi/lib/thumb/v7e-m+fp/hard/libc.a(lib_a-wsetup.o)
 .debug_info    0x0000000000048325      0x9b5 /usr/lib/gcc/arm-none-eabi/9.2.1/../../../arm-none-eabi/lib/thumb/v7e-m+fp/hard/libc.a(lib_a-abort.o)
 .debug_info    0x0000000000048cda      0xe91 /usr/lib/gcc/arm-none-eabi/9.2.1/../../../arm-none-eabi/lib/thumb/v7e-m+fp/hard/libc.a(lib_a-ctype_.o)
 .debug_info    0x0000000000049b6b      0xd73 /usr/lib/gcc/arm-none-eabi/9.2.1/../../../arm-none-eabi/lib/thumb/v7e-m+fp/hard/libc.a(lib_a-fflush.o)
 .debug_info    0x000000000004a8de     0x1143 /usr/lib/gcc/arm-none-eabi/9.2.1/../../../arm-none-eabi/lib/thumb/v7e-m+fp/hard/libc.a(lib_a-findfp.o)
 .debug_info    0x000000000004ba21      0xe4a /usr/lib/gcc/arm-none-eabi/9.2.1/../../../arm-none-eabi/lib/thumb/v7e-m+fp/hard/libc.a(lib_a-fputwc.o)
 .debug_info    0x000000000004c86b      0xeed /usr/lib/gcc/arm-none-eabi/9.2.1/../../../arm-none-eabi/lib/thumb/v7e-m+fp/hard/libc.a(lib_a-fvwrite.o)
 .debug_info    0x000000000004d758      0xca4 /usr/lib/gcc/arm-none-eabi/9.2.1/../../../arm-none-eabi/lib/thumb/v7e-m+fp/hard/libc.a(lib_a-fwalk.o)
 .debug_info    0x000000000004e3fc      0xf69 /usr/lib/gcc/arm-none-eabi/9.2.1/../../../arm-none-eabi/lib/thumb/v7e-m+fp/hard/libc.a(lib_a-makebuf.o)
 .debug_info    0x000000000004f365      0xd5c /usr/lib/gcc/arm-none-eabi/9.2.1/../../../arm-none-eabi/lib/thumb/v7e-m+fp/hard/libc.a(lib_a-signal.o)
 .debug_info    0x00000000000500c1      0xa44 /usr/lib/gcc/arm-none-eabi/9.2.1/../../../arm-none-eabi/lib/thumb/v7e-m+fp/hard/libc.a(lib_a-signalr.o)
 .debug_info    0x0000000000050b05      0xe67 /usr/lib/gcc/arm-none-eabi/9.2.1/../../../arm-none-eabi/lib/thumb/v7e-m+fp/hard/libc.a(lib_a-stdio.o)
 .debug_info    0x000000000005196c      0xc90 /usr/lib/gcc/arm-none-eabi/9.2.1/../../../arm-none-eabi/lib/thumb/v7e-m+fp/hard/libc.a(lib_a-wbuf.o)
 .debug_info    0x00000000000525fc     0x10b3 /usr/lib/gcc/arm-none-eabi/9.2.1/../../../arm-none-eabi/lib/thumb/v7e-m+fp/hard/libc.a(lib_a-wcrtomb.o)
 .debug_info    0x00000000000536af      0xa2c /usr/lib/gcc/arm-none-eabi/9.2.1/../../../arm-none-eabi/lib/thumb/v7e-m+fp/hard/libc.a(lib_a-writer.o)
 .debug_info    0x00000000000540db      0x9d8 /usr/lib/gcc/arm-none-eabi/9.2.1/../../../arm-none-eabi/lib/thumb/v7e-m+fp/hard/libc.a(lib_a-closer.o)
 .debug_info    0x0000000000054ab3      0xcd5 /usr/lib/gcc/arm-none-eabi/9.2.1/../../../arm-none-eabi/lib/thumb/v7e-m+fp/hard/libc.a(lib_a-fclose.o)
 .debug_info    0x0000000000055788      0xc24 /usr/lib/gcc/arm-none-eabi/9.2.1/../../../arm-none-eabi/lib/thumb/v7e-m+fp/hard/libc.a(lib_a-fstatr.o)
 .debug_info    0x00000000000563ac      0x9d8 /usr/lib/gcc/arm-none-eabi/9.2.1/../../../arm-none-eabi/lib/thumb/v7e-m+fp/hard/libc.a(lib_a-isattyr.o)
 .debug_info    0x0000000000056d84      0xa0d /usr/lib/gcc/arm-none-eabi/9.2.1/../../../arm-none-eabi/lib/thumb/v7e-m+fp/hard/libc.a(lib_a-lseekr.o)
 .debug_info    0x0000000000057791      0xa25 /usr/lib/gcc/arm-none-eabi/9.2.1/../../../arm-none-eabi/lib/thumb/v7e-m+fp/hard/libc.a(lib_a-readr.o)
 .debug_info    0x00000000000581b6       0x26 /usr/lib/gcc/arm-none-eabi/9.2.1/thumb/v7e-m+fp/hard/libgcc.a(_arm_addsubdf3.o)
 .debug_info    0x00000000000581dc       0x26 /usr/lib/gcc/arm-none-eabi/9.2.1/thumb/v7e-m+fp/hard/libgcc.a(_arm_muldivdf3.o)
 .debug_info    0x0000000000058202       0x26 /usr/lib/gcc/arm-none-eabi/9.2.1/thumb/v7e-m+fp/hard/libgcc.a(_arm_cmpdf2.o)
 .debug_info    0x0000000000058228       0x26 /usr/lib/gcc/arm-none-eabi/9.2.1/thumb/v7e-m+fp/hard/libgcc.a(_arm_unorddf2.o)
 .debug_info    0x000000000005824e       0x26 /usr/lib/gcc/arm-none-eabi/9.2.1/thumb/v7e-m+fp/hard/libgcc.a(_arm_fixdfsi.o)
 .debug_info    0x0000000000058274       0x26 /usr/lib/gcc/arm-none-eabi/9.2.1/thumb/v7e-m+fp/hard/libgcc.a(_aeabi_uldivmod.o)
 .debug_info    0x000000000005829a      0xd7c /usr/lib/gcc/arm-none-eabi/9.2.1/thumb/v7e-m+fp/hard/libgcc.a(_udivmoddi4.o)
 .debug_info    0x0000000000059016       0x26 /usr/lib/gcc/arm-none-eabi/9.2.1/thumb/v7e-m+fp/hard/libgcc.a(_dvmd_tls.o)

.debug_abbrev   0x0000000000000000     0xb67f
 .debug_abbrev  0x0000000000000000      0x20c build/bno055.o
 .debug_abbrev  0x000000000000020c      0x2a4 build/bno055_support.o
 .debug_abbrev  0x00000000000004b0      0x354 build/main.o
 .debug_abbrev  0x0000000000000804      0x253 build/stm32f3xx_hal_msp.o
 .debug_abbrev  0x0000000000000a57      0x1c1 build/stm32f3xx_it.o
 .debug_abbrev  0x0000000000000c18      0x2e6 build/syscalls.o
 .debug_abbrev  0x0000000000000efe      0x21f build/sysmem.o
 .debug_abbrev  0x000000000000111d      0x14a build/system_stm32f3xx.o
 .debug_abbrev  0x0000000000001267      0x21c build/stm32f3xx_hal.o
 .debug_abbrev  0x0000000000001483      0x1ba build/stm32f3xx_hal_adc.o
 .debug_abbrev  0x000000000000163d      0x338 build/stm32f3xx_hal_adc_ex.o
 .debug_abbrev  0x0000000000001975      0x37f build/stm32f3xx_hal_cortex.o
 .debug_abbrev  0x0000000000001cf4      0x28c build/stm32f3xx_hal_dma.o
 .debug_abbrev  0x0000000000001f80      0x24f build/stm32f3xx_hal_gpio.o
 .debug_abbrev  0x00000000000021cf      0x2e8 build/stm32f3xx_hal_i2c.o
 .debug_abbrev  0x00000000000024b7      0x1e2 build/stm32f3xx_hal_i2c_ex.o
 .debug_abbrev  0x0000000000002699      0x323 build/stm32f3xx_hal_rcc.o
 .debug_abbrev  0x00000000000029bc      0x292 build/stm32f3xx_hal_rcc_ex.o
 .debug_abbrev  0x0000000000002c4e      0x2af build/stm32f3xx_hal_tim.o
 .debug_abbrev  0x0000000000002efd      0x2ab build/stm32f3xx_hal_tim_ex.o
 .debug_abbrev  0x00000000000031a8      0x340 build/stm32f3xx_hal_uart.o
 .debug_abbrev  0x00000000000034e8       0x12 build/startup_stm32f303x8.o
 .debug_abbrev  0x00000000000034fa      0x232 /usr/lib/gcc/arm-none-eabi/9.2.1/../../../arm-none-eabi/lib/thumb/v7e-m+fp/hard/libc.a(lib_a-atexit.o)
 .debug_abbrev  0x000000000000372c      0x1d6 /usr/lib/gcc/arm-none-eabi/9.2.1/../../../arm-none-eabi/lib/thumb/v7e-m+fp/hard/libc.a(lib_a-errno.o)
 .debug_abbrev  0x0000000000003902       0xcf /usr/lib/gcc/arm-none-eabi/9.2.1/../../../arm-none-eabi/lib/thumb/v7e-m+fp/hard/libc.a(lib_a-fini.o)
 .debug_abbrev  0x00000000000039d1      0x1b8 /usr/lib/gcc/arm-none-eabi/9.2.1/../../../arm-none-eabi/lib/thumb/v7e-m+fp/hard/libc.a(lib_a-impure.o)
 .debug_abbrev  0x0000000000003b89       0xcc /usr/lib/gcc/arm-none-eabi/9.2.1/../../../arm-none-eabi/lib/thumb/v7e-m+fp/hard/libc.a(lib_a-init.o)
 .debug_abbrev  0x0000000000003c55      0x217 /usr/lib/gcc/arm-none-eabi/9.2.1/../../../arm-none-eabi/lib/thumb/v7e-m+fp/hard/libc.a(lib_a-memset.o)
 .debug_abbrev  0x0000000000003e6c      0x2ba /usr/lib/gcc/arm-none-eabi/9.2.1/../../../arm-none-eabi/lib/thumb/v7e-m+fp/hard/libc.a(lib_a-snprintf.o)
 .debug_abbrev  0x0000000000004126      0x415 /usr/lib/gcc/arm-none-eabi/9.2.1/../../../arm-none-eabi/lib/thumb/v7e-m+fp/hard/libc.a(lib_a-svfprintf.o)
 .debug_abbrev  0x000000000000453b      0x252 /usr/lib/gcc/arm-none-eabi/9.2.1/../../../arm-none-eabi/lib/thumb/v7e-m+fp/hard/libc.a(lib_a-__atexit.o)
 .debug_abbrev  0x000000000000478d      0x2b2 /usr/lib/gcc/arm-none-eabi/9.2.1/../../../arm-none-eabi/lib/thumb/v7e-m+fp/hard/libc.a(lib_a-__call_atexit.o)
 .debug_abbrev  0x0000000000004a3f      0x343 /usr/lib/gcc/arm-none-eabi/9.2.1/../../../arm-none-eabi/lib/thumb/v7e-m+fp/hard/libc.a(lib_a-dtoa.o)
 .debug_abbrev  0x0000000000004d82      0x27d /usr/lib/gcc/arm-none-eabi/9.2.1/../../../arm-none-eabi/lib/thumb/v7e-m+fp/hard/libc.a(lib_a-localeconv.o)
 .debug_abbrev  0x0000000000004fff      0x321 /usr/lib/gcc/arm-none-eabi/9.2.1/../../../arm-none-eabi/lib/thumb/v7e-m+fp/hard/libc.a(lib_a-mallocr.o)
 .debug_abbrev  0x0000000000005320       0x14 /usr/lib/gcc/arm-none-eabi/9.2.1/../../../arm-none-eabi/lib/thumb/v7e-m+fp/hard/libc.a(lib_a-memchr.o)
 .debug_abbrev  0x0000000000005334       0x14 /usr/lib/gcc/arm-none-eabi/9.2.1/../../../arm-none-eabi/lib/thumb/v7e-m+fp/hard/libc.a(lib_a-memcpy.o)
 .debug_abbrev  0x0000000000005348      0x203 /usr/lib/gcc/arm-none-eabi/9.2.1/../../../arm-none-eabi/lib/thumb/v7e-m+fp/hard/libc.a(lib_a-mlock.o)
 .debug_abbrev  0x000000000000554b      0x4b7 /usr/lib/gcc/arm-none-eabi/9.2.1/../../../arm-none-eabi/lib/thumb/v7e-m+fp/hard/libc.a(lib_a-mprec.o)
 .debug_abbrev  0x0000000000005a02      0x250 /usr/lib/gcc/arm-none-eabi/9.2.1/../../../arm-none-eabi/lib/thumb/v7e-m+fp/hard/libc.a(lib_a-sbrkr.o)
 .debug_abbrev  0x0000000000005c52       0x14 /usr/lib/gcc/arm-none-eabi/9.2.1/../../../arm-none-eabi/lib/thumb/v7e-m+fp/hard/libc.a(lib_a-strlen.o)
 .debug_abbrev  0x0000000000005c66      0x352 /usr/lib/gcc/arm-none-eabi/9.2.1/../../../arm-none-eabi/lib/thumb/v7e-m+fp/hard/libc.a(lib_a-svfiprintf.o)
 .debug_abbrev  0x0000000000005fb8      0x23d /usr/lib/gcc/arm-none-eabi/9.2.1/../../../arm-none-eabi/lib/thumb/v7e-m+fp/hard/libc.a(lib_a-assert.o)
 .debug_abbrev  0x00000000000061f5      0x275 /usr/lib/gcc/arm-none-eabi/9.2.1/../../../arm-none-eabi/lib/thumb/v7e-m+fp/hard/libc.a(lib_a-callocr.o)
 .debug_abbrev  0x000000000000646a      0x255 /usr/lib/gcc/arm-none-eabi/9.2.1/../../../arm-none-eabi/lib/thumb/v7e-m+fp/hard/libc.a(lib_a-fiprintf.o)
 .debug_abbrev  0x00000000000066bf      0x2c9 /usr/lib/gcc/arm-none-eabi/9.2.1/../../../arm-none-eabi/lib/thumb/v7e-m+fp/hard/libc.a(lib_a-freer.o)