Archive member included to satisfy reference by file (symbol)

/usr/lib/gcc/arm-none-eabi/12.1.0/../../../../arm-none-eabi/lib/thumb/v7e-m+fp/hard/libc_nano.a(lib_a-atexit.o)
                              /usr/lib/gcc/arm-none-eabi/12.1.0/../../../../arm-none-eabi/lib/thumb/v7e-m+fp/hard/crt0.o (atexit)
/usr/lib/gcc/arm-none-eabi/12.1.0/../../../../arm-none-eabi/lib/thumb/v7e-m+fp/hard/libc_nano.a(lib_a-errno.o)
                              build/syscalls.o (__errno)
/usr/lib/gcc/arm-none-eabi/12.1.0/../../../../arm-none-eabi/lib/thumb/v7e-m+fp/hard/libc_nano.a(lib_a-exit.o)
                              /usr/lib/gcc/arm-none-eabi/12.1.0/../../../../arm-none-eabi/lib/thumb/v7e-m+fp/hard/crt0.o (exit)
/usr/lib/gcc/arm-none-eabi/12.1.0/../../../../arm-none-eabi/lib/thumb/v7e-m+fp/hard/libc_nano.a(lib_a-fini.o)
                              /usr/lib/gcc/arm-none-eabi/12.1.0/../../../../arm-none-eabi/lib/thumb/v7e-m+fp/hard/crt0.o (__libc_fini_array)
/usr/lib/gcc/arm-none-eabi/12.1.0/../../../../arm-none-eabi/lib/thumb/v7e-m+fp/hard/libc_nano.a(lib_a-impure.o)
                              /usr/lib/gcc/arm-none-eabi/12.1.0/../../../../arm-none-eabi/lib/thumb/v7e-m+fp/hard/libc_nano.a(lib_a-exit.o) (_global_impure_ptr)
/usr/lib/gcc/arm-none-eabi/12.1.0/../../../../arm-none-eabi/lib/thumb/v7e-m+fp/hard/libc_nano.a(lib_a-init.o)
                              /usr/lib/gcc/arm-none-eabi/12.1.0/../../../../arm-none-eabi/lib/thumb/v7e-m+fp/hard/crt0.o (__libc_init_array)
/usr/lib/gcc/arm-none-eabi/12.1.0/../../../../arm-none-eabi/lib/thumb/v7e-m+fp/hard/libc_nano.a(lib_a-memset.o)
                              /usr/lib/gcc/arm-none-eabi/12.1.0/../../../../arm-none-eabi/lib/thumb/v7e-m+fp/hard/crt0.o (memset)
/usr/lib/gcc/arm-none-eabi/12.1.0/../../../../arm-none-eabi/lib/thumb/v7e-m+fp/hard/libc_nano.a(lib_a-sprintf.o)
                              build/main.o (sprintf)
/usr/lib/gcc/arm-none-eabi/12.1.0/../../../../arm-none-eabi/lib/thumb/v7e-m+fp/hard/libc_nano.a(lib_a-__atexit.o)
                              /usr/lib/gcc/arm-none-eabi/12.1.0/../../../../arm-none-eabi/lib/thumb/v7e-m+fp/hard/libc_nano.a(lib_a-atexit.o) (__register_exitproc)
/usr/lib/gcc/arm-none-eabi/12.1.0/../../../../arm-none-eabi/lib/thumb/v7e-m+fp/hard/libc_nano.a(lib_a-__call_atexit.o)
                              /usr/lib/gcc/arm-none-eabi/12.1.0/../../../../arm-none-eabi/lib/thumb/v7e-m+fp/hard/libc_nano.a(lib_a-__atexit.o) (__call_exitprocs)
/usr/lib/gcc/arm-none-eabi/12.1.0/../../../../arm-none-eabi/lib/thumb/v7e-m+fp/hard/libc_nano.a(lib_a-lock.o)
                              /usr/lib/gcc/arm-none-eabi/12.1.0/../../../../arm-none-eabi/lib/thumb/v7e-m+fp/hard/libc_nano.a(lib_a-__atexit.o) (__retarget_lock_acquire_recursive)
/usr/lib/gcc/arm-none-eabi/12.1.0/../../../../arm-none-eabi/lib/thumb/v7e-m+fp/hard/libc_nano.a(lib_a-nano-svfprintf.o)
                              /usr/lib/gcc/arm-none-eabi/12.1.0/../../../../arm-none-eabi/lib/thumb/v7e-m+fp/hard/libc_nano.a(lib_a-sprintf.o) (_svfprintf_r)
/usr/lib/gcc/arm-none-eabi/12.1.0/../../../../arm-none-eabi/lib/thumb/v7e-m+fp/hard/libc_nano.a(lib_a-nano-vfprintf_i.o)
                              /usr/lib/gcc/arm-none-eabi/12.1.0/../../../../arm-none-eabi/lib/thumb/v7e-m+fp/hard/libc_nano.a(lib_a-nano-svfprintf.o) (_printf_i)
/usr/lib/gcc/arm-none-eabi/12.1.0/../../../../arm-none-eabi/lib/thumb/v7e-m+fp/hard/libc_nano.a(lib_a-memchr.o)
                              /usr/lib/gcc/arm-none-eabi/12.1.0/../../../../arm-none-eabi/lib/thumb/v7e-m+fp/hard/libc_nano.a(lib_a-nano-svfprintf.o) (memchr)
/usr/lib/gcc/arm-none-eabi/12.1.0/../../../../arm-none-eabi/lib/thumb/v7e-m+fp/hard/libc_nano.a(lib_a-memcpy-stub.o)
                              /usr/lib/gcc/arm-none-eabi/12.1.0/../../../../arm-none-eabi/lib/thumb/v7e-m+fp/hard/libc_nano.a(lib_a-nano-svfprintf.o) (memcpy)
/usr/lib/gcc/arm-none-eabi/12.1.0/../../../../arm-none-eabi/lib/thumb/v7e-m+fp/hard/libc_nano.a(lib_a-memmove.o)
                              /usr/lib/gcc/arm-none-eabi/12.1.0/../../../../arm-none-eabi/lib/thumb/v7e-m+fp/hard/libc_nano.a(lib_a-nano-svfprintf.o) (memmove)
/usr/lib/gcc/arm-none-eabi/12.1.0/../../../../arm-none-eabi/lib/thumb/v7e-m+fp/hard/libc_nano.a(lib_a-nano-freer.o)
                              /usr/lib/gcc/arm-none-eabi/12.1.0/../../../../arm-none-eabi/lib/thumb/v7e-m+fp/hard/libc_nano.a(lib_a-nano-svfprintf.o) (_free_r)
/usr/lib/gcc/arm-none-eabi/12.1.0/../../../../arm-none-eabi/lib/thumb/v7e-m+fp/hard/libc_nano.a(lib_a-nano-mallocr.o)
                              /usr/lib/gcc/arm-none-eabi/12.1.0/../../../../arm-none-eabi/lib/thumb/v7e-m+fp/hard/libc_nano.a(lib_a-nano-svfprintf.o) (_malloc_r)
/usr/lib/gcc/arm-none-eabi/12.1.0/../../../../arm-none-eabi/lib/thumb/v7e-m+fp/hard/libc_nano.a(lib_a-nano-reallocr.o)
                              /usr/lib/gcc/arm-none-eabi/12.1.0/../../../../arm-none-eabi/lib/thumb/v7e-m+fp/hard/libc_nano.a(lib_a-nano-svfprintf.o) (_realloc_r)
[...]
Memory Configuration

Name             Origin             Length             Attributes
RAM              0x0000000020000000 0x0000000000003000 xrw
CCMRAM           0x0000000010000000 0x0000000000001000 xrw
FLASH            0x0000000008000000 0x0000000000010000 xr
*default*        0x0000000000000000 0xffffffffffffffff

Linker script and memory map

LOAD /usr/lib/gcc/arm-none-eabi/12.1.0/thumb/v7e-m+fp/hard/crti.o
LOAD /usr/lib/gcc/arm-none-eabi/12.1.0/thumb/v7e-m+fp/hard/crtbegin.o
LOAD /usr/lib/gcc/arm-none-eabi/12.1.0/../../../../arm-none-eabi/lib/thumb/v7e-m+fp/hard/crt0.o
LOAD build/bno055.o
LOAD build/bno055_support.o
LOAD build/main.o
LOAD build/pid.o
LOAD build/stm32f3xx_hal_msp.o
LOAD build/stm32f3xx_it.o
LOAD build/syscalls.o
LOAD build/sysmem.o
LOAD build/system_stm32f3xx.o
LOAD build/stm32f3xx_hal.o
LOAD build/stm32f3xx_hal_cortex.o
LOAD build/stm32f3xx_hal_dma.o
LOAD build/stm32f3xx_hal_exti.o
LOAD build/stm32f3xx_hal_flash.o
LOAD build/stm32f3xx_hal_flash_ex.o
LOAD build/stm32f3xx_hal_gpio.o
LOAD build/stm32f3xx_hal_i2c.o
LOAD build/stm32f3xx_hal_i2c_ex.o
LOAD build/stm32f3xx_hal_pwr.o
LOAD build/stm32f3xx_hal_pwr_ex.o
LOAD build/stm32f3xx_hal_rcc.o
LOAD build/stm32f3xx_hal_rcc_ex.o
LOAD build/stm32f3xx_hal_spi.o
LOAD build/stm32f3xx_hal_spi_ex.o
LOAD build/stm32f3xx_hal_tim.o
LOAD build/stm32f3xx_hal_tim_ex.o
LOAD build/stm32f3xx_hal_uart.o
LOAD build/stm32f3xx_hal_uart_ex.o
LOAD build/startup_stm32f303x8.o
LOAD /usr/lib/gcc/arm-none-eabi/12.1.0/../../../../arm-none-eabi/lib/thumb/v7e-m+fp/hard/libc_nano.a
LOAD /usr/lib/gcc/arm-none-eabi/12.1.0/../../../../arm-none-eabi/lib/thumb/v7e-m+fp/hard/libm.a
LOAD /usr/lib/gcc/arm-none-eabi/12.1.0/../../../../arm-none-eabi/lib/thumb/v7e-m+fp/hard/libnosys.a
START GROUP
LOAD /usr/lib/gcc/arm-none-eabi/12.1.0/thumb/v7e-m+fp/hard/libgcc.a
LOAD /usr/lib/gcc/arm-none-eabi/12.1.0/../../../../arm-none-eabi/lib/thumb/v7e-m+fp/hard/libc_nano.a
END GROUP
START GROUP
LOAD /usr/lib/gcc/arm-none-eabi/12.1.0/thumb/v7e-m+fp/hard/libgcc.a
LOAD /usr/lib/gcc/arm-none-eabi/12.1.0/../../../../arm-none-eabi/lib/thumb/v7e-m+fp/hard/libc_nano.a
END GROUP
LOAD /usr/lib/gcc/arm-none-eabi/12.1.0/thumb/v7e-m+fp/hard/crtend.o
LOAD /usr/lib/gcc/arm-none-eabi/12.1.0/thumb/v7e-m+fp/hard/crtn.o
                0x0000000020003000                _estack = 0x20003000
                0x0000000000000200                _Min_Heap_Size = 0x200
                0x0000000000000400                _Min_Stack_Size = 0x400

.isr_vector     0x0000000008000000      0x188
                0x0000000008000000                . = ALIGN (0x4)
 *(.isr_vector)
 .isr_vector    0x0000000008000000      0x188 build/startup_stm32f303x8.o
                0x0000000008000000                g_pfnVectors
                0x0000000008000188                . = ALIGN (0x4)

.text           0x0000000008000190     0x4668
                0x0000000008000190                . = ALIGN (0x4)
 *(.text)
 .text          0x0000000008000190       0xa0 /usr/lib/gcc/arm-none-eabi/12.1.0/../../../../arm-none-eabi/lib/thumb/v7e-m+fp/hard/libc_nano.a(lib_a-memchr.o)
                0x0000000008000190                memchr
 .text          0x0000000008000230      0x378 /usr/lib/gcc/arm-none-eabi/12.1.0/thumb/v7e-m+fp/hard/libgcc.a(_arm_addsubdf3.o)
                0x0000000008000230                __aeabi_drsub
                0x0000000008000238                __aeabi_dsub
                0x0000000008000238                __subdf3
                0x000000000800023c                __adddf3
                0x000000000800023c                __aeabi_dadd
                0x00000000080004b4                __aeabi_ui2d
                0x00000000080004b4                __floatunsidf
                0x00000000080004d4                __floatsidf
                0x00000000080004d4                __aeabi_i2d
                0x00000000080004f8                __extendsfdf2
                0x00000000080004f8                __aeabi_f2d
                0x000000000800053c                __aeabi_ul2d
                0x000000000800053c                __floatundidf
                0x000000000800054c                __floatdidf
                0x000000000800054c                __aeabi_l2d
 .text          0x00000000080005a8      0x424 /usr/lib/gcc/arm-none-eabi/12.1.0/thumb/v7e-m+fp/hard/libgcc.a(_arm_muldivdf3.o)
                0x00000000080005a8                __aeabi_dmul
                0x00000000080005a8                __muldf3
                0x00000000080007fc                __aeabi_ddiv
                0x00000000080007fc                __divdf3
 .text          0x00000000080009cc      0x110 /usr/lib/gcc/arm-none-eabi/12.1.0/thumb/v7e-m+fp/hard/libgcc.a(_arm_cmpdf2.o)
                0x00000000080009cc                __gtdf2
                0x00000000080009cc                __gedf2
                0x00000000080009d4                __ltdf2
                0x00000000080009d4                __ledf2
                0x00000000080009dc                __cmpdf2
                0x00000000080009dc                __eqdf2
                0x00000000080009dc                __nedf2
                0x0000000008000a58                __aeabi_cdrcmple
                0x0000000008000a68                __aeabi_cdcmple
                0x0000000008000a68                __aeabi_cdcmpeq
                0x0000000008000a78                __aeabi_dcmpeq
                0x0000000008000a8c                __aeabi_dcmplt
                0x0000000008000aa0                __aeabi_dcmple
                0x0000000008000ab4                __aeabi_dcmpge
                0x0000000008000ac8                __aeabi_dcmpgt
 .text          0x0000000008000adc       0x40 /usr/lib/gcc/arm-none-eabi/12.1.0/thumb/v7e-m+fp/hard/libgcc.a(_arm_fixunsdfsi.o)
                0x0000000008000adc                __fixunsdfsi
                0x0000000008000adc                __aeabi_d2uiz
 *(.text*)
 .text.__do_global_dtors_aux
                0x0000000008000b1c       0x24 /usr/lib/gcc/arm-none-eabi/12.1.0/thumb/v7e-m+fp/hard/crtbegin.o
 .text.frame_dummy
                0x0000000008000b40       0x1c /usr/lib/gcc/arm-none-eabi/12.1.0/thumb/v7e-m+fp/hard/crtbegin.o
 .text.bno055_write_register
                0x0000000008000b5c       0x20 build/bno055.o
                0x0000000008000b5c                bno055_write_register
 .text.bno055_write_page_id
                0x0000000008000b7c       0x5c build/bno055.o
                0x0000000008000b7c                bno055_write_page_id
 .text.bno055_read_euler_hrp
                0x0000000008000bd8       0x84 build/bno055.o
                0x0000000008000bd8                bno055_read_euler_hrp
 .text.bno055_get_euler_unit
                0x0000000008000c5c       0x5c build/bno055.o
                0x0000000008000c5c                bno055_get_euler_unit
 .text.bno055_get_operation_mode
                0x0000000008000cb8       0x5c build/bno055.o
                0x0000000008000cb8                bno055_get_operation_mode
 .text.bno055_set_operation_mode
                0x0000000008000d14      0x11c build/bno055.o
                0x0000000008000d14                bno055_set_operation_mode
 .text.bno055_set_euler_unit
                0x0000000008000e30       0xa8 build/bno055.o
                0x0000000008000e30                bno055_set_euler_unit
 .text.bno055_convert_double_euler_hpr_deg
                0x0000000008000ed8       0x98 build/bno055.o
                0x0000000008000ed8                bno055_convert_double_euler_hpr_deg
 .text.MX_GPIO_Init
                0x0000000008000f70       0x8c build/main.o
 .text.Error_Handler
                0x0000000008000ffc        0x4 build/main.o
                0x0000000008000ffc                Error_Handler
 .text.MX_TIM1_Init
                0x0000000008001000      0x130 build/main.o
 .text.MX_I2C1_Init
                0x0000000008001130       0x54 build/main.o
 .text.MX_USART2_UART_Init
                0x0000000008001184       0x40 build/main.o
 .text.MX_SPI1_Init
                0x00000000080011c4       0x4c build/main.o
 .text.MX_TIM2_Init
                0x0000000008001210       0x68 build/main.o
 .text.SystemClock_Config
                0x0000000008001278       0x86 build/main.o
                0x0000000008001278                SystemClock_Config
 *fill*         0x00000000080012fe        0x2 
 .text.main     0x0000000008001300      0x2a8 build/main.o
                0x0000000008001300                main
 .text.PID_Init
                0x00000000080015a8       0x4e build/pid.o
                0x00000000080015a8                PID_Init
 *fill*         0x00000000080015f6        0x2 
 .text.PID_Compute
                0x00000000080015f8      0x160 build/pid.o
                0x00000000080015f8                PID_Compute
 .text.PID_SetMode
                0x0000000008001758       0x1e build/pid.o
                0x0000000008001758                PID_SetMode
 .text.PID_SetOutputLimits
                0x0000000008001776       0x8e build/pid.o
                0x0000000008001776                PID_SetOutputLimits
 .text.PID_SetTunings2
                0x0000000008001804       0xf0 build/pid.o
                0x0000000008001804                PID_SetTunings2
 .text.PID_SetControllerDirection
                0x00000000080018f4       0x44 build/pid.o
                0x00000000080018f4                PID_SetControllerDirection
 .text.PID      0x0000000008001938       0x88 build/pid.o
                0x0000000008001938                PID
 .text.PID_SetSampleTime
                0x00000000080019c0       0x4c build/pid.o
                0x00000000080019c0                PID_SetSampleTime
 .text.HAL_MspInit
                0x0000000008001a0c       0x30 build/stm32f3xx_hal_msp.o
                0x0000000008001a0c                HAL_MspInit
 .text.HAL_I2C_MspInit
                0x0000000008001a3c       0x68 build/stm32f3xx_hal_msp.o
                0x0000000008001a3c                HAL_I2C_MspInit
 .text.HAL_SPI_MspInit
                0x0000000008001aa4       0x68 build/stm32f3xx_hal_msp.o
                0x0000000008001aa4                HAL_SPI_MspInit
 .text.HAL_TIM_Base_MspInit
                0x0000000008001b0c       0x60 build/stm32f3xx_hal_msp.o
                0x0000000008001b0c                HAL_TIM_Base_MspInit
 .text.HAL_TIM_MspPostInit
                0x0000000008001b6c       0x6c build/stm32f3xx_hal_msp.o
                0x0000000008001b6c                HAL_TIM_MspPostInit
 .text.HAL_UART_MspInit
                0x0000000008001bd8       0x90 build/stm32f3xx_hal_msp.o
                0x0000000008001bd8                HAL_UART_MspInit
 .text.NMI_Handler
                0x0000000008001c68        0x2 build/stm32f3xx_it.o
                0x0000000008001c68                NMI_Handler
 .text.HardFault_Handler
                0x0000000008001c6a        0x2 build/stm32f3xx_it.o
                0x0000000008001c6a                HardFault_Handler
 .text.MemManage_Handler
                0x0000000008001c6c        0x2 build/stm32f3xx_it.o
                0x0000000008001c6c                MemManage_Handler
 .text.BusFault_Handler
                0x0000000008001c6e        0x2 build/stm32f3xx_it.o
                0x0000000008001c6e                BusFault_Handler
 .text.UsageFault_Handler
                0x0000000008001c70        0x2 build/stm32f3xx_it.o
                0x0000000008001c70                UsageFault_Handler
 .text.SVC_Handler
                0x0000000008001c72        0x2 build/stm32f3xx_it.o
                0x0000000008001c72                SVC_Handler
 .text.DebugMon_Handler
                0x0000000008001c74        0x2 build/stm32f3xx_it.o
                0x0000000008001c74                DebugMon_Handler
 .text.PendSV_Handler
                0x0000000008001c76        0x2 build/stm32f3xx_it.o
                0x0000000008001c76                PendSV_Handler
 .text.SysTick_Handler
                0x0000000008001c78        0x8 build/stm32f3xx_it.o
                0x0000000008001c78                SysTick_Handler
 .text.EXTI0_IRQHandler
                0x0000000008001c80       0x38 build/stm32f3xx_it.o
                0x0000000008001c80                EXTI0_IRQHandler
 .text.TIM1_UP_TIM16_IRQHandler
                0x0000000008001cb8       0x78 build/stm32f3xx_it.o
                0x0000000008001cb8                TIM1_UP_TIM16_IRQHandler
 .text._sbrk    0x0000000008001d30       0x48 build/sysmem.o
                0x0000000008001d30                _sbrk
 .text.SystemInit
                0x0000000008001d78       0x14 build/system_stm32f3xx.o
                0x0000000008001d78                SystemInit
 .text.HAL_InitTick
                0x0000000008001d8c       0x4c build/stm32f3xx_hal.o
                0x0000000008001d8c                HAL_InitTick
 .text.HAL_Init
                0x0000000008001dd8       0x24 build/stm32f3xx_hal.o
                0x0000000008001dd8                HAL_Init
 .text.HAL_IncTick
                0x0000000008001dfc       0x18 build/stm32f3xx_hal.o
                0x0000000008001dfc                HAL_IncTick
 .text.HAL_GetTick
                0x0000000008001e14        0xc build/stm32f3xx_hal.o
                0x0000000008001e14                HAL_GetTick
 .text.__NVIC_DisableIRQ
                0x0000000008001e20       0x24 build/stm32f3xx_hal_cortex.o
 .text.__NVIC_SetPriority
                0x0000000008001e44       0x28 build/stm32f3xx_hal_cortex.o
 .text.NVIC_EncodePriority
                0x0000000008001e6c       0x3e build/stm32f3xx_hal_cortex.o
 *fill*         0x0000000008001eaa        0x2 
 .text.HAL_NVIC_SetPriorityGrouping
                0x0000000008001eac       0x24 build/stm32f3xx_hal_cortex.o
                0x0000000008001eac                HAL_NVIC_SetPriorityGrouping
 .text.HAL_NVIC_SetPriority
                0x0000000008001ed0       0x20 build/stm32f3xx_hal_cortex.o
                0x0000000008001ed0                HAL_NVIC_SetPriority
 .text.HAL_NVIC_EnableIRQ
                0x0000000008001ef0       0x1c build/stm32f3xx_hal_cortex.o
                0x0000000008001ef0                HAL_NVIC_EnableIRQ
 .text.HAL_NVIC_DisableIRQ
                0x0000000008001f0c        0x8 build/stm32f3xx_hal_cortex.o
                0x0000000008001f0c                HAL_NVIC_DisableIRQ
 .text.HAL_SYSTICK_Config
                0x0000000008001f14       0x28 build/stm32f3xx_hal_cortex.o
                0x0000000008001f14                HAL_SYSTICK_Config
 .text.HAL_GPIO_Init
                0x0000000008001f3c      0x1bc build/stm32f3xx_hal_gpio.o
                0x0000000008001f3c                HAL_GPIO_Init
 .text.HAL_GPIO_EXTI_Callback
                0x00000000080020f8        0x2 build/stm32f3xx_hal_gpio.o
                0x00000000080020f8                HAL_GPIO_EXTI_Callback
 *fill*         0x00000000080020fa        0x2 
 .text.HAL_GPIO_EXTI_IRQHandler
                0x00000000080020fc       0x1c build/stm32f3xx_hal_gpio.o
                0x00000000080020fc                HAL_GPIO_EXTI_IRQHandler
 .text.HAL_I2C_Init
                0x0000000008002118       0xbc build/stm32f3xx_hal_i2c.o
                0x0000000008002118                HAL_I2C_Init
 .text.HAL_I2CEx_ConfigAnalogFilter
                0x00000000080021d4       0x5c build/stm32f3xx_hal_i2c_ex.o
                0x00000000080021d4                HAL_I2CEx_ConfigAnalogFilter
 .text.HAL_I2CEx_ConfigDigitalFilter
                0x0000000008002230       0x58 build/stm32f3xx_hal_i2c_ex.o
                0x0000000008002230                HAL_I2CEx_ConfigDigitalFilter
 .text.HAL_RCC_OscConfig
                0x0000000008002288      0x630 build/stm32f3xx_hal_rcc.o
                0x0000000008002288                HAL_RCC_OscConfig
 .text.HAL_RCC_GetSysClockFreq
                0x00000000080028b8       0x70 build/stm32f3xx_hal_rcc.o
                0x00000000080028b8                HAL_RCC_GetSysClockFreq
 .text.HAL_RCC_ClockConfig
                0x0000000008002928      0x1a8 build/stm32f3xx_hal_rcc.o
                0x0000000008002928                HAL_RCC_ClockConfig
 .text.HAL_RCC_GetHCLKFreq
                0x0000000008002ad0        0xc build/stm32f3xx_hal_rcc.o
                0x0000000008002ad0                HAL_RCC_GetHCLKFreq
 .text.HAL_RCC_GetPCLK1Freq
                0x0000000008002adc       0x2c build/stm32f3xx_hal_rcc.o
                0x0000000008002adc                HAL_RCC_GetPCLK1Freq
 .text.HAL_RCC_GetPCLK2Freq
                0x0000000008002b08       0x2c build/stm32f3xx_hal_rcc.o
                0x0000000008002b08                HAL_RCC_GetPCLK2Freq
 .text.HAL_RCCEx_PeriphCLKConfig
                0x0000000008002b34      0x18c build/stm32f3xx_hal_rcc_ex.o
                0x0000000008002b34                HAL_RCCEx_PeriphCLKConfig
 .text.HAL_SPI_Init
                0x0000000008002cc0       0xde build/stm32f3xx_hal_spi.o
                0x0000000008002cc0                HAL_SPI_Init
 *fill*         0x0000000008002d9e        0x2 
 .text.TIM_OC1_SetConfig
                0x0000000008002da0       0x8c build/stm32f3xx_hal_tim.o
 .text.TIM_OC3_SetConfig
                0x0000000008002e2c       0x7c build/stm32f3xx_hal_tim.o
 .text.TIM_OC4_SetConfig
                0x0000000008002ea8       0x64 build/stm32f3xx_hal_tim.o
 .text.TIM_OC5_SetConfig
                0x0000000008002f0c       0x60 build/stm32f3xx_hal_tim.o
 .text.TIM_OC6_SetConfig
                0x0000000008002f6c       0x64 build/stm32f3xx_hal_tim.o
 .text.TIM_TI1_ConfigInputStage
                0x0000000008002fd0       0x26 build/stm32f3xx_hal_tim.o
 .text.TIM_TI2_ConfigInputStage
                0x0000000008002ff6       0x28 build/stm32f3xx_hal_tim.o
 .text.TIM_ITRx_SetConfig
                0x000000000800301e       0x10 build/stm32f3xx_hal_tim.o
 *fill*         0x000000000800302e        0x2 
 .text.HAL_TIM_Base_Start
                0x0000000008003030       0x6c build/stm32f3xx_hal_tim.o
                0x0000000008003030                HAL_TIM_Base_Start
 .text.HAL_TIM_Base_Start_IT
                0x000000000800309c       0x74 build/stm32f3xx_hal_tim.o
                0x000000000800309c                HAL_TIM_Base_Start_IT
 .text.HAL_TIM_PWM_MspInit
                0x0000000008003110        0x2 build/stm32f3xx_hal_tim.o
                0x0000000008003110                HAL_TIM_PWM_MspInit
 .text.HAL_TIM_PeriodElapsedCallback
                0x0000000008003112        0x2 build/stm32f3xx_hal_tim.o
                0x0000000008003112                HAL_TIM_PeriodElapsedCallback
 .text.HAL_TIM_OC_DelayElapsedCallback
                0x0000000008003114        0x2 build/stm32f3xx_hal_tim.o
                0x0000000008003114                HAL_TIM_OC_DelayElapsedCallback
 .text.HAL_TIM_IC_CaptureCallback
                0x0000000008003116        0x2 build/stm32f3xx_hal_tim.o
                0x0000000008003116                HAL_TIM_IC_CaptureCallback
 .text.HAL_TIM_PWM_PulseFinishedCallback
                0x0000000008003118        0x2 build/stm32f3xx_hal_tim.o
                0x0000000008003118                HAL_TIM_PWM_PulseFinishedCallback
 .text.HAL_TIM_TriggerCallback
                0x000000000800311a        0x2 build/stm32f3xx_hal_tim.o
                0x000000000800311a                HAL_TIM_TriggerCallback
 .text.HAL_TIM_IRQHandler
                0x000000000800311c      0x19a build/stm32f3xx_hal_tim.o
                0x000000000800311c                HAL_TIM_IRQHandler
 *fill*         0x00000000080032b6        0x2 
 .text.TIM_Base_SetConfig
                0x00000000080032b8       0x90 build/stm32f3xx_hal_tim.o
                0x00000000080032b8                TIM_Base_SetConfig
 .text.HAL_TIM_Base_Init
                0x0000000008003348       0x60 build/stm32f3xx_hal_tim.o
                0x0000000008003348                HAL_TIM_Base_Init
 .text.HAL_TIM_PWM_Init
                0x00000000080033a8       0x60 build/stm32f3xx_hal_tim.o
                0x00000000080033a8                HAL_TIM_PWM_Init
 .text.TIM_OC2_SetConfig
                0x0000000008003408       0x7c build/stm32f3xx_hal_tim.o
                0x0000000008003408                TIM_OC2_SetConfig
 .text.HAL_TIM_PWM_ConfigChannel
                0x0000000008003484      0x13a build/stm32f3xx_hal_tim.o
                0x0000000008003484                HAL_TIM_PWM_ConfigChannel
 .text.TIM_ETR_SetConfig
                0x00000000080035be       0x1a build/stm32f3xx_hal_tim.o
                0x00000000080035be                TIM_ETR_SetConfig
 .text.HAL_TIM_ConfigClockSource
                0x00000000080035d8      0x100 build/stm32f3xx_hal_tim.o
                0x00000000080035d8                HAL_TIM_ConfigClockSource
 .text.TIM_CCxChannelCmd
                0x00000000080036d8       0x1e build/stm32f3xx_hal_tim.o
                0x00000000080036d8                TIM_CCxChannelCmd
 *fill*         0x00000000080036f6        0x2 
 .text.HAL_TIM_OC_Start_IT
                0x00000000080036f8      0x1b4 build/stm32f3xx_hal_tim.o
                0x00000000080036f8                HAL_TIM_OC_Start_IT
 .text.HAL_TIMEx_MasterConfigSynchronization
                0x00000000080038ac       0x78 build/stm32f3xx_hal_tim_ex.o
                0x00000000080038ac                HAL_TIMEx_MasterConfigSynchronization
 .text.HAL_TIMEx_ConfigBreakDeadTime
                0x0000000008003924       0x88 build/stm32f3xx_hal_tim_ex.o
                0x0000000008003924                HAL_TIMEx_ConfigBreakDeadTime
 .text.HAL_TIMEx_CommutCallback
                0x00000000080039ac        0x2 build/stm32f3xx_hal_tim_ex.o
                0x00000000080039ac                HAL_TIMEx_CommutCallback
 .text.HAL_TIMEx_BreakCallback
                0x00000000080039ae        0x2 build/stm32f3xx_hal_tim_ex.o
                0x00000000080039ae                HAL_TIMEx_BreakCallback
 .text.HAL_TIMEx_Break2Callback
                0x00000000080039b0        0x2 build/stm32f3xx_hal_tim_ex.o
                0x00000000080039b0                HAL_TIMEx_Break2Callback
 *fill*         0x00000000080039b2        0x2 
 .text.UART_SetConfig
                0x00000000080039b4      0x164 build/stm32f3xx_hal_uart.o
                0x00000000080039b4                UART_SetConfig
 .text.UART_AdvFeatureConfig
                0x0000000008003b18       0xca build/stm32f3xx_hal_uart.o
                0x0000000008003b18                UART_AdvFeatureConfig
 .text.UART_WaitOnFlagUntilTimeout
                0x0000000008003be2       0xd0 build/stm32f3xx_hal_uart.o
                0x0000000008003be2                UART_WaitOnFlagUntilTimeout
 .text.HAL_UART_Transmit
                0x0000000008003cb2       0xd8 build/stm32f3xx_hal_uart.o
                0x0000000008003cb2                HAL_UART_Transmit
 .text.UART_CheckIdleState
                0x0000000008003d8a       0x70 build/stm32f3xx_hal_uart.o
                0x0000000008003d8a                UART_CheckIdleState
 .text.HAL_UART_Init
                0x0000000008003dfa       0x62 build/stm32f3xx_hal_uart.o
                0x0000000008003dfa                HAL_UART_Init
 .text.Reset_Handler
                0x0000000008003e5c       0x50 build/startup_stm32f303x8.o
                0x0000000008003e5c                Reset_Handler
 .text.Default_Handler
                0x0000000008003eac        0x2 build/startup_stm32f303x8.o
                0x0000000008003eac                RTC_Alarm_IRQHandler
                0x0000000008003eac                TIM1_CC_IRQHandler
                0x0000000008003eac                PVD_IRQHandler
                0x0000000008003eac                TAMP_STAMP_IRQHandler
                0x0000000008003eac                EXTI3_IRQHandler
                0x0000000008003eac                FPU_IRQHandler
                0x0000000008003eac                CAN_TX_IRQHandler
                0x0000000008003eac                ADC1_2_IRQHandler
                0x0000000008003eac                SPI1_IRQHandler
                0x0000000008003eac                CAN_SCE_IRQHandler
                0x0000000008003eac                DMA1_Channel4_IRQHandler
                0x0000000008003eac                USART3_IRQHandler
                0x0000000008003eac                DMA1_Channel7_IRQHandler
                0x0000000008003eac                TIM7_DAC2_IRQHandler
                0x0000000008003eac                CAN_RX1_IRQHandler
                0x0000000008003eac                I2C1_EV_IRQHandler
                0x0000000008003eac                DMA1_Channel6_IRQHandler
                0x0000000008003eac                TIM3_IRQHandler
                0x0000000008003eac                RCC_IRQHandler
                0x0000000008003eac                DMA1_Channel1_IRQHandler
                0x0000000008003eac                Default_Handler
                0x0000000008003eac                EXTI15_10_IRQHandler
                0x0000000008003eac                COMP2_IRQHandler
                0x0000000008003eac                TIM6_DAC1_IRQHandler
                0x0000000008003eac                EXTI9_5_IRQHandler
                0x0000000008003eac                RTC_WKUP_IRQHandler
                0x0000000008003eac                DMA1_Channel5_IRQHandler
                0x0000000008003eac                EXTI4_IRQHandler
                0x0000000008003eac                TIM1_TRG_COM_TIM17_IRQHandler
                0x0000000008003eac                DMA1_Channel3_IRQHandler
                0x0000000008003eac                WWDG_IRQHandler
                0x0000000008003eac                TIM2_IRQHandler
                0x0000000008003eac                EXTI1_IRQHandler
                0x0000000008003eac                COMP4_6_IRQHandler
                0x0000000008003eac                USART2_IRQHandler
                0x0000000008003eac                DMA1_Channel2_IRQHandler
                0x0000000008003eac                FLASH_IRQHandler
                0x0000000008003eac                USART1_IRQHandler
                0x0000000008003eac                CAN_RX0_IRQHandler
                0x0000000008003eac                I2C1_ER_IRQHandler
                0x0000000008003eac                EXTI2_TSC_IRQHandler
                0x0000000008003eac                TIM1_BRK_TIM15_IRQHandler
 *fill*         0x0000000008003eae        0x2 
 .text.__errno  0x0000000008003eb0        0xc /usr/lib/gcc/arm-none-eabi/12.1.0/../../../../arm-none-eabi/lib/thumb/v7e-m+fp/hard/libc_nano.a(lib_a-errno.o)
                0x0000000008003eb0                __errno
 .text.__libc_init_array
                0x0000000008003ebc       0x48 /usr/lib/gcc/arm-none-eabi/12.1.0/../../../../arm-none-eabi/lib/thumb/v7e-m+fp/hard/libc_nano.a(lib_a-init.o)
                0x0000000008003ebc                __libc_init_array
 .text.memset   0x0000000008003f04       0x10 /usr/lib/gcc/arm-none-eabi/12.1.0/../../../../arm-none-eabi/lib/thumb/v7e-m+fp/hard/libc_nano.a(lib_a-memset.o)
                0x0000000008003f04                memset
 .text.sprintf  0x0000000008003f14       0x40 /usr/lib/gcc/arm-none-eabi/12.1.0/../../../../arm-none-eabi/lib/thumb/v7e-m+fp/hard/libc_nano.a(lib_a-sprintf.o)
                0x0000000008003f14                sprintf
                0x0000000008003f14                siprintf
 .text.__retarget_lock_acquire_recursive
                0x0000000008003f54        0x2 /usr/lib/gcc/arm-none-eabi/12.1.0/../../../../arm-none-eabi/lib/thumb/v7e-m+fp/hard/libc_nano.a(lib_a-lock.o)
                0x0000000008003f54                __retarget_lock_acquire_recursive
 .text.__retarget_lock_release_recursive
                0x0000000008003f56        0x2 /usr/lib/gcc/arm-none-eabi/12.1.0/../../../../arm-none-eabi/lib/thumb/v7e-m+fp/hard/libc_nano.a(lib_a-lock.o)
                0x0000000008003f56                __retarget_lock_release_recursive
 .text.__ssputs_r
                0x0000000008003f58       0xb4 /usr/lib/gcc/arm-none-eabi/12.1.0/../../../../arm-none-eabi/lib/thumb/v7e-m+fp/hard/libc_nano.a(lib_a-nano-svfprintf.o)
                0x0000000008003f58                __ssputs_r
 .text._svfprintf_r
                0x000000000800400c      0x1fc /usr/lib/gcc/arm-none-eabi/12.1.0/../../../../arm-none-eabi/lib/thumb/v7e-m+fp/hard/libc_nano.a(lib_a-nano-svfprintf.o)
                0x000000000800400c                _svfprintf_r
                0x000000000800400c                _svfiprintf_r
 .text._printf_common
                0x0000000008004208       0xda /usr/lib/gcc/arm-none-eabi/12.1.0/../../../../arm-none-eabi/lib/thumb/v7e-m+fp/hard/libc_nano.a(lib_a-nano-vfprintf_i.o)
                0x0000000008004208                _printf_common
 *fill*         0x00000000080042e2        0x2 
 .text._printf_i
                0x00000000080042e4      0x244 /usr/lib/gcc/arm-none-eabi/12.1.0/../../../../arm-none-eabi/lib/thumb/v7e-m+fp/hard/libc_nano.a(lib_a-nano-vfprintf_i.o)
                0x00000000080042e4                _printf_i
 .text.memcpy   0x0000000008004528       0x1c /usr/lib/gcc/arm-none-eabi/12.1.0/../../../../arm-none-eabi/lib/thumb/v7e-m+fp/hard/libc_nano.a(lib_a-memcpy-stub.o)
                0x0000000008004528                memcpy
 .text.memmove  0x0000000008004544       0x34 /usr/lib/gcc/arm-none-eabi/12.1.0/../../../../arm-none-eabi/lib/thumb/v7e-m+fp/hard/libc_nano.a(lib_a-memmove.o)
                0x0000000008004544                memmove
 .text._free_r  0x0000000008004578       0x98 /usr/lib/gcc/arm-none-eabi/12.1.0/../../../../arm-none-eabi/lib/thumb/v7e-m+fp/hard/libc_nano.a(lib_a-nano-freer.o)
                0x0000000008004578                _free_r
 .text.sbrk_aligned
                0x0000000008004610       0x40 /usr/lib/gcc/arm-none-eabi/12.1.0/../../../../arm-none-eabi/lib/thumb/v7e-m+fp/hard/libc_nano.a(lib_a-nano-mallocr.o)
 .text._malloc_r
                0x0000000008004650       0xe8 /usr/lib/gcc/arm-none-eabi/12.1.0/../../../../arm-none-eabi/lib/thumb/v7e-m+fp/hard/libc_nano.a(lib_a-nano-mallocr.o)
                0x0000000008004650                _malloc_r
 .text._realloc_r
                0x0000000008004738       0x5e /usr/lib/gcc/arm-none-eabi/12.1.0/../../../../arm-none-eabi/lib/thumb/v7e-m+fp/hard/libc_nano.a(lib_a-nano-reallocr.o)
                0x0000000008004738                _realloc_r
 *fill*         0x0000000008004796        0x2 
 .text._sbrk_r  0x0000000008004798       0x20 /usr/lib/gcc/arm-none-eabi/12.1.0/../../../../arm-none-eabi/lib/thumb/v7e-m+fp/hard/libc_nano.a(lib_a-sbrkr.o)
                0x0000000008004798                _sbrk_r
 .text.__malloc_lock
                0x00000000080047b8        0xc /usr/lib/gcc/arm-none-eabi/12.1.0/../../../../arm-none-eabi/lib/thumb/v7e-m+fp/hard/libc_nano.a(lib_a-mlock.o)
                0x00000000080047b8                __malloc_lock
 .text.__malloc_unlock
                0x00000000080047c4        0xc /usr/lib/gcc/arm-none-eabi/12.1.0/../../../../arm-none-eabi/lib/thumb/v7e-m+fp/hard/libc_nano.a(lib_a-mlock.o)
                0x00000000080047c4                __malloc_unlock
 .text._malloc_usable_size_r
                0x00000000080047d0       0x10 /usr/lib/gcc/arm-none-eabi/12.1.0/../../../../arm-none-eabi/lib/thumb/v7e-m+fp/hard/libc_nano.a(lib_a-nano-msizer.o)
                0x00000000080047d0                _malloc_usable_size_r
 *(.glue_7)
 .glue_7        0x00000000080047e0        0x0 linker stubs
 *(.glue_7t)
 .glue_7t       0x00000000080047e0        0x0 linker stubs
 *(.eh_frame)
 .eh_frame      0x00000000080047e0        0x0 /usr/lib/gcc/arm-none-eabi/12.1.0/thumb/v7e-m+fp/hard/crtbegin.o
 *(.init)
 .init          0x00000000080047e0        0x4 /usr/lib/gcc/arm-none-eabi/12.1.0/thumb/v7e-m+fp/hard/crti.o
                0x00000000080047e0                _init
 .init          0x00000000080047e4        0x8 /usr/lib/gcc/arm-none-eabi/12.1.0/thumb/v7e-m+fp/hard/crtn.o
 *(.fini)
 .fini          0x00000000080047ec        0x4 /usr/lib/gcc/arm-none-eabi/12.1.0/thumb/v7e-m+fp/hard/crti.o
                0x00000000080047ec                _fini
 .fini          0x00000000080047f0        0x8 /usr/lib/gcc/arm-none-eabi/12.1.0/thumb/v7e-m+fp/hard/crtn.o
                0x00000000080047f8                . = ALIGN (0x4)
                0x00000000080047f8                _etext = .

.vfp11_veneer   0x00000000080047f8        0x0
 .vfp11_veneer  0x00000000080047f8        0x0 linker stubs

.v4_bx          0x00000000080047f8        0x0
 .v4_bx         0x00000000080047f8        0x0 linker stubs

.iplt           0x00000000080047f8        0x0
 .iplt          0x00000000080047f8        0x0 /usr/lib/gcc/arm-none-eabi/12.1.0/thumb/v7e-m+fp/hard/crtbegin.o

.rodata         0x00000000080047f8       0x98
                0x00000000080047f8                . = ALIGN (0x4)
 *(.rodata)
 .rodata        0x00000000080047f8       0x22 build/bno055.o
 *(.rodata*)
 *fill*         0x000000000800481a        0x2 
 .rodata.main.str1.4
                0x000000000800481c        0x6 build/main.o
 *fill*         0x0000000008004822        0x2 
 .rodata.APBPrescTable
                0x0000000008004824        0x8 build/system_stm32f3xx.o
                0x0000000008004824                APBPrescTable
 .rodata.AHBPrescTable
                0x000000000800482c       0x10 build/system_stm32f3xx.o
                0x000000000800482c                AHBPrescTable
 .rodata.aPredivFactorTable
                0x000000000800483c       0x10 build/stm32f3xx_hal_rcc.o
                0x000000000800483c                aPredivFactorTable
 .rodata.aPLLMULFactorTable
                0x000000000800484c       0x10 build/stm32f3xx_hal_rcc.o
                0x000000000800484c                aPLLMULFactorTable
 .rodata._svfprintf_r.str1.1
                0x000000000800485c       0x11 /usr/lib/gcc/arm-none-eabi/12.1.0/../../../../arm-none-eabi/lib/thumb/v7e-m+fp/hard/libc_nano.a(lib_a-nano-svfprintf.o)
 .rodata._printf_i.str1.1
                0x000000000800486d       0x22 /usr/lib/gcc/arm-none-eabi/12.1.0/../../../../arm-none-eabi/lib/thumb/v7e-m+fp/hard/libc_nano.a(lib_a-nano-vfprintf_i.o)
                0x0000000008004890                . = ALIGN (0x4)
 *fill*         0x000000000800488f        0x1 

.rel.dyn        0x0000000008004890        0x0
 .rel.iplt      0x0000000008004890        0x0 /usr/lib/gcc/arm-none-eabi/12.1.0/thumb/v7e-m+fp/hard/crtbegin.o

.ARM.extab
 *(.ARM.extab* .gnu.linkonce.armextab.*)

.ARM            0x0000000008004890        0x0
                0x0000000008004890                __exidx_start = .
 *(.ARM.exidx*)
                0x0000000008004890                __exidx_end = .

.preinit_array  0x0000000008004890        0x0
                0x0000000008004890                PROVIDE (__preinit_array_start = .)
 *(.preinit_array*)
                0x0000000008004890                PROVIDE (__preinit_array_end = .)

.init_array     0x0000000008004890        0x4
                0x0000000008004890                PROVIDE (__init_array_start = .)
 *(SORT_BY_NAME(.init_array.*))
 *(.init_array*)
 .init_array    0x0000000008004890        0x4 /usr/lib/gcc/arm-none-eabi/12.1.0/thumb/v7e-m+fp/hard/crtbegin.o
                0x0000000008004894                PROVIDE (__init_array_end = .)

.fini_array     0x0000000008004894        0x4
                0x0000000008004894                PROVIDE (__fini_array_start = .)
 *(SORT_BY_NAME(.fini_array.*))
 *(.fini_array*)
 .fini_array    0x0000000008004894        0x4 /usr/lib/gcc/arm-none-eabi/12.1.0/thumb/v7e-m+fp/hard/crtbegin.o
                0x0000000008004898                PROVIDE (__fini_array_end = .)
                0x0000000008004898                _sidata = LOADADDR (.data)

.data           0x0000000020000000       0x70 load address 0x0000000008004898
                0x0000000020000000                . = ALIGN (0x4)
                0x0000000020000000                _sdata = .
 *(.data)
 *(.data*)
 .data.SystemCoreClock
                0x0000000020000000        0x4 build/system_stm32f3xx.o
                0x0000000020000000                SystemCoreClock
 .data.uwTickFreq
                0x0000000020000004        0x1 build/stm32f3xx_hal.o
                0x0000000020000004                uwTickFreq
 *fill*         0x0000000020000005        0x3 
 .data.uwTickPrio
                0x0000000020000008        0x4 build/stm32f3xx_hal.o
                0x0000000020000008                uwTickPrio
 .data._impure_ptr
                0x000000002000000c        0x4 /usr/lib/gcc/arm-none-eabi/12.1.0/../../../../arm-none-eabi/lib/thumb/v7e-m+fp/hard/libc_nano.a(lib_a-impure.o)
                0x000000002000000c                _impure_ptr
 .data.impure_data
                0x0000000020000010       0x60 /usr/lib/gcc/arm-none-eabi/12.1.0/../../../../arm-none-eabi/lib/thumb/v7e-m+fp/hard/libc_nano.a(lib_a-impure.o)
                0x0000000020000070                . = ALIGN (0x4)
                0x0000000020000070                _edata = .
                0x0000000008004908                _siccmram = LOADADDR (.ccmram)

.igot.plt       0x0000000020000070        0x0 load address 0x0000000008004908
 .igot.plt      0x0000000020000070        0x0 /usr/lib/gcc/arm-none-eabi/12.1.0/thumb/v7e-m+fp/hard/crtbegin.o

.ccmram         0x0000000010000000        0x0 load address 0x0000000008004908
                0x0000000010000000                . = ALIGN (0x4)
                0x0000000010000000                _sccmram = .
 *(.ccmram)
 *(.ccmram*)
                0x0000000010000000                . = ALIGN (0x4)
                0x0000000010000000                _eccmram = .
                0x0000000010000000                . = ALIGN (0x4)

.bss            0x0000000020000070      0x26c
                0x0000000020000070                _sbss = .
                0x0000000020000070                __bss_start__ = _sbss
 *(.bss)
 *(.bss*)
 .bss.completed.1
                0x0000000020000070        0x1 /usr/lib/gcc/arm-none-eabi/12.1.0/thumb/v7e-m+fp/hard/crtbegin.o
 *fill*         0x0000000020000071        0x3 
 .bss.object.0  0x0000000020000074       0x18 /usr/lib/gcc/arm-none-eabi/12.1.0/thumb/v7e-m+fp/hard/crtbegin.o
 .bss.p_bno055  0x000000002000008c        0x4 build/bno055.o
 .bss.rpm_length
                0x0000000020000090        0x4 build/main.o
                0x0000000020000090                rpm_length
 .bss.serial_output
                0x0000000020000094       0x3c build/main.o
                0x0000000020000094                serial_output
 .bss.yout      0x00000000200000d0        0x8 build/main.o
                0x00000000200000d0                yout
 .bss.xout      0x00000000200000d8        0x8 build/main.o
                0x00000000200000d8                xout
 .bss.esc_output
                0x00000000200000e0        0x8 build/main.o
                0x00000000200000e0                esc_output
 .bss.esc_rpm   0x00000000200000e8        0x8 build/main.o
                0x00000000200000e8                esc_rpm
 .bss.esc_speed
                0x00000000200000f0        0x8 build/main.o
                0x00000000200000f0                esc_speed
 .bss.huart2    0x00000000200000f8       0x84 build/main.o
                0x00000000200000f8                huart2
 .bss.htim2     0x000000002000017c       0x4c build/main.o
                0x000000002000017c                htim2
 .bss.htim1     0x00000000200001c8       0x4c build/main.o
                0x00000000200001c8                htim1
 .bss.hspi1     0x0000000020000214       0x64 build/main.o
                0x0000000020000214                hspi1
 .bss.hi2c1     0x0000000020000278       0x4c build/main.o
                0x0000000020000278                hi2c1
 .bss.__sbrk_heap_end
                0x00000000200002c4        0x4 build/sysmem.o
 .bss.uwTick    0x00000000200002c8        0x4 build/stm32f3xx_hal.o
                0x00000000200002c8                uwTick
 .bss.__lock___malloc_recursive_mutex
                0x00000000200002cc        0x1 /usr/lib/gcc/arm-none-eabi/12.1.0/../../../../arm-none-eabi/lib/thumb/v7e-m+fp/hard/libc_nano.a(lib_a-lock.o)
                0x00000000200002cc                __lock___malloc_recursive_mutex
 *fill*         0x00000000200002cd        0x3 
 .bss.__malloc_free_list
                0x00000000200002d0        0x4 /usr/lib/gcc/arm-none-eabi/12.1.0/../../../../arm-none-eabi/lib/thumb/v7e-m+fp/hard/libc_nano.a(lib_a-nano-mallocr.o)
                0x00000000200002d0                __malloc_free_list
 .bss.__malloc_sbrk_start
                0x00000000200002d4        0x4 /usr/lib/gcc/arm-none-eabi/12.1.0/../../../../arm-none-eabi/lib/thumb/v7e-m+fp/hard/libc_nano.a(lib_a-nano-mallocr.o)
                0x00000000200002d4                __malloc_sbrk_start
 .bss.errno     0x00000000200002d8        0x4 /usr/lib/gcc/arm-none-eabi/12.1.0/../../../../arm-none-eabi/lib/thumb/v7e-m+fp/hard/libc_nano.a(lib_a-reent.o)
                0x00000000200002d8                errno
 *(COMMON)
                0x00000000200002dc                . = ALIGN (0x4)
                0x00000000200002dc                _ebss = .
                0x00000000200002dc                __bss_end__ = _ebss

._user_heap_stack
                0x00000000200002dc      0x604
                0x00000000200002e0                . = ALIGN (0x8)
 *fill*         0x00000000200002dc        0x4 
                [!provide]                        PROVIDE (end = .)
                0x00000000200002e0                PROVIDE (_end = .)
                0x00000000200004e0                . = (. + _Min_Heap_Size)
 *fill*         0x00000000200002e0      0x200 
                0x00000000200008e0                . = (. + _Min_Stack_Size)
 *fill*         0x00000000200004e0      0x400 
                0x00000000200008e0                . = ALIGN (0x8)

/DISCARD/
 libc.a(*)
 libm.a(*)
 libgcc.a(*)

.ARM.attributes
                0x0000000000000000       0x30
 *(.ARM.attributes)
 .ARM.attributes
                0x0000000000000000       0x22 /usr/lib/gcc/arm-none-eabi/12.1.0/thumb/v7e-m+fp/hard/crti.o
 .ARM.attributes
                0x0000000000000022       0x34 /usr/lib/gcc/arm-none-eabi/12.1.0/thumb/v7e-m+fp/hard/crtbegin.o
 .ARM.attributes
                0x0000000000000056       0x34 build/bno055.o
 .ARM.attributes
                0x000000000000008a       0x34 build/main.o
 .ARM.attributes
                0x00000000000000be       0x34 build/pid.o
 .ARM.attributes
                0x00000000000000f2       0x34 build/stm32f3xx_hal_msp.o
 .ARM.attributes
                0x0000000000000126       0x34 build/stm32f3xx_it.o
 .ARM.attributes
                0x000000000000015a       0x34 build/sysmem.o
 .ARM.attributes
                0x000000000000018e       0x34 build/system_stm32f3xx.o
 .ARM.attributes
                0x00000000000001c2       0x34 build/stm32f3xx_hal.o
 .ARM.attributes
                0x00000000000001f6       0x34 build/stm32f3xx_hal_cortex.o
 .ARM.attributes
                0x000000000000022a       0x34 build/stm32f3xx_hal_gpio.o
 .ARM.attributes
                0x000000000000025e       0x34 build/stm32f3xx_hal_i2c.o
 .ARM.attributes
                0x0000000000000292       0x34 build/stm32f3xx_hal_i2c_ex.o
 .ARM.attributes
                0x00000000000002c6       0x34 build/stm32f3xx_hal_rcc.o
 .ARM.attributes
                0x00000000000002fa       0x34 build/stm32f3xx_hal_rcc_ex.o
 .ARM.attributes
                0x000000000000032e       0x34 build/stm32f3xx_hal_spi.o
 .ARM.attributes
                0x0000000000000362       0x34 build/stm32f3xx_hal_tim.o
 .ARM.attributes
                0x0000000000000396       0x34 build/stm32f3xx_hal_tim_ex.o
 .ARM.attributes
                0x00000000000003ca       0x34 build/stm32f3xx_hal_uart.o
 .ARM.attributes
                0x00000000000003fe       0x21 build/startup_stm32f303x8.o
 .ARM.attributes
                0x000000000000041f       0x34 /usr/lib/gcc/arm-none-eabi/12.1.0/../../../../arm-none-eabi/lib/thumb/v7e-m+fp/hard/libc_nano.a(lib_a-errno.o)
 .ARM.attributes
                0x0000000000000453       0x32 /usr/lib/gcc/arm-none-eabi/12.1.0/../../../../arm-none-eabi/lib/thumb/v7e-m+fp/hard/libc_nano.a(lib_a-impure.o)
 .ARM.attributes
                0x0000000000000485       0x34 /usr/lib/gcc/arm-none-eabi/12.1.0/../../../../arm-none-eabi/lib/thumb/v7e-m+fp/hard/libc_nano.a(lib_a-init.o)
 .ARM.attributes
                0x00000000000004b9       0x34 /usr/lib/gcc/arm-none-eabi/12.1.0/../../../../arm-none-eabi/lib/thumb/v7e-m+fp/hard/libc_nano.a(lib_a-memset.o)
 .ARM.attributes
                0x00000000000004ed       0x34 /usr/lib/gcc/arm-none-eabi/12.1.0/../../../../arm-none-eabi/lib/thumb/v7e-m+fp/hard/libc_nano.a(lib_a-sprintf.o)
 .ARM.attributes
                0x0000000000000521       0x34 /usr/lib/gcc/arm-none-eabi/12.1.0/../../../../arm-none-eabi/lib/thumb/v7e-m+fp/hard/libc_nano.a(lib_a-lock.o)
 .ARM.attributes
                0x0000000000000555       0x34 /usr/lib/gcc/arm-none-eabi/12.1.0/../../../../arm-none-eabi/lib/thumb/v7e-m+fp/hard/libc_nano.a(lib_a-nano-svfprintf.o)
 .ARM.attributes
                0x0000000000000589       0x34 /usr/lib/gcc/arm-none-eabi/12.1.0/../../../../arm-none-eabi/lib/thumb/v7e-m+fp/hard/libc_nano.a(lib_a-nano-vfprintf_i.o)
 .ARM.attributes
                0x00000000000005bd       0x1c /usr/lib/gcc/arm-none-eabi/12.1.0/../../../../arm-none-eabi/lib/thumb/v7e-m+fp/hard/libc_nano.a(lib_a-memchr.o)
 .ARM.attributes
                0x00000000000005d9       0x34 /usr/lib/gcc/arm-none-eabi/12.1.0/../../../../arm-none-eabi/lib/thumb/v7e-m+fp/hard/libc_nano.a(lib_a-memcpy-stub.o)
 .ARM.attributes
                0x000000000000060d       0x34 /usr/lib/gcc/arm-none-eabi/12.1.0/../../../../arm-none-eabi/lib/thumb/v7e-m+fp/hard/libc_nano.a(lib_a-memmove.o)
 .ARM.attributes
                0x0000000000000641       0x34 /usr/lib/gcc/arm-none-eabi/12.1.0/../../../../arm-none-eabi/lib/thumb/v7e-m+fp/hard/libc_nano.a(lib_a-nano-freer.o)
 .ARM.attributes
                0x0000000000000675       0x34 /usr/lib/gcc/arm-none-eabi/12.1.0/../../../../arm-none-eabi/lib/thumb/v7e-m+fp/hard/libc_nano.a(lib_a-nano-mallocr.o)
 .ARM.attributes
                0x00000000000006a9       0x34 /usr/lib/gcc/arm-none-eabi/12.1.0/../../../../arm-none-eabi/lib/thumb/v7e-m+fp/hard/libc_nano.a(lib_a-nano-reallocr.o)
 .ARM.attributes
                0x00000000000006dd       0x34 /usr/lib/gcc/arm-none-eabi/12.1.0/../../../../arm-none-eabi/lib/thumb/v7e-m+fp/hard/libc_nano.a(lib_a-sbrkr.o)
 .ARM.attributes
                0x0000000000000711       0x34 /usr/lib/gcc/arm-none-eabi/12.1.0/../../../../arm-none-eabi/lib/thumb/v7e-m+fp/hard/libc_nano.a(lib_a-mlock.o)
 .ARM.attributes
                0x0000000000000745       0x34 /usr/lib/gcc/arm-none-eabi/12.1.0/../../../../arm-none-eabi/lib/thumb/v7e-m+fp/hard/libc_nano.a(lib_a-nano-msizer.o)
 .ARM.attributes
                0x0000000000000779       0x34 /usr/lib/gcc/arm-none-eabi/12.1.0/../../../../arm-none-eabi/lib/thumb/v7e-m+fp/hard/libc_nano.a(lib_a-reent.o)
 .ARM.attributes
                0x00000000000007ad       0x22 /usr/lib/gcc/arm-none-eabi/12.1.0/thumb/v7e-m+fp/hard/libgcc.a(_arm_addsubdf3.o)
 .ARM.attributes
                0x00000000000007cf       0x22 /usr/lib/gcc/arm-none-eabi/12.1.0/thumb/v7e-m+fp/hard/libgcc.a(_arm_muldivdf3.o)
 .ARM.attributes
                0x00000000000007f1       0x22 /usr/lib/gcc/arm-none-eabi/12.1.0/thumb/v7e-m+fp/hard/libgcc.a(_arm_cmpdf2.o)
 .ARM.attributes
                0x0000000000000813       0x22 /usr/lib/gcc/arm-none-eabi/12.1.0/thumb/v7e-m+fp/hard/libgcc.a(_arm_fixunsdfsi.o)
 .ARM.attributes
                0x0000000000000835       0x22 /usr/lib/gcc/arm-none-eabi/12.1.0/thumb/v7e-m+fp/hard/crtn.o
OUTPUT(build/404-rocket.elf elf32-littlearm)
LOAD linker stubs
LOAD /usr/lib/gcc/arm-none-eabi/12.1.0/../../../../arm-none-eabi/lib/thumb/v7e-m+fp/hard/libc.a
LOAD /usr/lib/gcc/arm-none-eabi/12.1.0/../../../../arm-none-eabi/lib/thumb/v7e-m+fp/hard/libm.a
LOAD /usr/lib/gcc/arm-none-eabi/12.1.0/thumb/v7e-m+fp/hard/libgcc.a

.debug_info     0x0000000000000000    0x2ea76
 .debug_info    0x0000000000000000     0xd3a3 build/bno055.o
 .debug_info    0x000000000000d3a3     0x282f build/main.o
 .debug_info    0x000000000000fbd2      0xa77 build/pid.o
 .debug_info    0x0000000000010649     0x16f1 build/stm32f3xx_hal_msp.o
 .debug_info    0x0000000000011d3a      0x9ad build/stm32f3xx_it.o
 .debug_info    0x00000000000126e7      0x171 build/sysmem.o
 .debug_info    0x0000000000012858      0x417 build/system_stm32f3xx.o
 .debug_info    0x0000000000012c6f      0x7e8 build/stm32f3xx_hal.o
 .debug_info    0x0000000000013457      0xcad build/stm32f3xx_hal_cortex.o
 .debug_info    0x0000000000014104      0x6d8 build/stm32f3xx_hal_gpio.o
 .debug_info    0x00000000000147dc     0x3d99 build/stm32f3xx_hal_i2c.o
 .debug_info    0x0000000000018575      0x8cf build/stm32f3xx_hal_i2c_ex.o
 .debug_info    0x0000000000018e44     0x15b8 build/stm32f3xx_hal_rcc.o
 .debug_info    0x000000000001a3fc      0x627 build/stm32f3xx_hal_rcc_ex.o
 .debug_info    0x000000000001aa23     0x205a build/stm32f3xx_hal_spi.o
 .debug_info    0x000000000001ca7d     0x3c25 build/stm32f3xx_hal_tim.o
 .debug_info    0x00000000000206a2     0x1b31 build/stm32f3xx_hal_tim_ex.o
 .debug_info    0x00000000000221d3     0x4d33 build/stm32f3xx_hal_uart.o
 .debug_info    0x0000000000026f06       0x23 build/startup_stm32f303x8.o
 .debug_info    0x0000000000026f29      0x75b /usr/lib/gcc/arm-none-eabi/12.1.0/../../../../arm-none-eabi/lib/thumb/v7e-m+fp/hard/libc_nano.a(lib_a-errno.o)
 .debug_info    0x0000000000027684      0x806 /usr/lib/gcc/arm-none-eabi/12.1.0/../../../../arm-none-eabi/lib/thumb/v7e-m+fp/hard/libc_nano.a(lib_a-impure.o)
 .debug_info    0x0000000000027e8a      0x10b /usr/lib/gcc/arm-none-eabi/12.1.0/../../../../arm-none-eabi/lib/thumb/v7e-m+fp/hard/libc_nano.a(lib_a-init.o)
 .debug_info    0x0000000000027f95       0xe0 /usr/lib/gcc/arm-none-eabi/12.1.0/../../../../arm-none-eabi/lib/thumb/v7e-m+fp/hard/libc_nano.a(lib_a-memset.o)
 .debug_info    0x0000000000028075      0x8df /usr/lib/gcc/arm-none-eabi/12.1.0/../../../../arm-none-eabi/lib/thumb/v7e-m+fp/hard/libc_nano.a(lib_a-sprintf.o)
 .debug_info    0x0000000000028954      0x21a /usr/lib/gcc/arm-none-eabi/12.1.0/../../../../arm-none-eabi/lib/thumb/v7e-m+fp/hard/libc_nano.a(lib_a-lock.o)
 .debug_info    0x0000000000028b6e     0x1124 /usr/lib/gcc/arm-none-eabi/12.1.0/../../../../arm-none-eabi/lib/thumb/v7e-m+fp/hard/libc_nano.a(lib_a-nano-svfprintf.o)
 .debug_info    0x0000000000029c92      0xe42 /usr/lib/gcc/arm-none-eabi/12.1.0/../../../../arm-none-eabi/lib/thumb/v7e-m+fp/hard/libc_nano.a(lib_a-nano-vfprintf_i.o)
 .debug_info    0x000000000002aad4       0x25 /usr/lib/gcc/arm-none-eabi/12.1.0/../../../../arm-none-eabi/lib/thumb/v7e-m+fp/hard/libc_nano.a(lib_a-memchr.o)
 .debug_info    0x000000000002aaf9      0x121 /usr/lib/gcc/arm-none-eabi/12.1.0/../../../../arm-none-eabi/lib/thumb/v7e-m+fp/hard/libc_nano.a(lib_a-memcpy-stub.o)
 .debug_info    0x000000000002ac1a      0x10f /usr/lib/gcc/arm-none-eabi/12.1.0/../../../../arm-none-eabi/lib/thumb/v7e-m+fp/hard/libc_nano.a(lib_a-memmove.o)
 .debug_info    0x000000000002ad29      0x8a6 /usr/lib/gcc/arm-none-eabi/12.1.0/../../../../arm-none-eabi/lib/thumb/v7e-m+fp/hard/libc_nano.a(lib_a-nano-freer.o)
 .debug_info    0x000000000002b5cf      0xa1c /usr/lib/gcc/arm-none-eabi/12.1.0/../../../../arm-none-eabi/lib/thumb/v7e-m+fp/hard/libc_nano.a(lib_a-nano-mallocr.o)
 .debug_info    0x000000000002bfeb      0x927 /usr/lib/gcc/arm-none-eabi/12.1.0/../../../../arm-none-eabi/lib/thumb/v7e-m+fp/hard/libc_nano.a(lib_a-nano-reallocr.o)
 .debug_info    0x000000000002c912      0x7dc /usr/lib/gcc/arm-none-eabi/12.1.0/../../../../arm-none-eabi/lib/thumb/v7e-m+fp/hard/libc_nano.a(lib_a-sbrkr.o)
 .debug_info    0x000000000002d0ee      0x7cb /usr/lib/gcc/arm-none-eabi/12.1.0/../../../../arm-none-eabi/lib/thumb/v7e-m+fp/hard/libc_nano.a(lib_a-mlock.o)
 .debug_info    0x000000000002d8b9      0x7f4 /usr/lib/gcc/arm-none-eabi/12.1.0/../../../../arm-none-eabi/lib/thumb/v7e-m+fp/hard/libc_nano.a(lib_a-nano-msizer.o)
 .debug_info    0x000000000002e0ad      0x936 /usr/lib/gcc/arm-none-eabi/12.1.0/../../../../arm-none-eabi/lib/thumb/v7e-m+fp/hard/libc_nano.a(lib_a-reent.o)
 .debug_info    0x000000000002e9e3       0x25 /usr/lib/gcc/arm-none-eabi/12.1.0/thumb/v7e-m+fp/hard/libgcc.a(_arm_addsubdf3.o)
 .debug_info    0x000000000002ea08       0x25 /usr/lib/gcc/arm-none-eabi/12.1.0/thumb/v7e-m+fp/hard/libgcc.a(_arm_muldivdf3.o)
 .debug_info    0x000000000002ea2d       0x25 /usr/lib/gcc/arm-none-eabi/12.1.0/thumb/v7e-m+fp/hard/libgcc.a(_arm_cmpdf2.o)
 .debug_info    0x000000000002ea52       0x24 /usr/lib/gcc/arm-none-eabi/12.1.0/thumb/v7e-m+fp/hard/libgcc.a(_arm_fixunsdfsi.o)

.debug_abbrev   0x0000000000000000     0x4667
 .debug_abbrev  0x0000000000000000      0x1dd build/bno055.o
 .debug_abbrev  0x00000000000001dd      0x397 build/main.o
 .debug_abbrev  0x0000000000000574      0x20e build/pid.o
 .debug_abbrev  0x0000000000000782      0x22b build/stm32f3xx_hal_msp.o
 .debug_abbrev  0x00000000000009ad      0x1ec build/stm32f3xx_it.o
 .debug_abbrev  0x0000000000000b99       0xea build/sysmem.o
 .debug_abbrev  0x0000000000000c83      0x11e build/system_stm32f3xx.o
 .debug_abbrev  0x0000000000000da1      0x241 build/stm32f3xx_hal.o
 .debug_abbrev  0x0000000000000fe2      0x36e build/stm32f3xx_hal_cortex.o
 .debug_abbrev  0x0000000000001350      0x1f8 build/stm32f3xx_hal_gpio.o
 .debug_abbrev  0x0000000000001548      0x291 build/stm32f3xx_hal_i2c.o
 .debug_abbrev  0x00000000000017d9      0x1c6 build/stm32f3xx_hal_i2c_ex.o
 .debug_abbrev  0x000000000000199f      0x320 build/stm32f3xx_hal_rcc.o
 .debug_abbrev  0x0000000000001cbf      0x278 build/stm32f3xx_hal_rcc_ex.o
 .debug_abbrev  0x0000000000001f37      0x27c build/stm32f3xx_hal_spi.o
 .debug_abbrev  0x00000000000021b3      0x26a build/stm32f3xx_hal_tim.o
 .debug_abbrev  0x000000000000241d      0x268 build/stm32f3xx_hal_tim_ex.o
 .debug_abbrev  0x0000000000002685      0x305 build/stm32f3xx_hal_uart.o
 .debug_abbrev  0x000000000000298a       0x12 build/startup_stm32f303x8.o
 .debug_abbrev  0x000000000000299c      0x15e /usr/lib/gcc/arm-none-eabi/12.1.0/../../../../arm-none-eabi/lib/thumb/v7e-m+fp/hard/libc_nano.a(lib_a-errno.o)
 .debug_abbrev  0x0000000000002afa      0x15a /usr/lib/gcc/arm-none-eabi/12.1.0/../../../../arm-none-eabi/lib/thumb/v7e-m+fp/hard/libc_nano.a(lib_a-impure.o)
 .debug_abbrev  0x0000000000002c54       0xc9 /usr/lib/gcc/arm-none-eabi/12.1.0/../../../../arm-none-eabi/lib/thumb/v7e-m+fp/hard/libc_nano.a(lib_a-init.o)
 .debug_abbrev  0x0000000000002d1d       0x9e /usr/lib/gcc/arm-none-eabi/12.1.0/../../../../arm-none-eabi/lib/thumb/v7e-m+fp/hard/libc_nano.a(lib_a-memset.o)
 .debug_abbrev  0x0000000000002dbb      0x21c /usr/lib/gcc/arm-none-eabi/12.1.0/../../../../arm-none-eabi/lib/thumb/v7e-m+fp/hard/libc_nano.a(lib_a-sprintf.o)
 .debug_abbrev  0x0000000000002fd7      0x115 /usr/lib/gcc/arm-none-eabi/12.1.0/../../../../arm-none-eabi/lib/thumb/v7e-m+fp/hard/libc_nano.a(lib_a-lock.o)
 .debug_abbrev  0x00000000000030ec      0x31e /usr/lib/gcc/arm-none-eabi/12.1.0/../../../../arm-none-eabi/lib/thumb/v7e-m+fp/hard/libc_nano.a(lib_a-nano-svfprintf.o)
 .debug_abbrev  0x000000000000340a      0x28e /usr/lib/gcc/arm-none-eabi/12.1.0/../../../../arm-none-eabi/lib/thumb/v7e-m+fp/hard/libc_nano.a(lib_a-nano-vfprintf_i.o)
 .debug_abbrev  0x0000000000003698       0x14 /usr/lib/gcc/arm-none-eabi/12.1.0/../../../../arm-none-eabi/lib/thumb/v7e-m+fp/hard/libc_nano.a(lib_a-memchr.o)
 .debug_abbrev  0x00000000000036ac       0xc1 /usr/lib/gcc/arm-none-eabi/12.1.0/../../../../arm-none-eabi/lib/thumb/v7e-m+fp/hard/libc_nano.a(lib_a-memcpy-stub.o)
 .debug_abbrev  0x000000000000376d       0xac /usr/lib/gcc/arm-none-eabi/12.1.0/../../../../arm-none-eabi/lib/thumb/v7e-m+fp/hard/libc_nano.a(lib_a-memmove.o)
 .debug_abbrev  0x0000000000003819      0x23b /usr/lib/gcc/arm-none-eabi/12.1.0/../../../../arm-none-eabi/lib/thumb/v7e-m+fp/hard/libc_nano.a(lib_a-nano-freer.o)
 .debug_abbrev  0x0000000000003a54      0x24a /usr/lib/gcc/arm-none-eabi/12.1.0/../../../../arm-none-eabi/lib/thumb/v7e-m+fp/hard/libc_nano.a(lib_a-nano-mallocr.o)
 .debug_abbrev  0x0000000000003c9e      0x217 /usr/lib/gcc/arm-none-eabi/12.1.0/../../../../arm-none-eabi/lib/thumb/v7e-m+fp/hard/libc_nano.a(lib_a-nano-reallocr.o)
 .debug_abbrev  0x0000000000003eb5      0x1da /usr/lib/gcc/arm-none-eabi/12.1.0/../../../../arm-none-eabi/lib/thumb/v7e-m+fp/hard/libc_nano.a(lib_a-sbrkr.o)
 .debug_abbrev  0x000000000000408f      0x1bf /usr/lib/gcc/arm-none-eabi/12.1.0/../../../../arm-none-eabi/lib/thumb/v7e-m+fp/hard/libc_nano.a(lib_a-mlock.o)
 .debug_abbrev  0x000000000000424e      0x196 /usr/lib/gcc/arm-none-eabi/12.1.0/../../../../arm-none-eabi/lib/thumb/v7e-m+fp/hard/libc_nano.a(lib_a-nano-msizer.o)
 .debug_abbrev  0x00000000000043e4      0x233 /usr/lib/gcc/arm-none-eabi/12.1.0/../../../../arm-none-eabi/lib/thumb/v7e-m+fp/hard/libc_nano.a(lib_a-reent.o)
 .debug_abbrev  0x0000000000004617       0x14 /usr/lib/gcc/arm-none-eabi/12.1.0/thumb/v7e-m+fp/hard/libgcc.a(_arm_addsubdf3.o)
 .debug_abbrev  0x000000000000462b       0x14 /usr/lib/gcc/arm-none-eabi/12.1.0/thumb/v7e-m+fp/hard/libgcc.a(_arm_muldivdf3.o)
 .debug_abbrev  0x000000000000463f       0x14 /usr/lib/gcc/arm-none-eabi/12.1.0/thumb/v7e-m+fp/hard/libgcc.a(_arm_cmpdf2.o)
 .debug_abbrev  0x0000000000004653       0x14 /usr/lib/gcc/arm-none-eabi/12.1.0/thumb/v7e-m+fp/hard/libgcc.a(_arm_fixunsdfsi.o)

.debug_loclists
                0x0000000000000000    0x18e0e
 .debug_loclists
                0x0000000000000000     0xa605 build/bno055.o
 .debug_loclists
                0x000000000000a605       0x3f build/main.o
 .debug_loclists
                0x000000000000a644      0x5cc build/pid.o
 .debug_loclists
                0x000000000000ac10      0x172 build/stm32f3xx_hal_msp.o
 .debug_loclists
                0x000000000000ad82       0x21 build/stm32f3xx_it.o
 .debug_loclists
                0x000000000000ada3       0x46 build/sysmem.o
 .debug_loclists
                0x000000000000ade9       0xbc build/system_stm32f3xx.o
 .debug_loclists
                0x000000000000aea5       0xc9 build/stm32f3xx_hal.o
 .debug_loclists
                0x000000000000af6e      0x422 build/stm32f3xx_hal_cortex.o
 .debug_loclists
                0x000000000000b390      0x267 build/stm32f3xx_hal_gpio.o
 .debug_loclists
                0x000000000000b5f7     0x2ce2 build/stm32f3xx_hal_i2c.o
 .debug_loclists
                0x000000000000e2d9      0x11d build/stm32f3xx_hal_i2c_ex.o
 .debug_loclists
                0x000000000000e3f6      0x857 build/stm32f3xx_hal_rcc.o
 .debug_loclists
                0x000000000000ec4d      0x421 build/stm32f3xx_hal_rcc_ex.o
 .debug_loclists
                0x000000000000f06e     0x1567 build/stm32f3xx_hal_spi.o
 .debug_loclists
                0x00000000000105d5     0x3623 build/stm32f3xx_hal_tim.o
 .debug_loclists
                0x0000000000013bf8     0x1531 build/stm32f3xx_hal_tim_ex.o
 .debug_loclists
                0x0000000000015129     0x2b99 build/stm32f3xx_hal_uart.o
 .debug_loclists
                0x0000000000017cc2       0x44 /usr/lib/gcc/arm-none-eabi/12.1.0/../../../../arm-none-eabi/lib/thumb/v7e-m+fp/hard/libc_nano.a(lib_a-init.o)
 .debug_loclists
                0x0000000000017d06       0x47 /usr/lib/gcc/arm-none-eabi/12.1.0/../../../../arm-none-eabi/lib/thumb/v7e-m+fp/hard/libc_nano.a(lib_a-memset.o)
 .debug_loclists
                0x0000000000017d4d       0x79 /usr/lib/gcc/arm-none-eabi/12.1.0/../../../../arm-none-eabi/lib/thumb/v7e-m+fp/hard/libc_nano.a(lib_a-sprintf.o)
 .debug_loclists
                0x0000000000017dc6       0x23 /usr/lib/gcc/arm-none-eabi/12.1.0/../../../../arm-none-eabi/lib/thumb/v7e-m+fp/hard/libc_nano.a(lib_a-lock.o)
 .debug_loclists
                0x0000000000017de9      0x49b /usr/lib/gcc/arm-none-eabi/12.1.0/../../../../arm-none-eabi/lib/thumb/v7e-m+fp/hard/libc_nano.a(lib_a-nano-svfprintf.o)
 .debug_loclists
                0x0000000000018284      0x3fe /usr/lib/gcc/arm-none-eabi/12.1.0/../../../../arm-none-eabi/lib/thumb/v7e-m+fp/hard/libc_nano.a(lib_a-nano-vfprintf_i.o)
 .debug_loclists
                0x0000000000018682       0x8f /usr/lib/gcc/arm-none-eabi/12.1.0/../../../../arm-none-eabi/lib/thumb/v7e-m+fp/hard/libc_nano.a(lib_a-memcpy-stub.o)
 .debug_loclists
                0x0000000000018711      0x130 /usr/lib/gcc/arm-none-eabi/12.1.0/../../../../arm-none-eabi/lib/thumb/v7e-m+fp/hard/libc_nano.a(lib_a-memmove.o)
 .debug_loclists
                0x0000000000018841       0xd4 /usr/lib/gcc/arm-none-eabi/12.1.0/../../../../arm-none-eabi/lib/thumb/v7e-m+fp/hard/libc_nano.a(lib_a-nano-freer.o)
 .debug_loclists
                0x0000000000018915      0x254 /usr/lib/gcc/arm-none-eabi/12.1.0/../../../../arm-none-eabi/lib/thumb/v7e-m+fp/hard/libc_nano.a(lib_a-nano-mallocr.o)
 .debug_loclists
                0x0000000000018b69       0xf0 /usr/lib/gcc/arm-none-eabi/12.1.0/../../../../arm-none-eabi/lib/thumb/v7e-m+fp/hard/libc_nano.a(lib_a-nano-reallocr.o)
 .debug_loclists
                0x0000000000018c59       0x4c /usr/lib/gcc/arm-none-eabi/12.1.0/../../../../arm-none-eabi/lib/thumb/v7e-m+fp/hard/libc_nano.a(lib_a-sbrkr.o)
 .debug_loclists
                0x0000000000018ca5       0x3a /usr/lib/gcc/arm-none-eabi/12.1.0/../../../../arm-none-eabi/lib/thumb/v7e-m+fp/hard/libc_nano.a(lib_a-mlock.o)
 .debug_loclists
                0x0000000000018cdf       0x62 /usr/lib/gcc/arm-none-eabi/12.1.0/../../../../arm-none-eabi/lib/thumb/v7e-m+fp/hard/libc_nano.a(lib_a-nano-msizer.o)
 .debug_loclists
                0x0000000000018d41       0xcd /usr/lib/gcc/arm-none-eabi/12.1.0/../../../../arm-none-eabi/lib/thumb/v7e-m+fp/hard/libc_nano.a(lib_a-reent.o)

.debug_aranges  0x0000000000000000     0x1cc8
 .debug_aranges
                0x0000000000000000      0x8b0 build/bno055.o
 .debug_aranges
                0x00000000000008b0       0x60 build/main.o
 .debug_aranges
                0x0000000000000910       0x90 build/pid.o
 .debug_aranges
                0x00000000000009a0       0x68 build/stm32f3xx_hal_msp.o
 .debug_aranges
                0x0000000000000a08       0x70 build/stm32f3xx_it.o
 .debug_aranges
                0x0000000000000a78       0x20 build/sysmem.o
 .debug_aranges
                0x0000000000000a98       0x28 build/system_stm32f3xx.o
 .debug_aranges
                0x0000000000000ac0       0xe0 build/stm32f3xx_hal.o
 .debug_aranges
                0x0000000000000ba0       0xc0 build/stm32f3xx_hal_cortex.o
 .debug_aranges
                0x0000000000000c60       0x58 build/stm32f3xx_hal_gpio.o
 .debug_aranges
                0x0000000000000cb8      0x290 build/stm32f3xx_hal_i2c.o
 .debug_aranges
                0x0000000000000f48       0x48 build/stm32f3xx_hal_i2c_ex.o
 .debug_aranges
                0x0000000000000f90       0x88 build/stm32f3xx_hal_rcc.o
 .debug_aranges
                0x0000000000001018       0x38 build/stm32f3xx_hal_rcc_ex.o
 .debug_aranges
                0x0000000000001050      0x1d8 build/stm32f3xx_hal_spi.o
 .debug_aranges
                0x0000000000001228      0x3e0 build/stm32f3xx_hal_tim.o
 .debug_aranges
                0x0000000000001608      0x178 build/stm32f3xx_hal_tim_ex.o
 .debug_aranges
                0x0000000000001780      0x228 build/stm32f3xx_hal_uart.o
 .debug_aranges
                0x00000000000019a8       0x28 build/startup_stm32f303x8.o
 .debug_aranges
                0x00000000000019d0       0x20 /usr/lib/gcc/arm-none-eabi/12.1.0/../../../../arm-none-eabi/lib/thumb/v7e-m+fp/hard/libc_nano.a(lib_a-errno.o)
 .debug_aranges
                0x00000000000019f0       0x18 /usr/lib/gcc/arm-none-eabi/12.1.0/../../../../arm-none-eabi/lib/thumb/v7e-m+fp/hard/libc_nano.a(lib_a-impure.o)
 .debug_aranges
                0x0000000000001a08       0x20 /usr/lib/gcc/arm-none-eabi/12.1.0/../../../../arm-none-eabi/lib/thumb/v7e-m+fp/hard/libc_nano.a(lib_a-init.o)
 .debug_aranges
                0x0000000000001a28       0x20 /usr/lib/gcc/arm-none-eabi/12.1.0/../../../../arm-none-eabi/lib/thumb/v7e-m+fp/hard/libc_nano.a(lib_a-memset.o)
 .debug_aranges
                0x0000000000001a48       0x28 /usr/lib/gcc/arm-none-eabi/12.1.0/../../../../arm-none-eabi/lib/thumb/v7e-m+fp/hard/libc_nano.a(lib_a-sprintf.o)
 .debug_aranges
                0x0000000000001a70       0x28 /usr/lib/gcc/arm-none-eabi/12.1.0/../../../../arm-none-eabi/lib/thumb/v7e-m+fp/hard/libc_nano.a(lib_a-lock.o)
 .debug_aranges
                0x0000000000001a98       0x30 /usr/lib/gcc/arm-none-eabi/12.1.0/../../../../arm-none-eabi/lib/thumb/v7e-m+fp/hard/libc_nano.a(lib_a-nano-svfprintf.o)
 .debug_aranges
                0x0000000000001ac8       0x28 /usr/lib/gcc/arm-none-eabi/12.1.0/../../../../arm-none-eabi/lib/thumb/v7e-m+fp/hard/libc_nano.a(lib_a-nano-vfprintf_i.o)
 .debug_aranges
                0x0000000000001af0       0x20 /usr/lib/gcc/arm-none-eabi/12.1.0/../../../../arm-none-eabi/lib/thumb/v7e-m+fp/hard/libc_nano.a(lib_a-memchr.o)
 .debug_aranges
                0x0000000000001b10       0x20 /usr/lib/gcc/arm-none-eabi/12.1.0/../../../../arm-none-eabi/lib/thumb/v7e-m+fp/hard/libc_nano.a(lib_a-memcpy-stub.o)
 .debug_aranges
                0x0000000000001b30       0x20 /usr/lib/gcc/arm-none-eabi/12.1.0/../../../../arm-none-eabi/lib/thumb/v7e-m+fp/hard/libc_nano.a(lib_a-memmove.o)
 .debug_aranges
                0x0000000000001b50       0x20 /usr/lib/gcc/arm-none-eabi/12.1.0/../../../../arm-none-eabi/lib/thumb/v7e-m+fp/hard/libc_nano.a(lib_a-nano-freer.o)
 .debug_aranges
                0x0000000000001b70       0x28 /usr/lib/gcc/arm-none-eabi/12.1.0/../../../../arm-none-eabi/lib/thumb/v7e-m+fp/hard/libc_nano.a(lib_a-nano-mallocr.o)
 .debug_aranges
                0x0000000000001b98       0x20 /usr/lib/gcc/arm-none-eabi/12.1.0/../../../../arm-none-eabi/lib/thumb/v7e-m+fp/hard/libc_nano.a(lib_a-nano-reallocr.o)
 .debug_aranges
                0x0000000000001bb8       0x20 /usr/lib/gcc/arm-none-eabi/12.1.0/../../../../arm-none-eabi/lib/thumb/v7e-m+fp/hard/libc_nano.a(lib_a-sbrkr.o)
 .debug_aranges
                0x0000000000001bd8       0x28 /usr/lib/gcc/arm-none-eabi/12.1.0/../../../../arm-none-eabi/lib/thumb/v7e-m+fp/hard/libc_nano.a(lib_a-mlock.o)
 .debug_aranges
                0x0000000000001c00       0x20 /usr/lib/gcc/arm-none-eabi/12.1.0/../../../../arm-none-eabi/lib/thumb/v7e-m+fp/hard/libc_nano.a(lib_a-nano-msizer.o)
 .debug_aranges
                0x0000000000001c20       0x28 /usr/lib/gcc/arm-none-eabi/12.1.0/../../../../arm-none-eabi/lib/thumb/v7e-m+fp/hard/libc_nano.a(lib_a-reent.o)
 .debug_aranges
                0x0000000000001c48       0x20 /usr/lib/gcc/arm-none-eabi/12.1.0/thumb/v7e-m+fp/hard/libgcc.a(_arm_addsubdf3.o)
 .debug_aranges
                0x0000000000001c68       0x20 /usr/lib/gcc/arm-none-eabi/12.1.0/thumb/v7e-m+fp/hard/libgcc.a(_arm_muldivdf3.o)
 .debug_aranges
                0x0000000000001c88       0x20 /usr/lib/gcc/arm-none-eabi/12.1.0/thumb/v7e-m+fp/hard/libgcc.a(_arm_cmpdf2.o)
 .debug_aranges
                0x0000000000001ca8       0x20 /usr/lib/gcc/arm-none-eabi/12.1.0/thumb/v7e-m+fp/hard/libgcc.a(_arm_fixunsdfsi.o)

.debug_rnglists
                0x0000000000000000     0x1614
 .debug_rnglists
                0x0000000000000000      0x6e0 build/bno055.o
 .debug_rnglists
                0x00000000000006e0       0x47 build/main.o
 .debug_rnglists
                0x0000000000000727       0x6b build/pid.o
 .debug_rnglists
                0x0000000000000792       0x4a build/stm32f3xx_hal_msp.o
 .debug_rnglists
                0x00000000000007dc       0x4f build/stm32f3xx_it.o
 .debug_rnglists
                0x000000000000082b       0x13 build/sysmem.o
 .debug_rnglists
                0x000000000000083e       0x1a build/system_stm32f3xx.o
 .debug_rnglists
                0x0000000000000858       0xa3 build/stm32f3xx_hal.o
 .debug_rnglists
                0x00000000000008fb       0x8b build/stm32f3xx_hal_cortex.o
 .debug_rnglists
                0x0000000000000986       0x3f build/stm32f3xx_hal_gpio.o
 .debug_rnglists
                0x00000000000009c5      0x20d build/stm32f3xx_hal_i2c.o
 .debug_rnglists
                0x0000000000000bd2       0x31 build/stm32f3xx_hal_i2c_ex.o
 .debug_rnglists
                0x0000000000000c03       0x79 build/stm32f3xx_hal_rcc.o
 .debug_rnglists
                0x0000000000000c7c       0x27 build/stm32f3xx_hal_rcc_ex.o
 .debug_rnglists
                0x0000000000000ca3      0x171 build/stm32f3xx_hal_spi.o
 .debug_rnglists
                0x0000000000000e14      0x30f build/stm32f3xx_hal_tim.o
 .debug_rnglists
                0x0000000000001123      0x127 build/stm32f3xx_hal_tim_ex.o
 .debug_rnglists
                0x000000000000124a      0x1bc build/stm32f3xx_hal_uart.o
 .debug_rnglists
                0x0000000000001406       0x19 build/startup_stm32f303x8.o
 .debug_rnglists
                0x000000000000141f       0x13 /usr/lib/gcc/arm-none-eabi/12.1.0/../../../../arm-none-eabi/lib/thumb/v7e-m+fp/hard/libc_nano.a(lib_a-errno.o)
 .debug_rnglists
                0x0000000000001432       0x13 /usr/lib/gcc/arm-none-eabi/12.1.0/../../../../arm-none-eabi/lib/thumb/v7e-m+fp/hard/libc_nano.a(lib_a-init.o)
 .debug_rnglists
                0x0000000000001445       0x13 /usr/lib/gcc/arm-none-eabi/12.1.0/../../../../arm-none-eabi/lib/thumb/v7e-m+fp/hard/libc_nano.a(lib_a-memset.o)
 .debug_rnglists
                0x0000000000001458       0x19 /usr/lib/gcc/arm-none-eabi/12.1.0/../../../../arm-none-eabi/lib/thumb/v7e-m+fp/hard/libc_nano.a(lib_a-sprintf.o)
 .debug_rnglists
                0x0000000000001471       0x19 /usr/lib/gcc/arm-none-eabi/12.1.0/../../../../arm-none-eabi/lib/thumb/v7e-m+fp/hard/libc_nano.a(lib_a-lock.o)
 .debug_rnglists
                0x000000000000148a       0x44 /usr/lib/gcc/arm-none-eabi/12.1.0/../../../../arm-none-eabi/lib/thumb/v7e-m+fp/hard/libc_nano.a(lib_a-nano-svfprintf.o)
 .debug_rnglists
                0x00000000000014ce       0x5c /usr/lib/gcc/arm-none-eabi/12.1.0/../../../../arm-none-eabi/lib/thumb/v7e-m+fp/hard/libc_nano.a(lib_a-nano-vfprintf_i.o)
 .debug_rnglists
                0x000000000000152a       0x13 /usr/lib/gcc/arm-none-eabi/12.1.0/../../../../arm-none-eabi/lib/thumb/v7e-m+fp/hard/libc_nano.a(lib_a-memcpy-stub.o)
 .debug_rnglists
                0x000000000000153d       0x13 /usr/lib/gcc/arm-none-eabi/12.1.0/../../../../arm-none-eabi/lib/thumb/v7e-m+fp/hard/libc_nano.a(lib_a-memmove.o)
 .debug_rnglists
                0x0000000000001550       0x20 /usr/lib/gcc/arm-none-eabi/12.1.0/../../../../arm-none-eabi/lib/thumb/v7e-m+fp/hard/libc_nano.a(lib_a-nano-freer.o)
 .debug_rnglists
                0x0000000000001570       0x26 /usr/lib/gcc/arm-none-eabi/12.1.0/../../../../arm-none-eabi/lib/thumb/v7e-m+fp/hard/libc_nano.a(lib_a-nano-mallocr.o)
 .debug_rnglists
                0x0000000000001596       0x13 /usr/lib/gcc/arm-none-eabi/12.1.0/../../../../arm-none-eabi/lib/thumb/v7e-m+fp/hard/libc_nano.a(lib_a-nano-reallocr.o)
 .debug_rnglists
                0x00000000000015a9       0x13 /usr/lib/gcc/arm-none-eabi/12.1.0/../../../../arm-none-eabi/lib/thumb/v7e-m+fp/hard/libc_nano.a(lib_a-sbrkr.o)
 .debug_rnglists
                0x00000000000015bc       0x19 /usr/lib/gcc/arm-none-eabi/12.1.0/../../../../arm-none-eabi/lib/thumb/v7e-m+fp/hard/libc_nano.a(lib_a-mlock.o)
 .debug_rnglists
                0x00000000000015d5       0x13 /usr/lib/gcc/arm-none-eabi/12.1.0/../../../../arm-none-eabi/lib/thumb/v7e-m+fp/hard/libc_nano.a(lib_a-nano-msizer.o)
 .debug_rnglists
                0x00000000000015e8       0x2c /usr/lib/gcc/arm-none-eabi/12.1.0/../../../../arm-none-eabi/lib/thumb/v7e-m+fp/hard/libc_nano.a(lib_a-reent.o)

.debug_line     0x0000000000000000    0x24bd4
 .debug_line    0x0000000000000000     0xa941 build/bno055.o
 .debug_line    0x000000000000a941      0x8df build/main.o
 .debug_line    0x000000000000b220      0x5ac build/pid.o
 .debug_line    0x000000000000b7cc      0x4d6 build/stm32f3xx_hal_msp.o
 .debug_line    0x000000000000bca2      0x32d build/stm32f3xx_it.o
 .debug_line    0x000000000000bfcf      0x138 build/sysmem.o
 .debug_line    0x000000000000c107      0x1e2 build/system_stm32f3xx.o
 .debug_line    0x000000000000c2e9      0x4c2 build/stm32f3xx_hal.o
 .debug_line    0x000000000000c7ab      0x655 build/stm32f3xx_hal_cortex.o
 .debug_line    0x000000000000ce00      0x618 build/stm32f3xx_hal_gpio.o
 .debug_line    0x000000000000d418     0x492f build/stm32f3xx_hal_i2c.o
 .debug_line    0x0000000000011d47      0x495 build/stm32f3xx_hal_i2c_ex.o
 .debug_line    0x00000000000121dc     0x114a build/stm32f3xx_hal_rcc.o
 .debug_line    0x0000000000013326      0x669 build/stm32f3xx_hal_rcc_ex.o
 .debug_line    0x000000000001398f     0x28bc build/stm32f3xx_hal_spi.o
 .debug_line    0x000000000001624b     0x4d58 build/stm32f3xx_hal_tim.o
 .debug_line    0x000000000001afa3     0x1d3a build/stm32f3xx_hal_tim_ex.o
 .debug_line    0x000000000001ccdd     0x5005 build/stm32f3xx_hal_uart.o
 .debug_line    0x0000000000021ce2       0x76 build/startup_stm32f303x8.o
 .debug_line    0x0000000000021d58      0x130 /usr/lib/gcc/arm-none-eabi/12.1.0/../../../../arm-none-eabi/lib/thumb/v7e-m+fp/hard/libc_nano.a(lib_a-errno.o)
 .debug_line    0x0000000000021e88      0x10e /usr/lib/gcc/arm-none-eabi/12.1.0/../../../../arm-none-eabi/lib/thumb/v7e-m+fp/hard/libc_nano.a(lib_a-impure.o)
 .debug_line    0x0000000000021f96      0x13b /usr/lib/gcc/arm-none-eabi/12.1.0/../../../../arm-none-eabi/lib/thumb/v7e-m+fp/hard/libc_nano.a(lib_a-init.o)
 .debug_line    0x00000000000220d1      0x129 /usr/lib/gcc/arm-none-eabi/12.1.0/../../../../arm-none-eabi/lib/thumb/v7e-m+fp/hard/libc_nano.a(lib_a-memset.o)
 .debug_line    0x00000000000221fa      0x252 /usr/lib/gcc/arm-none-eabi/12.1.0/../../../../arm-none-eabi/lib/thumb/v7e-m+fp/hard/libc_nano.a(lib_a-sprintf.o)
 .debug_line    0x000000000002244c       0xeb /usr/lib/gcc/arm-none-eabi/12.1.0/../../../../arm-none-eabi/lib/thumb/v7e-m+fp/hard/libc_nano.a(lib_a-lock.o)
 .debug_line    0x0000000000022537      0x7fd /usr/lib/gcc/arm-none-eabi/12.1.0/../../../../arm-none-eabi/lib/thumb/v7e-m+fp/hard/libc_nano.a(lib_a-nano-svfprintf.o)
 .debug_line    0x0000000000022d34      0x6d8 /usr/lib/gcc/arm-none-eabi/12.1.0/../../../../arm-none-eabi/lib/thumb/v7e-m+fp/hard/libc_nano.a(lib_a-nano-vfprintf_i.o)
 .debug_line    0x000000000002340c       0x82 /usr/lib/gcc/arm-none-eabi/12.1.0/../../../../arm-none-eabi/lib/thumb/v7e-m+fp/hard/libc_nano.a(lib_a-memchr.o)
 .debug_line    0x000000000002348e      0x147 /usr/lib/gcc/arm-none-eabi/12.1.0/../../../../arm-none-eabi/lib/thumb/v7e-m+fp/hard/libc_nano.a(lib_a-memcpy-stub.o)
 .debug_line    0x00000000000235d5      0x167 /usr/lib/gcc/arm-none-eabi/12.1.0/../../../../arm-none-eabi/lib/thumb/v7e-m+fp/hard/libc_nano.a(lib_a-memmove.o)
 .debug_line    0x000000000002373c      0x2b8 /usr/lib/gcc/arm-none-eabi/12.1.0/../../../../arm-none-eabi/lib/thumb/v7e-m+fp/hard/libc_nano.a(lib_a-nano-freer.o)
 .debug_line    0x00000000000239f4      0x437 /usr/lib/gcc/arm-none-eabi/12.1.0/../../../../arm-none-eabi/lib/thumb/v7e-m+fp/hard/libc_nano.a(lib_a-nano-mallocr.o)
 .debug_line    0x0000000000023e2b      0x207 /usr/lib/gcc/arm-none-eabi/12.1.0/../../../../arm-none-eabi/lib/thumb/v7e-m+fp/hard/libc_nano.a(lib_a-nano-reallocr.o)
 .debug_line    0x0000000000024032      0x1be /usr/lib/gcc/arm-none-eabi/12.1.0/../../../../arm-none-eabi/lib/thumb/v7e-m+fp/hard/libc_nano.a(lib_a-sbrkr.o)
 .debug_line    0x00000000000241f0      0x190 /usr/lib/gcc/arm-none-eabi/12.1.0/../../../../arm-none-eabi/lib/thumb/v7e-m+fp/hard/libc_nano.a(lib_a-mlock.o)
 .debug_line    0x0000000000024380      0x19a /usr/lib/gcc/arm-none-eabi/12.1.0/../../../../arm-none-eabi/lib/thumb/v7e-m+fp/hard/libc_nano.a(lib_a-nano-msizer.o)
 .debug_line    0x000000000002451a      0x2c3 /usr/lib/gcc/arm-none-eabi/12.1.0/../../../../arm-none-eabi/lib/thumb/v7e-m+fp/hard/libc_nano.a(lib_a-reent.o)
 .debug_line    0x00000000000247dd      0x16f /usr/lib/gcc/arm-none-eabi/12.1.0/thumb/v7e-m+fp/hard/libgcc.a(_arm_addsubdf3.o)
 .debug_line    0x000000000002494c      0x184 /usr/lib/gcc/arm-none-eabi/12.1.0/thumb/v7e-m+fp/hard/libgcc.a(_arm_muldivdf3.o)
 .debug_line    0x0000000000024ad0       0xa6 /usr/lib/gcc/arm-none-eabi/12.1.0/thumb/v7e-m+fp/hard/libgcc.a(_arm_cmpdf2.o)
 .debug_line    0x0000000000024b76       0x5e /usr/lib/gcc/arm-none-eabi/12.1.0/thumb/v7e-m+fp/hard/libgcc.a(_arm_fixunsdfsi.o)

.debug_str      0x0000000000000000     0x8c85
 .debug_str     0x0000000000000000     0x2d02 build/bno055.o
                                       0x2fa9 (size before relaxing)
 .debug_str     0x0000000000002d02     0x1661 build/main.o
                                       0x19cf (size before relaxing)
 .debug_str     0x0000000000004363      0x115 build/pid.o
                                        0x480 (size before relaxing)
 .debug_str     0x0000000000004478       0xec build/stm32f3xx_hal_msp.o
                                       0x11ea (size before relaxing)
 .debug_str     0x0000000000004564      0x118 build/stm32f3xx_it.o
                                        0xaf3 (size before relaxing)
 .debug_str     0x000000000000467c       0x7a build/sysmem.o
                                        0x1f3 (size before relaxing)
 .debug_str     0x00000000000046f6       0xe6 build/system_stm32f3xx.o
                                        0x2a8 (size before relaxing)
 .debug_str     0x00000000000047dc      0x2f1 build/stm32f3xx_hal.o
                                        0x83a (size before relaxing)
 .debug_str     0x0000000000004acd      0x329 build/stm32f3xx_hal_cortex.o
                                        0x8bd (size before relaxing)
 .debug_str     0x0000000000004df6      0x194 build/stm32f3xx_hal_gpio.o
                                        0x475 (size before relaxing)
 .debug_str     0x0000000000004f8a      0x8a2 build/stm32f3xx_hal_i2c.o
                                        0xf56 (size before relaxing)
 .debug_str     0x000000000000582c       0xb5 build/stm32f3xx_hal_i2c_ex.o
                                        0x839 (size before relaxing)
 .debug_str     0x00000000000058e1      0x1e7 build/stm32f3xx_hal_rcc.o
                                        0x650 (size before relaxing)
 .debug_str     0x0000000000005ac8       0xbb build/stm32f3xx_hal_rcc_ex.o
                                        0x447 (size before relaxing)
 .debug_str     0x0000000000005b83      0x564 build/stm32f3xx_hal_spi.o
                                        0xba7 (size before relaxing)
 .debug_str     0x00000000000060e7      0xdf4 build/stm32f3xx_hal_tim.o
                                       0x16cf (size before relaxing)
 .debug_str     0x0000000000006edb      0x45a build/stm32f3xx_hal_tim_ex.o
                                        0xf25 (size before relaxing)
 .debug_str     0x0000000000007335      0x765 build/stm32f3xx_hal_uart.o
                                        0xeab (size before relaxing)
 .debug_str     0x0000000000007a9a       0x22 build/startup_stm32f303x8.o
                                         0x45 (size before relaxing)
 .debug_str     0x0000000000007abc      0x415 /usr/lib/gcc/arm-none-eabi/12.1.0/../../../../arm-none-eabi/lib/thumb/v7e-m+fp/hard/libc_nano.a(lib_a-errno.o)
                                        0x529 (size before relaxing)
 .debug_str     0x0000000000007ed1      0x106 /usr/lib/gcc/arm-none-eabi/12.1.0/../../../../arm-none-eabi/lib/thumb/v7e-m+fp/hard/libc_nano.a(lib_a-impure.o)
                                        0x580 (size before relaxing)
 .debug_str     0x0000000000007fd7      0x104 /usr/lib/gcc/arm-none-eabi/12.1.0/../../../../arm-none-eabi/lib/thumb/v7e-m+fp/hard/libc_nano.a(lib_a-init.o)
                                        0x230 (size before relaxing)
 .debug_str     0x00000000000080db       0xaa /usr/lib/gcc/arm-none-eabi/12.1.0/../../../../arm-none-eabi/lib/thumb/v7e-m+fp/hard/libc_nano.a(lib_a-memset.o)
                                        0x1d1 (size before relaxing)
 .debug_str     0x0000000000008185       0xdf /usr/lib/gcc/arm-none-eabi/12.1.0/../../../../arm-none-eabi/lib/thumb/v7e-m+fp/hard/libc_nano.a(lib_a-sprintf.o)
                                        0x56e (size before relaxing)
 .debug_str     0x0000000000008264      0x266 /usr/lib/gcc/arm-none-eabi/12.1.0/../../../../arm-none-eabi/lib/thumb/v7e-m+fp/hard/libc_nano.a(lib_a-lock.o)
                                        0x361 (size before relaxing)
 .debug_str     0x00000000000084ca      0x2ab /usr/lib/gcc/arm-none-eabi/12.1.0/../../../../arm-none-eabi/lib/thumb/v7e-m+fp/hard/libc_nano.a(lib_a-nano-svfprintf.o)
                                        0x877 (size before relaxing)
 .debug_str     0x0000000000008775       0xaa /usr/lib/gcc/arm-none-eabi/12.1.0/../../../../arm-none-eabi/lib/thumb/v7e-m+fp/hard/libc_nano.a(lib_a-nano-vfprintf_i.o)
                                        0x80e (size before relaxing)
 .debug_str     0x000000000000881f       0x7a /usr/lib/gcc/arm-none-eabi/12.1.0/../../../../arm-none-eabi/lib/thumb/v7e-m+fp/hard/libc_nano.a(lib_a-memchr.o)
 .debug_str     0x0000000000008899       0x6b /usr/lib/gcc/arm-none-eabi/12.1.0/../../../../arm-none-eabi/lib/thumb/v7e-m+fp/hard/libc_nano.a(lib_a-memcpy-stub.o)
                                        0x1f7 (size before relaxing)
 .debug_str     0x0000000000008904       0x5d /usr/lib/gcc/arm-none-eabi/12.1.0/../../../../arm-none-eabi/lib/thumb/v7e-m+fp/hard/libc_nano.a(lib_a-memmove.o)
                                        0x1ec (size before relaxing)
 .debug_str     0x0000000000008961      0x12a /usr/lib/gcc/arm-none-eabi/12.1.0/../../../../arm-none-eabi/lib/thumb/v7e-m+fp/hard/libc_nano.a(lib_a-nano-freer.o)
                                        0x5b7 (size before relaxing)
 .debug_str     0x0000000000008a8b       0x5d /usr/lib/gcc/arm-none-eabi/12.1.0/../../../../arm-none-eabi/lib/thumb/v7e-m+fp/hard/libc_nano.a(lib_a-nano-mallocr.o)
                                        0x616 (size before relaxing)
 .debug_str     0x0000000000008ae8       0x2c /usr/lib/gcc/arm-none-eabi/12.1.0/../../../../arm-none-eabi/lib/thumb/v7e-m+fp/hard/libc_nano.a(lib_a-nano-reallocr.o)
                                        0x5aa (size before relaxing)
 .debug_str     0x0000000000008b14       0x48 /usr/lib/gcc/arm-none-eabi/12.1.0/../../../../arm-none-eabi/lib/thumb/v7e-m+fp/hard/libc_nano.a(lib_a-sbrkr.o)
                                        0x538 (size before relaxing)
 .debug_str     0x0000000000008b5c       0x49 /usr/lib/gcc/arm-none-eabi/12.1.0/../../../../arm-none-eabi/lib/thumb/v7e-m+fp/hard/libc_nano.a(lib_a-mlock.o)
                                        0x5b2 (size before relaxing)
 .debug_str     0x0000000000008ba5        0xf /usr/lib/gcc/arm-none-eabi/12.1.0/../../../../arm-none-eabi/lib/thumb/v7e-m+fp/hard/libc_nano.a(lib_a-nano-msizer.o)
                                        0x57f (size before relaxing)
 .debug_str     0x0000000000008bb4       0x74 /usr/lib/gcc/arm-none-eabi/12.1.0/../../../../arm-none-eabi/lib/thumb/v7e-m+fp/hard/libc_nano.a(lib_a-reent.o)
                                        0x560 (size before relaxing)
 .debug_str     0x0000000000008c28       0x5d /usr/lib/gcc/arm-none-eabi/12.1.0/thumb/v7e-m+fp/hard/libgcc.a(_arm_addsubdf3.o)
                                         0x69 (size before relaxing)
 .debug_str     0x0000000000008c85       0x69 /usr/lib/gcc/arm-none-eabi/12.1.0/thumb/v7e-m+fp/hard/libgcc.a(_arm_muldivdf3.o)
 .debug_str     0x0000000000008c85       0x69 /usr/lib/gcc/arm-none-eabi/12.1.0/thumb/v7e-m+fp/hard/libgcc.a(_arm_cmpdf2.o)
 .debug_str     0x0000000000008c85       0x69 /usr/lib/gcc/arm-none-eabi/12.1.0/thumb/v7e-m+fp/hard/libgcc.a(_arm_fixunsdfsi.o)

.comment        0x0000000000000000       0x3c
 .comment       0x0000000000000000       0x1e build/bno055.o
                                         0x1f (size before relaxing)
 .comment       0x000000000000001e       0x1f build/main.o
 .comment       0x000000000000001e       0x1f build/pid.o
 .comment       0x000000000000001e       0x1f build/stm32f3xx_hal_msp.o
 .comment       0x000000000000001e       0x1f build/stm32f3xx_it.o
 .comment       0x000000000000001e       0x1f build/sysmem.o
 .comment       0x000000000000001e       0x1f build/system_stm32f3xx.o
 .comment       0x000000000000001e       0x1f build/stm32f3xx_hal.o
 .comment       0x000000000000001e       0x1f build/stm32f3xx_hal_cortex.o
 .comment       0x000000000000001e       0x1f build/stm32f3xx_hal_gpio.o
 .comment       0x000000000000001e       0x1f build/stm32f3xx_hal_i2c.o
 .comment       0x000000000000001e       0x1f build/stm32f3xx_hal_i2c_ex.o
 .comment       0x000000000000001e       0x1f build/stm32f3xx_hal_rcc.o
 .comment       0x000000000000001e       0x1f build/stm32f3xx_hal_rcc_ex.o
 .comment       0x000000000000001e       0x1f build/stm32f3xx_hal_spi.o
 .comment       0x000000000000001e       0x1f build/stm32f3xx_hal_tim.o
 .comment       0x000000000000001e       0x1f build/stm32f3xx_hal_tim_ex.o
 .comment       0x000000000000001e       0x1f build/stm32f3xx_hal_uart.o
 .comment       0x000000000000001e       0x1e /usr/lib/gcc/arm-none-eabi/12.1.0/../../../../arm-none-eabi/lib/thumb/v7e-m+fp/hard/libc_nano.a(lib_a-errno.o)
                                         0x1f (size before relaxing)
 .comment       0x000000000000003c       0x1f /usr/lib/gcc/arm-none-eabi/12.1.0/../../../../arm-none-eabi/lib/thumb/v7e-m+fp/hard/libc_nano.a(lib_a-impure.o)
 .comment       0x000000000000003c       0x1f /usr/lib/gcc/arm-none-eabi/12.1.0/../../../../arm-none-eabi/lib/thumb/v7e-m+fp/hard/libc_nano.a(lib_a-init.o)
 .comment       0x000000000000003c       0x1f /usr/lib/gcc/arm-none-eabi/12.1.0/../../../../arm-none-eabi/lib/thumb/v7e-m+fp/hard/libc_nano.a(lib_a-memset.o)
 .comment       0x000000000000003c       0x1f /usr/lib/gcc/arm-none-eabi/12.1.0/../../../../arm-none-eabi/lib/thumb/v7e-m+fp/hard/libc_nano.a(lib_a-sprintf.o)
 .comment       0x000000000000003c       0x1f /usr/lib/gcc/arm-none-eabi/12.1.0/../../../../arm-none-eabi/lib/thumb/v7e-m+fp/hard/libc_nano.a(lib_a-lock.o)
 .comment       0x000000000000003c       0x1f /usr/lib/gcc/arm-none-eabi/12.1.0/../../../../arm-none-eabi/lib/thumb/v7e-m+fp/hard/libc_nano.a(lib_a-nano-svfprintf.o)
 .comment       0x000000000000003c       0x1f /usr/lib/gcc/arm-none-eabi/12.1.0/../../../../arm-none-eabi/lib/thumb/v7e-m+fp/hard/libc_nano.a(lib_a-nano-vfprintf_i.o)
 .comment       0x000000000000003c       0x1f /usr/lib/gcc/arm-none-eabi/12.1.0/../../../../arm-none-eabi/lib/thumb/v7e-m+fp/hard/libc_nano.a(lib_a-memcpy-stub.o)
 .comment       0x000000000000003c       0x1f /usr/lib/gcc/arm-none-eabi/12.1.0/../../../../arm-none-eabi/lib/thumb/v7e-m+fp/hard/libc_nano.a(lib_a-memmove.o)
 .comment       0x000000000000003c       0x1f /usr/lib/gcc/arm-none-eabi/12.1.0/../../../../arm-none-eabi/lib/thumb/v7e-m+fp/hard/libc_nano.a(lib_a-nano-freer.o)
 .comment       0x000000000000003c       0x1f /usr/lib/gcc/arm-none-eabi/12.1.0/../../../../arm-none-eabi/lib/thumb/v7e-m+fp/hard/libc_nano.a(lib_a-nano-mallocr.o)
 .comment       0x000000000000003c       0x1f /usr/lib/gcc/arm-none-eabi/12.1.0/../../../../arm-none-eabi/lib/thumb/v7e-m+fp/hard/libc_nano.a(lib_a-nano-reallocr.o)
 .comment       0x000000000000003c       0x1f /usr/lib/gcc/arm-none-eabi/12.1.0/../../../../arm-none-eabi/lib/thumb/v7e-m+fp/hard/libc_nano.a(lib_a-sbrkr.o)
 .comment       0x000000000000003c       0x1f /usr/lib/gcc/arm-none-eabi/12.1.0/../../../../arm-none-eabi/lib/thumb/v7e-m+fp/hard/libc_nano.a(lib_a-mlock.o)
 .comment       0x000000000000003c       0x1f /usr/lib/gcc/arm-none-eabi/12.1.0/../../../../arm-none-eabi/lib/thumb/v7e-m+fp/hard/libc_nano.a(lib_a-nano-msizer.o)
 .comment       0x000000000000003c       0x1f /usr/lib/gcc/arm-none-eabi/12.1.0/../../../../arm-none-eabi/lib/thumb/v7e-m+fp/hard/libc_nano.a(lib_a-reent.o)

.debug_frame    0x0000000000000000     0x5de0
 .debug_frame   0x0000000000000000     0x26dc build/bno055.o
 .debug_frame   0x00000000000026dc      0x124 build/main.o
 .debug_frame   0x0000000000002800      0x200 build/pid.o
 .debug_frame   0x0000000000002a00      0x12c build/stm32f3xx_hal_msp.o
 .debug_frame   0x0000000000002b2c       0xd8 build/stm32f3xx_it.o
 .debug_frame   0x0000000000002c04       0x28 build/sysmem.o
 .debug_frame   0x0000000000002c2c       0x30 build/system_stm32f3xx.o
 .debug_frame   0x0000000000002c5c      0x1cc build/stm32f3xx_hal.o
 .debug_frame   0x0000000000002e28      0x19c build/stm32f3xx_hal_cortex.o
 .debug_frame   0x0000000000002fc4       0xd0 build/stm32f3xx_hal_gpio.o
 .debug_frame   0x0000000000003094      0x934 build/stm32f3xx_hal_i2c.o
 .debug_frame   0x00000000000039c8       0x80 build/stm32f3xx_hal_i2c_ex.o
 .debug_frame   0x0000000000003a48      0x170 build/stm32f3xx_hal_rcc.o
 .debug_frame   0x0000000000003bb8       0x74 build/stm32f3xx_hal_rcc_ex.o
 .debug_frame   0x0000000000003c2c      0x5d8 build/stm32f3xx_hal_spi.o
 .debug_frame   0x0000000000004204      0xb48 build/stm32f3xx_hal_tim.o
 .debug_frame   0x0000000000004d4c      0x450 build/stm32f3xx_hal_tim_ex.o
 .debug_frame   0x000000000000519c      0x600 build/stm32f3xx_hal_uart.o
 .debug_frame   0x000000000000579c       0x20 /usr/lib/gcc/arm-none-eabi/12.1.0/../../../../arm-none-eabi/lib/thumb/v7e-m+fp/hard/libc_nano.a(lib_a-errno.o)
 .debug_frame   0x00000000000057bc       0x2c /usr/lib/gcc/arm-none-eabi/12.1.0/../../../../arm-none-eabi/lib/thumb/v7e-m+fp/hard/libc_nano.a(lib_a-init.o)
 .debug_frame   0x00000000000057e8       0x20 /usr/lib/gcc/arm-none-eabi/12.1.0/../../../../arm-none-eabi/lib/thumb/v7e-m+fp/hard/libc_nano.a(lib_a-memset.o)
 .debug_frame   0x0000000000005808       0x6c /usr/lib/gcc/arm-none-eabi/12.1.0/../../../../arm-none-eabi/lib/thumb/v7e-m+fp/hard/libc_nano.a(lib_a-sprintf.o)
 .debug_frame   0x0000000000005874       0xb0 /usr/lib/gcc/arm-none-eabi/12.1.0/../../../../arm-none-eabi/lib/thumb/v7e-m+fp/hard/libc_nano.a(lib_a-lock.o)
 .debug_frame   0x0000000000005924       0x90 /usr/lib/gcc/arm-none-eabi/12.1.0/../../../../arm-none-eabi/lib/thumb/v7e-m+fp/hard/libc_nano.a(lib_a-nano-svfprintf.o)
 .debug_frame   0x00000000000059b4       0x60 /usr/lib/gcc/arm-none-eabi/12.1.0/../../../../arm-none-eabi/lib/thumb/v7e-m+fp/hard/libc_nano.a(lib_a-nano-vfprintf_i.o)
 .debug_frame   0x0000000000005a14       0x28 /usr/lib/gcc/arm-none-eabi/12.1.0/../../../../arm-none-eabi/lib/thumb/v7e-m+fp/hard/libc_nano.a(lib_a-memcpy-stub.o)
 .debug_frame   0x0000000000005a3c       0x28 /usr/lib/gcc/arm-none-eabi/12.1.0/../../../../arm-none-eabi/lib/thumb/v7e-m+fp/hard/libc_nano.a(lib_a-memmove.o)
 .debug_frame   0x0000000000005a64       0x38 /usr/lib/gcc/arm-none-eabi/12.1.0/../../../../arm-none-eabi/lib/thumb/v7e-m+fp/hard/libc_nano.a(lib_a-nano-freer.o)
 .debug_frame   0x0000000000005a9c       0x4c /usr/lib/gcc/arm-none-eabi/12.1.0/../../../../arm-none-eabi/lib/thumb/v7e-m+fp/hard/libc_nano.a(lib_a-nano-mallocr.o)
 .debug_frame   0x0000000000005ae8       0x3c /usr/lib/gcc/arm-none-eabi/12.1.0/../../../../arm-none-eabi/lib/thumb/v7e-m+fp/hard/libc_nano.a(lib_a-nano-reallocr.o)
 .debug_frame   0x0000000000005b24       0x2c /usr/lib/gcc/arm-none-eabi/12.1.0/../../../../arm-none-eabi/lib/thumb/v7e-m+fp/hard/libc_nano.a(lib_a-sbrkr.o)
 .debug_frame   0x0000000000005b50       0x30 /usr/lib/gcc/arm-none-eabi/12.1.0/../../../../arm-none-eabi/lib/thumb/v7e-m+fp/hard/libc_nano.a(lib_a-mlock.o)
 .debug_frame   0x0000000000005b80       0x20 /usr/lib/gcc/arm-none-eabi/12.1.0/../../../../arm-none-eabi/lib/thumb/v7e-m+fp/hard/libc_nano.a(lib_a-nano-msizer.o)
 .debug_frame   0x0000000000005ba0       0x5c /usr/lib/gcc/arm-none-eabi/12.1.0/../../../../arm-none-eabi/lib/thumb/v7e-m+fp/hard/libc_nano.a(lib_a-reent.o)
 .debug_frame   0x0000000000005bfc       0xac /usr/lib/gcc/arm-none-eabi/12.1.0/thumb/v7e-m+fp/hard/libgcc.a(_arm_addsubdf3.o)
 .debug_frame   0x0000000000005ca8       0x50 /usr/lib/gcc/arm-none-eabi/12.1.0/thumb/v7e-m+fp/hard/libgcc.a(_arm_muldivdf3.o)
 .debug_frame   0x0000000000005cf8       0xc4 /usr/lib/gcc/arm-none-eabi/12.1.0/thumb/v7e-m+fp/hard/libgcc.a(_arm_cmpdf2.o)
 .debug_frame   0x0000000000005dbc       0x24 /usr/lib/gcc/arm-none-eabi/12.1.0/thumb/v7e-m+fp/hard/libgcc.a(_arm_fixunsdfsi.o)

.debug_line_str
                0x0000000000000000       0xd2
 .debug_line_str
                0x0000000000000000       0x39 build/startup_stm32f303x8.o
                                         0x4f (size before relaxing)
 .debug_line_str
                0x0000000000000039       0x52 /usr/lib/gcc/arm-none-eabi/12.1.0/../../../../arm-none-eabi/lib/thumb/v7e-m+fp/hard/libc_nano.a(lib_a-memchr.o)
                                         0xa4 (size before relaxing)
 .debug_line_str
                0x000000000000008b       0x47 /usr/lib/gcc/arm-none-eabi/12.1.0/thumb/v7e-m+fp/hard/libgcc.a(_arm_addsubdf3.o)
                                         0x8e (size before relaxing)
 .debug_line_str
                0x00000000000000d2       0x8e /usr/lib/gcc/arm-none-eabi/12.1.0/thumb/v7e-m+fp/hard/libgcc.a(_arm_muldivdf3.o)
 .debug_line_str
                0x00000000000000d2       0x8e /usr/lib/gcc/arm-none-eabi/12.1.0/thumb/v7e-m+fp/hard/libgcc.a(_arm_cmpdf2.o)
 .debug_line_str
                0x00000000000000d2       0x8e /usr/lib/gcc/arm-none-eabi/12.1.0/thumb/v7e-m+fp/hard/libgcc.a(_arm_fixunsdfsi.o)

Cross Reference Table

Symbol                                            File
ADC1_2_IRQHandler                                 build/startup_stm32f303x8.o
AHBPrescTable                                     build/system_stm32f3xx.o
                                                  build/stm32f3xx_hal_rcc.o
APBPrescTable                                     build/system_stm32f3xx.o
                                                  build/stm32f3xx_hal_rcc.o
BNO055_I2C_bus_read                               build/bno055_support.o
BNO055_I2C_bus_write                              build/bno055_support.o
BNO055_delay_msek                                 build/bno055_support.o
BusFault_Handler                                  build/stm32f3xx_it.o
CAN_RX0_IRQHandler                                build/startup_stm32f303x8.o
CAN_RX1_IRQHandler                                build/startup_stm32f303x8.o
CAN_SCE_IRQHandler                                build/startup_stm32f303x8.o
CAN_TX_IRQHandler                                 build/startup_stm32f303x8.o
COMP2_IRQHandler                                  build/startup_stm32f303x8.o
COMP4_6_IRQHandler                                build/startup_stm32f303x8.o
DMA1_Channel1_IRQHandler                          build/startup_stm32f303x8.o
DMA1_Channel2_IRQHandler                          build/startup_stm32f303x8.o
DMA1_Channel3_IRQHandler                          build/startup_stm32f303x8.o
DMA1_Channel4_IRQHandler                          build/startup_stm32f303x8.o
DMA1_Channel5_IRQHandler                          build/startup_stm32f303x8.o