Archive member included to satisfy reference by file (symbol)

/usr/lib/gcc/arm-none-eabi/12.2.0/../../../../arm-none-eabi/lib/thumb/v7e-m+fp/hard/libc_nano.a(lib_a-atexit.o)
                              /usr/lib/gcc/arm-none-eabi/12.2.0/../../../../arm-none-eabi/lib/thumb/v7e-m+fp/hard/crt0.o (atexit)
/usr/lib/gcc/arm-none-eabi/12.2.0/../../../../arm-none-eabi/lib/thumb/v7e-m+fp/hard/libc_nano.a(lib_a-errno.o)
                              build/syscalls.o (__errno)
/usr/lib/gcc/arm-none-eabi/12.2.0/../../../../arm-none-eabi/lib/thumb/v7e-m+fp/hard/libc_nano.a(lib_a-exit.o)
                              /usr/lib/gcc/arm-none-eabi/12.2.0/../../../../arm-none-eabi/lib/thumb/v7e-m+fp/hard/crt0.o (exit)
/usr/lib/gcc/arm-none-eabi/12.2.0/../../../../arm-none-eabi/lib/thumb/v7e-m+fp/hard/libc_nano.a(lib_a-fini.o)
                              /usr/lib/gcc/arm-none-eabi/12.2.0/../../../../arm-none-eabi/lib/thumb/v7e-m+fp/hard/crt0.o (__libc_fini_array)
/usr/lib/gcc/arm-none-eabi/12.2.0/../../../../arm-none-eabi/lib/thumb/v7e-m+fp/hard/libc_nano.a(lib_a-impure.o)
                              /usr/lib/gcc/arm-none-eabi/12.2.0/../../../../arm-none-eabi/lib/thumb/v7e-m+fp/hard/libc_nano.a(lib_a-exit.o) (_global_impure_ptr)
/usr/lib/gcc/arm-none-eabi/12.2.0/../../../../arm-none-eabi/lib/thumb/v7e-m+fp/hard/libc_nano.a(lib_a-init.o)
                              /usr/lib/gcc/arm-none-eabi/12.2.0/../../../../arm-none-eabi/lib/thumb/v7e-m+fp/hard/crt0.o (__libc_init_array)
/usr/lib/gcc/arm-none-eabi/12.2.0/../../../../arm-none-eabi/lib/thumb/v7e-m+fp/hard/libc_nano.a(lib_a-memset.o)
                              /usr/lib/gcc/arm-none-eabi/12.2.0/../../../../arm-none-eabi/lib/thumb/v7e-m+fp/hard/crt0.o (memset)
/usr/lib/gcc/arm-none-eabi/12.2.0/../../../../arm-none-eabi/lib/thumb/v7e-m+fp/hard/libc_nano.a(lib_a-__atexit.o)
                              /usr/lib/gcc/arm-none-eabi/12.2.0/../../../../arm-none-eabi/lib/thumb/v7e-m+fp/hard/libc_nano.a(lib_a-atexit.o) (__register_exitproc)
/usr/lib/gcc/arm-none-eabi/12.2.0/../../../../arm-none-eabi/lib/thumb/v7e-m+fp/hard/libc_nano.a(lib_a-__call_atexit.o)
                              /usr/lib/gcc/arm-none-eabi/12.2.0/../../../../arm-none-eabi/lib/thumb/v7e-m+fp/hard/libc_nano.a(lib_a-__atexit.o) (__call_exitprocs)
/usr/lib/gcc/arm-none-eabi/12.2.0/../../../../arm-none-eabi/lib/thumb/v7e-m+fp/hard/libc_nano.a(lib_a-lock.o)
                              /usr/lib/gcc/arm-none-eabi/12.2.0/../../../../arm-none-eabi/lib/thumb/v7e-m+fp/hard/libc_nano.a(lib_a-__atexit.o) (__retarget_lock_acquire_recursive)
/usr/lib/gcc/arm-none-eabi/12.2.0/thumb/v7e-m+fp/hard/libgcc.a(_arm_muldf3.o)
                              build/bno055.o (__aeabi_dmul)
/usr/lib/gcc/arm-none-eabi/12.2.0/thumb/v7e-m+fp/hard/libgcc.a(_arm_addsubdf3.o)
                              build/pid.o (__aeabi_dsub)
/usr/lib/gcc/arm-none-eabi/12.2.0/thumb/v7e-m+fp/hard/libgcc.a(_arm_muldivdf3.o)
                              build/bno055.o (__aeabi_ddiv)
/usr/lib/gcc/arm-none-eabi/12.2.0/thumb/v7e-m+fp/hard/libgcc.a(_arm_cmpdf2.o)
                              build/pid.o (__aeabi_dcmplt)
/usr/lib/gcc/arm-none-eabi/12.2.0/thumb/v7e-m+fp/hard/libgcc.a(_arm_fixunsdfsi.o)
                              build/main.o (__aeabi_d2uiz)
/usr/lib/gcc/arm-none-eabi/12.2.0/thumb/v7e-m+fp/hard/libgcc.a(_arm_truncdfsf2.o)
                              build/bno055.o (__aeabi_d2f)

Discarded input sections

 .text          0x0000000000000000        0x0 /usr/lib/gcc/arm-none-eabi/12.2.0/thumb/v7e-m+fp/hard/crti.o
 .data          0x0000000000000000        0x0 /usr/lib/gcc/arm-none-eabi/12.2.0/thumb/v7e-m+fp/hard/crti.o
 .bss           0x0000000000000000        0x0 /usr/lib/gcc/arm-none-eabi/12.2.0/thumb/v7e-m+fp/hard/crti.o
 .text          0x0000000000000000        0x0 /usr/lib/gcc/arm-none-eabi/12.2.0/thumb/v7e-m+fp/hard/crtbegin.o
 .data          0x0000000000000000        0x0 /usr/lib/gcc/arm-none-eabi/12.2.0/thumb/v7e-m+fp/hard/crtbegin.o
 .bss           0x0000000000000000        0x0 /usr/lib/gcc/arm-none-eabi/12.2.0/thumb/v7e-m+fp/hard/crtbegin.o
 .rodata.all_implied_fbits
                0x0000000000000000       0x24 /usr/lib/gcc/arm-none-eabi/12.2.0/thumb/v7e-m+fp/hard/crtbegin.o
 .data.__dso_handle
                0x0000000000000000        0x4 /usr/lib/gcc/arm-none-eabi/12.2.0/thumb/v7e-m+fp/hard/crtbegin.o
 .text          0x0000000000000000       0x70 /usr/lib/gcc/arm-none-eabi/12.2.0/../../../../arm-none-eabi/lib/thumb/v7e-m+fp/hard/crt0.o
 .data          0x0000000000000000        0x0 /usr/lib/gcc/arm-none-eabi/12.2.0/../../../../arm-none-eabi/lib/thumb/v7e-m+fp/hard/crt0.o
 .bss           0x0000000000000000        0x0 /usr/lib/gcc/arm-none-eabi/12.2.0/../../../../arm-none-eabi/lib/thumb/v7e-m+fp/hard/crt0.o
 .ARM.extab     0x0000000000000000        0x0 /usr/lib/gcc/arm-none-eabi/12.2.0/../../../../arm-none-eabi/lib/thumb/v7e-m+fp/hard/crt0.o
[...]
Memory Configuration

Name             Origin             Length             Attributes
RAM              0x0000000020000000 0x0000000000003000 xrw
CCMRAM           0x0000000010000000 0x0000000000001000 xrw
FLASH            0x0000000008000000 0x0000000000010000 xr
*default*        0x0000000000000000 0xffffffffffffffff

Linker script and memory map

LOAD /usr/lib/gcc/arm-none-eabi/12.2.0/thumb/v7e-m+fp/hard/crti.o
LOAD /usr/lib/gcc/arm-none-eabi/12.2.0/thumb/v7e-m+fp/hard/crtbegin.o
LOAD /usr/lib/gcc/arm-none-eabi/12.2.0/../../../../arm-none-eabi/lib/thumb/v7e-m+fp/hard/crt0.o
LOAD build/bno055.o
LOAD build/bno055_support.o
LOAD build/main.o
LOAD build/pid.o
LOAD build/simple_regulator.o
LOAD build/stm32f3xx_hal_msp.o
LOAD build/stm32f3xx_it.o
LOAD build/syscalls.o
LOAD build/sysmem.o
LOAD build/system_stm32f3xx.o
LOAD build/stm32f3xx_hal.o
LOAD build/stm32f3xx_hal_cortex.o
LOAD build/stm32f3xx_hal_dma.o
LOAD build/stm32f3xx_hal_exti.o
LOAD build/stm32f3xx_hal_flash.o
LOAD build/stm32f3xx_hal_flash_ex.o
LOAD build/stm32f3xx_hal_gpio.o
LOAD build/stm32f3xx_hal_i2c.o
LOAD build/stm32f3xx_hal_i2c_ex.o
LOAD build/stm32f3xx_hal_pwr.o
LOAD build/stm32f3xx_hal_pwr_ex.o
LOAD build/stm32f3xx_hal_rcc.o
LOAD build/stm32f3xx_hal_rcc_ex.o
LOAD build/stm32f3xx_hal_spi.o
LOAD build/stm32f3xx_hal_spi_ex.o
LOAD build/stm32f3xx_hal_tim.o
LOAD build/stm32f3xx_hal_tim_ex.o
LOAD build/stm32f3xx_hal_uart.o
LOAD build/stm32f3xx_hal_uart_ex.o
LOAD build/startup_stm32f303x8.o
LOAD /usr/lib/gcc/arm-none-eabi/12.2.0/../../../../arm-none-eabi/lib/thumb/v7e-m+fp/hard/libc_nano.a
LOAD /usr/lib/gcc/arm-none-eabi/12.2.0/../../../../arm-none-eabi/lib/thumb/v7e-m+fp/hard/libm.a
LOAD /usr/lib/gcc/arm-none-eabi/12.2.0/../../../../arm-none-eabi/lib/thumb/v7e-m+fp/hard/libnosys.a
START GROUP
LOAD /usr/lib/gcc/arm-none-eabi/12.2.0/thumb/v7e-m+fp/hard/libgcc.a
LOAD /usr/lib/gcc/arm-none-eabi/12.2.0/../../../../arm-none-eabi/lib/thumb/v7e-m+fp/hard/libc_nano.a
END GROUP
START GROUP
LOAD /usr/lib/gcc/arm-none-eabi/12.2.0/thumb/v7e-m+fp/hard/libgcc.a
LOAD /usr/lib/gcc/arm-none-eabi/12.2.0/../../../../arm-none-eabi/lib/thumb/v7e-m+fp/hard/libc_nano.a
END GROUP
LOAD /usr/lib/gcc/arm-none-eabi/12.2.0/thumb/v7e-m+fp/hard/crtend.o
LOAD /usr/lib/gcc/arm-none-eabi/12.2.0/thumb/v7e-m+fp/hard/crtn.o
                0x0000000020003000                _estack = 0x20003000
                0x0000000000000200                _Min_Heap_Size = 0x200
                0x0000000000000400                _Min_Stack_Size = 0x400

.isr_vector     0x0000000008000000      0x188
                0x0000000008000000                . = ALIGN (0x4)
 *(.isr_vector)
 .isr_vector    0x0000000008000000      0x188 build/startup_stm32f303x8.o
                0x0000000008000000                g_pfnVectors
                0x0000000008000188                . = ALIGN (0x4)

.text           0x0000000008000188     0x43b4
                0x0000000008000188                . = ALIGN (0x4)
 *(.text)
 .text          0x0000000008000188      0x378 /usr/lib/gcc/arm-none-eabi/12.2.0/thumb/v7e-m+fp/hard/libgcc.a(_arm_addsubdf3.o)
                0x0000000008000188                __aeabi_drsub
                0x0000000008000190                __aeabi_dsub
                0x0000000008000190                __subdf3
                0x0000000008000194                __adddf3
                0x0000000008000194                __aeabi_dadd
                0x000000000800040c                __aeabi_ui2d
                0x000000000800040c                __floatunsidf
                0x000000000800042c                __floatsidf
                0x000000000800042c                __aeabi_i2d
                0x0000000008000450                __extendsfdf2
                0x0000000008000450                __aeabi_f2d
                0x0000000008000494                __aeabi_ul2d
                0x0000000008000494                __floatundidf
                0x00000000080004a4                __floatdidf
                0x00000000080004a4                __aeabi_l2d
 .text          0x0000000008000500      0x424 /usr/lib/gcc/arm-none-eabi/12.2.0/thumb/v7e-m+fp/hard/libgcc.a(_arm_muldivdf3.o)
                0x0000000008000500                __aeabi_dmul
                0x0000000008000500                __muldf3
                0x0000000008000754                __aeabi_ddiv
                0x0000000008000754                __divdf3
 .text          0x0000000008000924      0x110 /usr/lib/gcc/arm-none-eabi/12.2.0/thumb/v7e-m+fp/hard/libgcc.a(_arm_cmpdf2.o)
                0x0000000008000924                __gtdf2
                0x0000000008000924                __gedf2
                0x000000000800092c                __ltdf2
                0x000000000800092c                __ledf2
                0x0000000008000934                __cmpdf2
                0x0000000008000934                __eqdf2
                0x0000000008000934                __nedf2
                0x00000000080009b0                __aeabi_cdrcmple
                0x00000000080009c0                __aeabi_cdcmple
                0x00000000080009c0                __aeabi_cdcmpeq
                0x00000000080009d0                __aeabi_dcmpeq
                0x00000000080009e4                __aeabi_dcmplt
                0x00000000080009f8                __aeabi_dcmple
                0x0000000008000a0c                __aeabi_dcmpge
                0x0000000008000a20                __aeabi_dcmpgt
 .text          0x0000000008000a34       0x40 /usr/lib/gcc/arm-none-eabi/12.2.0/thumb/v7e-m+fp/hard/libgcc.a(_arm_fixunsdfsi.o)
                0x0000000008000a34                __fixunsdfsi
                0x0000000008000a34                __aeabi_d2uiz
 *(.text*)
 .text.__do_global_dtors_aux
                0x0000000008000a74       0x24 /usr/lib/gcc/arm-none-eabi/12.2.0/thumb/v7e-m+fp/hard/crtbegin.o
 .text.frame_dummy
                0x0000000008000a98       0x1c /usr/lib/gcc/arm-none-eabi/12.2.0/thumb/v7e-m+fp/hard/crtbegin.o
 .text.bno055_init
                0x0000000008000ab4       0xfc build/bno055.o
                0x0000000008000ab4                bno055_init
 .text.bno055_write_register
                0x0000000008000bb0       0x20 build/bno055.o
                0x0000000008000bb0                bno055_write_register
 .text.bno055_write_page_id
                0x0000000008000bd0       0x5c build/bno055.o
                0x0000000008000bd0                bno055_write_page_id
 .text.bno055_read_euler_hrp
                0x0000000008000c2c       0x84 build/bno055.o
                0x0000000008000c2c                bno055_read_euler_hrp
 .text.bno055_get_euler_unit
                0x0000000008000cb0       0x5c build/bno055.o
                0x0000000008000cb0                bno055_get_euler_unit
 .text.bno055_get_operation_mode
                0x0000000008000d0c       0x5c build/bno055.o
                0x0000000008000d0c                bno055_get_operation_mode
 .text.bno055_set_operation_mode
                0x0000000008000d68      0x11c build/bno055.o
                0x0000000008000d68                bno055_set_operation_mode
 .text.bno055_set_euler_unit
                0x0000000008000e84       0xa8 build/bno055.o
                0x0000000008000e84                bno055_set_euler_unit
 .text.bno055_convert_double_euler_hpr_deg
                0x0000000008000f2c       0x98 build/bno055.o
                0x0000000008000f2c                bno055_convert_double_euler_hpr_deg
 .text.bno055_set_power_mode
                0x0000000008000fc4       0xa8 build/bno055.o
                0x0000000008000fc4                bno055_set_power_mode
 .text.BNO055_I2C_bus_write
                0x000000000800106c       0x4c build/bno055_support.o
                0x000000000800106c                BNO055_I2C_bus_write
 .text.BNO055_I2C_bus_read
                0x00000000080010b8       0x6c build/bno055_support.o
                0x00000000080010b8                BNO055_I2C_bus_read
 .text.BNO055_delay_msek
                0x0000000008001124        0x8 build/bno055_support.o
                0x0000000008001124                BNO055_delay_msek
 .text.MX_GPIO_Init
                0x000000000800112c       0x90 build/main.o
 .text.Error_Handler
                0x00000000080011bc        0x4 build/main.o
                0x00000000080011bc                Error_Handler
 .text.MX_TIM1_Init
                0x00000000080011c0      0x130 build/main.o
 .text.MX_I2C1_Init
                0x00000000080012f0       0x54 build/main.o
 .text.MX_USART2_UART_Init
                0x0000000008001344       0x40 build/main.o
 .text.MX_SPI1_Init
                0x0000000008001384       0x4c build/main.o
 .text.MX_TIM2_Init
                0x00000000080013d0       0x68 build/main.o
 .text.SystemClock_Config
                0x0000000008001438       0x86 build/main.o
                0x0000000008001438                SystemClock_Config
 *fill*         0x00000000080014be        0x2 
 .text.main     0x00000000080014c0      0x298 build/main.o
                0x00000000080014c0                main
 .text.PID_Init
                0x0000000008001758       0x4e build/pid.o
                0x0000000008001758                PID_Init
 *fill*         0x00000000080017a6        0x2 
 .text.PID_Compute
                0x00000000080017a8      0x160 build/pid.o
                0x00000000080017a8                PID_Compute
 .text.PID_SetMode
                0x0000000008001908       0x1e build/pid.o
                0x0000000008001908                PID_SetMode
 .text.PID_SetOutputLimits
                0x0000000008001926       0x8e build/pid.o
                0x0000000008001926                PID_SetOutputLimits
 .text.PID_SetTunings2
                0x00000000080019b4       0xf0 build/pid.o
                0x00000000080019b4                PID_SetTunings2
 .text.PID_SetControllerDirection
                0x0000000008001aa4       0x44 build/pid.o
                0x0000000008001aa4                PID_SetControllerDirection
 .text.PID      0x0000000008001ae8       0x88 build/pid.o
                0x0000000008001ae8                PID
 .text.PID_SetSampleTime
                0x0000000008001b70       0x4c build/pid.o
                0x0000000008001b70                PID_SetSampleTime
 .text.HAL_MspInit
                0x0000000008001bbc       0x30 build/stm32f3xx_hal_msp.o
                0x0000000008001bbc                HAL_MspInit
 .text.HAL_I2C_MspInit
                0x0000000008001bec       0x68 build/stm32f3xx_hal_msp.o
                0x0000000008001bec                HAL_I2C_MspInit
 .text.HAL_SPI_MspInit
                0x0000000008001c54       0x68 build/stm32f3xx_hal_msp.o
                0x0000000008001c54                HAL_SPI_MspInit
 .text.HAL_TIM_Base_MspInit
                0x0000000008001cbc       0x60 build/stm32f3xx_hal_msp.o
                0x0000000008001cbc                HAL_TIM_Base_MspInit
 .text.HAL_TIM_MspPostInit
                0x0000000008001d1c       0x6c build/stm32f3xx_hal_msp.o
                0x0000000008001d1c                HAL_TIM_MspPostInit
 .text.HAL_UART_MspInit
                0x0000000008001d88       0x90 build/stm32f3xx_hal_msp.o
                0x0000000008001d88                HAL_UART_MspInit
 .text.NMI_Handler
                0x0000000008001e18        0x2 build/stm32f3xx_it.o
                0x0000000008001e18                NMI_Handler
 .text.HardFault_Handler
                0x0000000008001e1a        0x2 build/stm32f3xx_it.o
                0x0000000008001e1a                HardFault_Handler
 .text.MemManage_Handler
                0x0000000008001e1c        0x2 build/stm32f3xx_it.o
                0x0000000008001e1c                MemManage_Handler
 .text.BusFault_Handler
                0x0000000008001e1e        0x2 build/stm32f3xx_it.o
                0x0000000008001e1e                BusFault_Handler
 .text.UsageFault_Handler
                0x0000000008001e20        0x2 build/stm32f3xx_it.o
                0x0000000008001e20                UsageFault_Handler
 .text.SVC_Handler
                0x0000000008001e22        0x2 build/stm32f3xx_it.o
                0x0000000008001e22                SVC_Handler
 .text.DebugMon_Handler
                0x0000000008001e24        0x2 build/stm32f3xx_it.o
                0x0000000008001e24                DebugMon_Handler
 .text.PendSV_Handler
                0x0000000008001e26        0x2 build/stm32f3xx_it.o
                0x0000000008001e26                PendSV_Handler
 .text.SysTick_Handler
                0x0000000008001e28        0x8 build/stm32f3xx_it.o
                0x0000000008001e28                SysTick_Handler
 .text.EXTI0_IRQHandler
                0x0000000008001e30       0x38 build/stm32f3xx_it.o
                0x0000000008001e30                EXTI0_IRQHandler
 .text.TIM1_UP_TIM16_IRQHandler
                0x0000000008001e68       0x54 build/stm32f3xx_it.o
                0x0000000008001e68                TIM1_UP_TIM16_IRQHandler
 .text.SystemInit
                0x0000000008001ebc       0x14 build/system_stm32f3xx.o
                0x0000000008001ebc                SystemInit
 .text.HAL_InitTick
                0x0000000008001ed0       0x4c build/stm32f3xx_hal.o
                0x0000000008001ed0                HAL_InitTick
 .text.HAL_Init
                0x0000000008001f1c       0x24 build/stm32f3xx_hal.o
                0x0000000008001f1c                HAL_Init
 .text.HAL_IncTick
                0x0000000008001f40       0x18 build/stm32f3xx_hal.o
                0x0000000008001f40                HAL_IncTick
 .text.HAL_GetTick
                0x0000000008001f58        0xc build/stm32f3xx_hal.o
                0x0000000008001f58                HAL_GetTick
 .text.HAL_Delay
                0x0000000008001f64       0x28 build/stm32f3xx_hal.o
                0x0000000008001f64                HAL_Delay
 .text.__NVIC_DisableIRQ
                0x0000000008001f8c       0x24 build/stm32f3xx_hal_cortex.o
 .text.__NVIC_SetPriority
                0x0000000008001fb0       0x28 build/stm32f3xx_hal_cortex.o
 .text.NVIC_EncodePriority
                0x0000000008001fd8       0x3e build/stm32f3xx_hal_cortex.o
 *fill*         0x0000000008002016        0x2 
 .text.HAL_NVIC_SetPriorityGrouping
                0x0000000008002018       0x24 build/stm32f3xx_hal_cortex.o
                0x0000000008002018                HAL_NVIC_SetPriorityGrouping
 .text.HAL_NVIC_SetPriority
                0x000000000800203c       0x20 build/stm32f3xx_hal_cortex.o
                0x000000000800203c                HAL_NVIC_SetPriority
 .text.HAL_NVIC_EnableIRQ
                0x000000000800205c       0x1c build/stm32f3xx_hal_cortex.o
                0x000000000800205c                HAL_NVIC_EnableIRQ
 .text.HAL_NVIC_DisableIRQ
                0x0000000008002078        0x8 build/stm32f3xx_hal_cortex.o
                0x0000000008002078                HAL_NVIC_DisableIRQ
 .text.HAL_SYSTICK_Config
                0x0000000008002080       0x28 build/stm32f3xx_hal_cortex.o
                0x0000000008002080                HAL_SYSTICK_Config
 .text.HAL_GPIO_Init
                0x00000000080020a8      0x1bc build/stm32f3xx_hal_gpio.o
                0x00000000080020a8                HAL_GPIO_Init
 .text.HAL_GPIO_EXTI_Callback
                0x0000000008002264        0x2 build/stm32f3xx_hal_gpio.o
                0x0000000008002264                HAL_GPIO_EXTI_Callback
 *fill*         0x0000000008002266        0x2 
 .text.HAL_GPIO_EXTI_IRQHandler
                0x0000000008002268       0x1c build/stm32f3xx_hal_gpio.o
                0x0000000008002268                HAL_GPIO_EXTI_IRQHandler
 .text.I2C_Flush_TXDR
                0x0000000008002284       0x22 build/stm32f3xx_hal_i2c.o
 .text.I2C_TransferConfig
                0x00000000080022a6       0x38 build/stm32f3xx_hal_i2c.o
 .text.I2C_IsAcknowledgeFailed
                0x00000000080022de       0xa0 build/stm32f3xx_hal_i2c.o
 .text.I2C_WaitOnTXISFlagUntilTimeout
                0x000000000800237e       0x56 build/stm32f3xx_hal_i2c.o
 .text.I2C_WaitOnFlagUntilTimeout
                0x00000000080023d4       0x56 build/stm32f3xx_hal_i2c.o
 .text.I2C_WaitOnSTOPFlagUntilTimeout
                0x000000000800242a       0x50 build/stm32f3xx_hal_i2c.o
 .text.I2C_WaitOnRXNEFlagUntilTimeout
                0x000000000800247a       0x98 build/stm32f3xx_hal_i2c.o
 .text.HAL_I2C_Init
                0x0000000008002512       0xbc build/stm32f3xx_hal_i2c.o
                0x0000000008002512                HAL_I2C_Init
 *fill*         0x00000000080025ce        0x2 
 .text.HAL_I2C_Master_Transmit
                0x00000000080025d0      0x17c build/stm32f3xx_hal_i2c.o
                0x00000000080025d0                HAL_I2C_Master_Transmit
 .text.HAL_I2C_Master_Receive
                0x000000000800274c      0x17c build/stm32f3xx_hal_i2c.o
                0x000000000800274c                HAL_I2C_Master_Receive
 .text.HAL_I2CEx_ConfigAnalogFilter
                0x00000000080028c8       0x5c build/stm32f3xx_hal_i2c_ex.o
                0x00000000080028c8                HAL_I2CEx_ConfigAnalogFilter
 .text.HAL_I2CEx_ConfigDigitalFilter
                0x0000000008002924       0x58 build/stm32f3xx_hal_i2c_ex.o
                0x0000000008002924                HAL_I2CEx_ConfigDigitalFilter
 .text.HAL_RCC_OscConfig
                0x000000000800297c      0x630 build/stm32f3xx_hal_rcc.o
                0x000000000800297c                HAL_RCC_OscConfig
 .text.HAL_RCC_GetSysClockFreq
                0x0000000008002fac       0x70 build/stm32f3xx_hal_rcc.o
                0x0000000008002fac                HAL_RCC_GetSysClockFreq
 .text.HAL_RCC_ClockConfig
                0x000000000800301c      0x1a8 build/stm32f3xx_hal_rcc.o
                0x000000000800301c                HAL_RCC_ClockConfig
 .text.HAL_RCC_GetHCLKFreq
                0x00000000080031c4        0xc build/stm32f3xx_hal_rcc.o
                0x00000000080031c4                HAL_RCC_GetHCLKFreq
 .text.HAL_RCC_GetPCLK1Freq
                0x00000000080031d0       0x2c build/stm32f3xx_hal_rcc.o
                0x00000000080031d0                HAL_RCC_GetPCLK1Freq
 .text.HAL_RCC_GetPCLK2Freq
                0x00000000080031fc       0x2c build/stm32f3xx_hal_rcc.o
                0x00000000080031fc                HAL_RCC_GetPCLK2Freq
 .text.HAL_RCCEx_PeriphCLKConfig
                0x0000000008003228      0x18c build/stm32f3xx_hal_rcc_ex.o
                0x0000000008003228                HAL_RCCEx_PeriphCLKConfig
 .text.HAL_SPI_Init
                0x00000000080033b4       0xde build/stm32f3xx_hal_spi.o
                0x00000000080033b4                HAL_SPI_Init
 *fill*         0x0000000008003492        0x2 
 .text.TIM_OC1_SetConfig
                0x0000000008003494       0x8c build/stm32f3xx_hal_tim.o
 .text.TIM_OC3_SetConfig
                0x0000000008003520       0x7c build/stm32f3xx_hal_tim.o
 .text.TIM_OC4_SetConfig
                0x000000000800359c       0x64 build/stm32f3xx_hal_tim.o
 .text.TIM_OC5_SetConfig
                0x0000000008003600       0x60 build/stm32f3xx_hal_tim.o
 .text.TIM_OC6_SetConfig
                0x0000000008003660       0x64 build/stm32f3xx_hal_tim.o
 .text.TIM_TI1_ConfigInputStage
                0x00000000080036c4       0x26 build/stm32f3xx_hal_tim.o
 .text.TIM_TI2_ConfigInputStage
                0x00000000080036ea       0x28 build/stm32f3xx_hal_tim.o
 .text.TIM_ITRx_SetConfig
                0x0000000008003712       0x10 build/stm32f3xx_hal_tim.o
 *fill*         0x0000000008003722        0x2 
 .text.HAL_TIM_Base_Start
                0x0000000008003724       0x6c build/stm32f3xx_hal_tim.o
                0x0000000008003724                HAL_TIM_Base_Start
 .text.HAL_TIM_Base_Start_IT
                0x0000000008003790       0x74 build/stm32f3xx_hal_tim.o
                0x0000000008003790                HAL_TIM_Base_Start_IT
 .text.HAL_TIM_PWM_MspInit
                0x0000000008003804        0x2 build/stm32f3xx_hal_tim.o
                0x0000000008003804                HAL_TIM_PWM_MspInit
 .text.HAL_TIM_PeriodElapsedCallback
                0x0000000008003806        0x2 build/stm32f3xx_hal_tim.o
                0x0000000008003806                HAL_TIM_PeriodElapsedCallback
 .text.HAL_TIM_OC_DelayElapsedCallback
                0x0000000008003808        0x2 build/stm32f3xx_hal_tim.o
                0x0000000008003808                HAL_TIM_OC_DelayElapsedCallback
 .text.HAL_TIM_IC_CaptureCallback
                0x000000000800380a        0x2 build/stm32f3xx_hal_tim.o
                0x000000000800380a                HAL_TIM_IC_CaptureCallback
 .text.HAL_TIM_PWM_PulseFinishedCallback
                0x000000000800380c        0x2 build/stm32f3xx_hal_tim.o
                0x000000000800380c                HAL_TIM_PWM_PulseFinishedCallback
 .text.HAL_TIM_TriggerCallback
                0x000000000800380e        0x2 build/stm32f3xx_hal_tim.o
                0x000000000800380e                HAL_TIM_TriggerCallback
 .text.HAL_TIM_IRQHandler
                0x0000000008003810      0x19a build/stm32f3xx_hal_tim.o
                0x0000000008003810                HAL_TIM_IRQHandler
 *fill*         0x00000000080039aa        0x2 
 .text.TIM_Base_SetConfig
                0x00000000080039ac       0x90 build/stm32f3xx_hal_tim.o
                0x00000000080039ac                TIM_Base_SetConfig
 .text.HAL_TIM_Base_Init
                0x0000000008003a3c       0x60 build/stm32f3xx_hal_tim.o
                0x0000000008003a3c                HAL_TIM_Base_Init
 .text.HAL_TIM_PWM_Init
                0x0000000008003a9c       0x60 build/stm32f3xx_hal_tim.o
                0x0000000008003a9c                HAL_TIM_PWM_Init
 .text.TIM_OC2_SetConfig
                0x0000000008003afc       0x7c build/stm32f3xx_hal_tim.o
                0x0000000008003afc                TIM_OC2_SetConfig
 .text.HAL_TIM_PWM_ConfigChannel
                0x0000000008003b78      0x13a build/stm32f3xx_hal_tim.o
                0x0000000008003b78                HAL_TIM_PWM_ConfigChannel
 .text.TIM_ETR_SetConfig
                0x0000000008003cb2       0x1a build/stm32f3xx_hal_tim.o
                0x0000000008003cb2                TIM_ETR_SetConfig
 .text.HAL_TIM_ConfigClockSource
                0x0000000008003ccc      0x100 build/stm32f3xx_hal_tim.o
                0x0000000008003ccc                HAL_TIM_ConfigClockSource
 .text.TIM_CCxChannelCmd
                0x0000000008003dcc       0x1e build/stm32f3xx_hal_tim.o
                0x0000000008003dcc                TIM_CCxChannelCmd
 *fill*         0x0000000008003dea        0x2 
 .text.HAL_TIM_OC_Start_IT
                0x0000000008003dec      0x1b4 build/stm32f3xx_hal_tim.o
                0x0000000008003dec                HAL_TIM_OC_Start_IT
 .text.HAL_TIMEx_MasterConfigSynchronization
                0x0000000008003fa0       0x78 build/stm32f3xx_hal_tim_ex.o
                0x0000000008003fa0                HAL_TIMEx_MasterConfigSynchronization
 .text.HAL_TIMEx_ConfigBreakDeadTime
                0x0000000008004018       0x88 build/stm32f3xx_hal_tim_ex.o
                0x0000000008004018                HAL_TIMEx_ConfigBreakDeadTime
 .text.HAL_TIMEx_CommutCallback
                0x00000000080040a0        0x2 build/stm32f3xx_hal_tim_ex.o
                0x00000000080040a0                HAL_TIMEx_CommutCallback
 .text.HAL_TIMEx_BreakCallback
                0x00000000080040a2        0x2 build/stm32f3xx_hal_tim_ex.o
                0x00000000080040a2                HAL_TIMEx_BreakCallback
 .text.HAL_TIMEx_Break2Callback
                0x00000000080040a4        0x2 build/stm32f3xx_hal_tim_ex.o
                0x00000000080040a4                HAL_TIMEx_Break2Callback
 *fill*         0x00000000080040a6        0x2 
 .text.UART_SetConfig
                0x00000000080040a8      0x164 build/stm32f3xx_hal_uart.o
                0x00000000080040a8                UART_SetConfig
 .text.UART_AdvFeatureConfig
                0x000000000800420c       0xca build/stm32f3xx_hal_uart.o
                0x000000000800420c                UART_AdvFeatureConfig
 .text.UART_WaitOnFlagUntilTimeout
                0x00000000080042d6       0xd0 build/stm32f3xx_hal_uart.o
                0x00000000080042d6                UART_WaitOnFlagUntilTimeout
 .text.UART_CheckIdleState
                0x00000000080043a6       0x70 build/stm32f3xx_hal_uart.o
                0x00000000080043a6                UART_CheckIdleState
 .text.HAL_UART_Init
                0x0000000008004416       0x62 build/stm32f3xx_hal_uart.o
                0x0000000008004416                HAL_UART_Init
 .text.Reset_Handler
                0x0000000008004478       0x50 build/startup_stm32f303x8.o
                0x0000000008004478                Reset_Handler
 .text.Default_Handler
                0x00000000080044c8        0x2 build/startup_stm32f303x8.o
                0x00000000080044c8                RTC_Alarm_IRQHandler
                0x00000000080044c8                TIM1_CC_IRQHandler
                0x00000000080044c8                PVD_IRQHandler
                0x00000000080044c8                TAMP_STAMP_IRQHandler
                0x00000000080044c8                EXTI3_IRQHandler
                0x00000000080044c8                FPU_IRQHandler
                0x00000000080044c8                CAN_TX_IRQHandler
                0x00000000080044c8                ADC1_2_IRQHandler
                0x00000000080044c8                SPI1_IRQHandler
                0x00000000080044c8                CAN_SCE_IRQHandler
                0x00000000080044c8                DMA1_Channel4_IRQHandler
                0x00000000080044c8                USART3_IRQHandler
                0x00000000080044c8                DMA1_Channel7_IRQHandler
                0x00000000080044c8                TIM7_DAC2_IRQHandler
                0x00000000080044c8                CAN_RX1_IRQHandler
                0x00000000080044c8                I2C1_EV_IRQHandler
                0x00000000080044c8                DMA1_Channel6_IRQHandler
                0x00000000080044c8                TIM3_IRQHandler
                0x00000000080044c8                RCC_IRQHandler
                0x00000000080044c8                DMA1_Channel1_IRQHandler
                0x00000000080044c8                Default_Handler
                0x00000000080044c8                EXTI15_10_IRQHandler
                0x00000000080044c8                COMP2_IRQHandler
                0x00000000080044c8                TIM6_DAC1_IRQHandler
                0x00000000080044c8                EXTI9_5_IRQHandler
                0x00000000080044c8                RTC_WKUP_IRQHandler
                0x00000000080044c8                DMA1_Channel5_IRQHandler
                0x00000000080044c8                EXTI4_IRQHandler
                0x00000000080044c8                TIM1_TRG_COM_TIM17_IRQHandler
                0x00000000080044c8                DMA1_Channel3_IRQHandler
                0x00000000080044c8                WWDG_IRQHandler
                0x00000000080044c8                TIM2_IRQHandler
                0x00000000080044c8                EXTI1_IRQHandler
                0x00000000080044c8                COMP4_6_IRQHandler
                0x00000000080044c8                USART2_IRQHandler
                0x00000000080044c8                DMA1_Channel2_IRQHandler
                0x00000000080044c8                FLASH_IRQHandler
                0x00000000080044c8                USART1_IRQHandler
                0x00000000080044c8                CAN_RX0_IRQHandler
                0x00000000080044c8                I2C1_ER_IRQHandler
                0x00000000080044c8                EXTI2_TSC_IRQHandler
                0x00000000080044c8                TIM1_BRK_TIM15_IRQHandler
 *fill*         0x00000000080044ca        0x2 
 .text.__libc_init_array
                0x00000000080044cc       0x48 /usr/lib/gcc/arm-none-eabi/12.2.0/../../../../arm-none-eabi/lib/thumb/v7e-m+fp/hard/libc_nano.a(lib_a-init.o)
                0x00000000080044cc                __libc_init_array
 .text.memset   0x0000000008004514       0x10 /usr/lib/gcc/arm-none-eabi/12.2.0/../../../../arm-none-eabi/lib/thumb/v7e-m+fp/hard/libc_nano.a(lib_a-memset.o)
                0x0000000008004514                memset
 *(.glue_7)
 .glue_7        0x0000000008004524        0x0 linker stubs
 *(.glue_7t)
 .glue_7t       0x0000000008004524        0x0 linker stubs
 *(.eh_frame)
 .eh_frame      0x0000000008004524        0x0 /usr/lib/gcc/arm-none-eabi/12.2.0/thumb/v7e-m+fp/hard/crtbegin.o
 *(.init)
 .init          0x0000000008004524        0x4 /usr/lib/gcc/arm-none-eabi/12.2.0/thumb/v7e-m+fp/hard/crti.o
                0x0000000008004524                _init
 .init          0x0000000008004528        0x8 /usr/lib/gcc/arm-none-eabi/12.2.0/thumb/v7e-m+fp/hard/crtn.o
 *(.fini)
 .fini          0x0000000008004530        0x4 /usr/lib/gcc/arm-none-eabi/12.2.0/thumb/v7e-m+fp/hard/crti.o
                0x0000000008004530                _fini
 .fini          0x0000000008004534        0x8 /usr/lib/gcc/arm-none-eabi/12.2.0/thumb/v7e-m+fp/hard/crtn.o
                0x000000000800453c                . = ALIGN (0x4)
                0x000000000800453c                _etext = .

.vfp11_veneer   0x000000000800453c        0x0
 .vfp11_veneer  0x000000000800453c        0x0 linker stubs

.v4_bx          0x000000000800453c        0x0
 .v4_bx         0x000000000800453c        0x0 linker stubs

.iplt           0x000000000800453c        0x0
 .iplt          0x000000000800453c        0x0 /usr/lib/gcc/arm-none-eabi/12.2.0/thumb/v7e-m+fp/hard/crtbegin.o

.rodata         0x000000000800453c       0x5c
                0x000000000800453c                . = ALIGN (0x4)
 *(.rodata)
 .rodata        0x000000000800453c       0x22 build/bno055.o
 *(.rodata*)
 *fill*         0x000000000800455e        0x2 
 .rodata.APBPrescTable
                0x0000000008004560        0x8 build/system_stm32f3xx.o
                0x0000000008004560                APBPrescTable
 .rodata.AHBPrescTable
                0x0000000008004568       0x10 build/system_stm32f3xx.o
                0x0000000008004568                AHBPrescTable
 .rodata.aPredivFactorTable
                0x0000000008004578       0x10 build/stm32f3xx_hal_rcc.o
                0x0000000008004578                aPredivFactorTable
 .rodata.aPLLMULFactorTable
                0x0000000008004588       0x10 build/stm32f3xx_hal_rcc.o
                0x0000000008004588                aPLLMULFactorTable
                0x0000000008004598                . = ALIGN (0x4)

.rel.dyn        0x0000000008004598        0x0
 .rel.iplt      0x0000000008004598        0x0 /usr/lib/gcc/arm-none-eabi/12.2.0/thumb/v7e-m+fp/hard/crtbegin.o

.ARM.extab
 *(.ARM.extab* .gnu.linkonce.armextab.*)

.ARM            0x0000000008004598        0x0
                0x0000000008004598                __exidx_start = .
 *(.ARM.exidx*)
                0x0000000008004598                __exidx_end = .

.preinit_array  0x0000000008004598        0x0
                0x0000000008004598                PROVIDE (__preinit_array_start = .)
 *(.preinit_array*)
                0x0000000008004598                PROVIDE (__preinit_array_end = .)

.init_array     0x0000000008004598        0x4
                0x0000000008004598                PROVIDE (__init_array_start = .)
 *(SORT_BY_NAME(.init_array.*))
 *(.init_array*)
 .init_array    0x0000000008004598        0x4 /usr/lib/gcc/arm-none-eabi/12.2.0/thumb/v7e-m+fp/hard/crtbegin.o
                0x000000000800459c                PROVIDE (__init_array_end = .)

.fini_array     0x000000000800459c        0x4
                0x000000000800459c                PROVIDE (__fini_array_start = .)
 *(SORT_BY_NAME(.fini_array.*))
 *(.fini_array*)
 .fini_array    0x000000000800459c        0x4 /usr/lib/gcc/arm-none-eabi/12.2.0/thumb/v7e-m+fp/hard/crtbegin.o
                0x00000000080045a0                PROVIDE (__fini_array_end = .)
                0x00000000080045a0                _sidata = LOADADDR (.data)

.data           0x0000000020000000       0x14 load address 0x00000000080045a0
                0x0000000020000000                . = ALIGN (0x4)
                0x0000000020000000                _sdata = .
 *(.data)
 *(.data*)
 .data.esc_speed
                0x0000000020000000        0x8 build/main.o
                0x0000000020000000                esc_speed
 .data.SystemCoreClock
                0x0000000020000008        0x4 build/system_stm32f3xx.o
                0x0000000020000008                SystemCoreClock
 .data.uwTickFreq
                0x000000002000000c        0x1 build/stm32f3xx_hal.o
                0x000000002000000c                uwTickFreq
 *fill*         0x000000002000000d        0x3 
 .data.uwTickPrio
                0x0000000020000010        0x4 build/stm32f3xx_hal.o
                0x0000000020000010                uwTickPrio
                0x0000000020000014                . = ALIGN (0x4)
                0x0000000020000014                _edata = .
                0x00000000080045b4                _siccmram = LOADADDR (.ccmram)

.igot.plt       0x0000000020000014        0x0 load address 0x00000000080045b4
 .igot.plt      0x0000000020000014        0x0 /usr/lib/gcc/arm-none-eabi/12.2.0/thumb/v7e-m+fp/hard/crtbegin.o

.ccmram         0x0000000010000000        0x0 load address 0x00000000080045b4
                0x0000000010000000                . = ALIGN (0x4)
                0x0000000010000000                _sccmram = .
 *(.ccmram)
 *(.ccmram*)
                0x0000000010000000                . = ALIGN (0x4)
                0x0000000010000000                _eccmram = .
                0x0000000010000000                . = ALIGN (0x4)

.bss            0x0000000020000018      0x230
                0x0000000020000018                _sbss = .
                0x0000000020000018                __bss_start__ = _sbss
 *(.bss)
 *(.bss*)
 .bss.completed.1
                0x0000000020000018        0x1 /usr/lib/gcc/arm-none-eabi/12.2.0/thumb/v7e-m+fp/hard/crtbegin.o
 *fill*         0x0000000020000019        0x3 
 .bss.object.0  0x000000002000001c       0x18 /usr/lib/gcc/arm-none-eabi/12.2.0/thumb/v7e-m+fp/hard/crtbegin.o
 .bss.p_bno055  0x0000000020000034        0x4 build/bno055.o
 .bss.rpm_length
                0x0000000020000038        0x4 build/main.o
                0x0000000020000038                rpm_length
 .bss.cur_measurement
                0x000000002000003c        0x1 build/main.o
                0x000000002000003c                cur_measurement
 *fill*         0x000000002000003d        0x3 
 .bss.yout      0x0000000020000040        0x8 build/main.o
                0x0000000020000040                yout
 .bss.xout      0x0000000020000048        0x8 build/main.o
                0x0000000020000048                xout
 .bss.esc_output
                0x0000000020000050        0x8 build/main.o
                0x0000000020000050                esc_output
 .bss.esc_rpm   0x0000000020000058        0x8 build/main.o
                0x0000000020000058                esc_rpm
 .bss.imu       0x0000000020000060       0x18 build/main.o
                0x0000000020000060                imu
 .bss.huart2    0x0000000020000078       0x84 build/main.o
                0x0000000020000078                huart2
 .bss.htim2     0x00000000200000fc       0x4c build/main.o
                0x00000000200000fc                htim2
 .bss.htim1     0x0000000020000148       0x4c build/main.o
                0x0000000020000148                htim1
 .bss.hspi1     0x0000000020000194       0x64 build/main.o
                0x0000000020000194                hspi1
 .bss.hi2c1     0x00000000200001f8       0x4c build/main.o
                0x00000000200001f8                hi2c1
 .bss.uwTick    0x0000000020000244        0x4 build/stm32f3xx_hal.o
                0x0000000020000244                uwTick
 *(COMMON)
                0x0000000020000248                . = ALIGN (0x4)
                0x0000000020000248                _ebss = .
                0x0000000020000248                __bss_end__ = _ebss

._user_heap_stack
                0x0000000020000248      0x600
                0x0000000020000248                . = ALIGN (0x8)
                [!provide]                        PROVIDE (end = .)
                0x0000000020000248                PROVIDE (_end = .)
                0x0000000020000448                . = (. + _Min_Heap_Size)
 *fill*         0x0000000020000248      0x200 
                0x0000000020000848                . = (. + _Min_Stack_Size)
 *fill*         0x0000000020000448      0x400 
                0x0000000020000848                . = ALIGN (0x8)

/DISCARD/
 libc.a(*)
 libm.a(*)
 libgcc.a(*)

.ARM.attributes
                0x0000000000000000       0x30
 *(.ARM.attributes)
 .ARM.attributes
                0x0000000000000000       0x22 /usr/lib/gcc/arm-none-eabi/12.2.0/thumb/v7e-m+fp/hard/crti.o
 .ARM.attributes
                0x0000000000000022       0x34 /usr/lib/gcc/arm-none-eabi/12.2.0/thumb/v7e-m+fp/hard/crtbegin.o
 .ARM.attributes
                0x0000000000000056       0x34 build/bno055.o
 .ARM.attributes
                0x000000000000008a       0x34 build/bno055_support.o
 .ARM.attributes
                0x00000000000000be       0x34 build/main.o
 .ARM.attributes
                0x00000000000000f2       0x34 build/pid.o
 .ARM.attributes
                0x0000000000000126       0x34 build/stm32f3xx_hal_msp.o
 .ARM.attributes
                0x000000000000015a       0x34 build/stm32f3xx_it.o
 .ARM.attributes
                0x000000000000018e       0x34 build/system_stm32f3xx.o
 .ARM.attributes
                0x00000000000001c2       0x34 build/stm32f3xx_hal.o
 .ARM.attributes
                0x00000000000001f6       0x34 build/stm32f3xx_hal_cortex.o
 .ARM.attributes
                0x000000000000022a       0x34 build/stm32f3xx_hal_gpio.o
 .ARM.attributes
                0x000000000000025e       0x34 build/stm32f3xx_hal_i2c.o
 .ARM.attributes
                0x0000000000000292       0x34 build/stm32f3xx_hal_i2c_ex.o
 .ARM.attributes
                0x00000000000002c6       0x34 build/stm32f3xx_hal_rcc.o
 .ARM.attributes
                0x00000000000002fa       0x34 build/stm32f3xx_hal_rcc_ex.o
 .ARM.attributes
                0x000000000000032e       0x34 build/stm32f3xx_hal_spi.o
 .ARM.attributes
                0x0000000000000362       0x34 build/stm32f3xx_hal_tim.o
 .ARM.attributes
                0x0000000000000396       0x34 build/stm32f3xx_hal_tim_ex.o
 .ARM.attributes
                0x00000000000003ca       0x34 build/stm32f3xx_hal_uart.o
 .ARM.attributes
                0x00000000000003fe       0x21 build/startup_stm32f303x8.o
 .ARM.attributes
                0x000000000000041f       0x34 /usr/lib/gcc/arm-none-eabi/12.2.0/../../../../arm-none-eabi/lib/thumb/v7e-m+fp/hard/libc_nano.a(lib_a-init.o)
 .ARM.attributes
                0x0000000000000453       0x34 /usr/lib/gcc/arm-none-eabi/12.2.0/../../../../arm-none-eabi/lib/thumb/v7e-m+fp/hard/libc_nano.a(lib_a-memset.o)
 .ARM.attributes
                0x0000000000000487       0x22 /usr/lib/gcc/arm-none-eabi/12.2.0/thumb/v7e-m+fp/hard/libgcc.a(_arm_addsubdf3.o)
 .ARM.attributes
                0x00000000000004a9       0x22 /usr/lib/gcc/arm-none-eabi/12.2.0/thumb/v7e-m+fp/hard/libgcc.a(_arm_muldivdf3.o)
 .ARM.attributes
                0x00000000000004cb       0x22 /usr/lib/gcc/arm-none-eabi/12.2.0/thumb/v7e-m+fp/hard/libgcc.a(_arm_cmpdf2.o)
 .ARM.attributes
                0x00000000000004ed       0x22 /usr/lib/gcc/arm-none-eabi/12.2.0/thumb/v7e-m+fp/hard/libgcc.a(_arm_fixunsdfsi.o)
 .ARM.attributes
                0x000000000000050f       0x22 /usr/lib/gcc/arm-none-eabi/12.2.0/thumb/v7e-m+fp/hard/crtn.o
OUTPUT(build/404-rocket.elf elf32-littlearm)
LOAD linker stubs
LOAD /usr/lib/gcc/arm-none-eabi/12.2.0/../../../../arm-none-eabi/lib/thumb/v7e-m+fp/hard/libc.a
LOAD /usr/lib/gcc/arm-none-eabi/12.2.0/../../../../arm-none-eabi/lib/thumb/v7e-m+fp/hard/libm.a
LOAD /usr/lib/gcc/arm-none-eabi/12.2.0/thumb/v7e-m+fp/hard/libgcc.a

.debug_info     0x0000000000000000    0x28ddb
 .debug_info    0x0000000000000000     0xd3a3 build/bno055.o
 .debug_info    0x000000000000d3a3     0x1ba5 build/bno055_support.o
 .debug_info    0x000000000000ef48     0x28d3 build/main.o
 .debug_info    0x000000000001181b      0xa77 build/pid.o
 .debug_info    0x0000000000012292     0x16f1 build/stm32f3xx_hal_msp.o
 .debug_info    0x0000000000013983      0x991 build/stm32f3xx_it.o
 .debug_info    0x0000000000014314      0x417 build/system_stm32f3xx.o
 .debug_info    0x000000000001472b      0x7e8 build/stm32f3xx_hal.o
 .debug_info    0x0000000000014f13      0xcad build/stm32f3xx_hal_cortex.o
 .debug_info    0x0000000000015bc0      0x6d8 build/stm32f3xx_hal_gpio.o
 .debug_info    0x0000000000016298     0x3d99 build/stm32f3xx_hal_i2c.o
 .debug_info    0x000000000001a031      0x8cf build/stm32f3xx_hal_i2c_ex.o
 .debug_info    0x000000000001a900     0x15b8 build/stm32f3xx_hal_rcc.o
 .debug_info    0x000000000001beb8      0x627 build/stm32f3xx_hal_rcc_ex.o
 .debug_info    0x000000000001c4df     0x205a build/stm32f3xx_hal_spi.o
 .debug_info    0x000000000001e539     0x3c25 build/stm32f3xx_hal_tim.o
 .debug_info    0x000000000002215e     0x1b31 build/stm32f3xx_hal_tim_ex.o
 .debug_info    0x0000000000023c8f     0x4d33 build/stm32f3xx_hal_uart.o
 .debug_info    0x00000000000289c2       0x23 build/startup_stm32f303x8.o
 .debug_info    0x00000000000289e5      0x10b /usr/lib/gcc/arm-none-eabi/12.2.0/../../../../arm-none-eabi/lib/thumb/v7e-m+fp/hard/libc_nano.a(lib_a-init.o)
 .debug_info    0x0000000000028af0       0xe0 /usr/lib/gcc/arm-none-eabi/12.2.0/../../../../arm-none-eabi/lib/thumb/v7e-m+fp/hard/libc_nano.a(lib_a-memset.o)
 .debug_info    0x0000000000028bd0       0xc0 /usr/lib/gcc/arm-none-eabi/12.2.0/thumb/v7e-m+fp/hard/libgcc.a(_arm_addsubdf3.o)
 .debug_info    0x0000000000028c90       0x52 /usr/lib/gcc/arm-none-eabi/12.2.0/thumb/v7e-m+fp/hard/libgcc.a(_arm_muldivdf3.o)
 .debug_info    0x0000000000028ce2       0xc0 /usr/lib/gcc/arm-none-eabi/12.2.0/thumb/v7e-m+fp/hard/libgcc.a(_arm_cmpdf2.o)
 .debug_info    0x0000000000028da2       0x39 /usr/lib/gcc/arm-none-eabi/12.2.0/thumb/v7e-m+fp/hard/libgcc.a(_arm_fixunsdfsi.o)

.debug_abbrev   0x0000000000000000     0x2d6e
 .debug_abbrev  0x0000000000000000      0x1dd build/bno055.o
 .debug_abbrev  0x00000000000001dd      0x2a7 build/bno055_support.o
 .debug_abbrev  0x0000000000000484      0x3a7 build/main.o
 .debug_abbrev  0x000000000000082b      0x20e build/pid.o
 .debug_abbrev  0x0000000000000a39      0x22b build/stm32f3xx_hal_msp.o
 .debug_abbrev  0x0000000000000c64      0x206 build/stm32f3xx_it.o
 .debug_abbrev  0x0000000000000e6a      0x11e build/system_stm32f3xx.o
 .debug_abbrev  0x0000000000000f88      0x241 build/stm32f3xx_hal.o
 .debug_abbrev  0x00000000000011c9      0x36e build/stm32f3xx_hal_cortex.o
 .debug_abbrev  0x0000000000001537      0x1f8 build/stm32f3xx_hal_gpio.o
 .debug_abbrev  0x000000000000172f      0x291 build/stm32f3xx_hal_i2c.o
 .debug_abbrev  0x00000000000019c0      0x1c6 build/stm32f3xx_hal_i2c_ex.o
 .debug_abbrev  0x0000000000001b86      0x320 build/stm32f3xx_hal_rcc.o
 .debug_abbrev  0x0000000000001ea6      0x278 build/stm32f3xx_hal_rcc_ex.o
 .debug_abbrev  0x000000000000211e      0x27c build/stm32f3xx_hal_spi.o
 .debug_abbrev  0x000000000000239a      0x26a build/stm32f3xx_hal_tim.o
 .debug_abbrev  0x0000000000002604      0x268 build/stm32f3xx_hal_tim_ex.o
 .debug_abbrev  0x000000000000286c      0x305 build/stm32f3xx_hal_uart.o
 .debug_abbrev  0x0000000000002b71       0x12 build/startup_stm32f303x8.o
 .debug_abbrev  0x0000000000002b83       0xc9 /usr/lib/gcc/arm-none-eabi/12.2.0/../../../../arm-none-eabi/lib/thumb/v7e-m+fp/hard/libc_nano.a(lib_a-init.o)
 .debug_abbrev  0x0000000000002c4c       0x9e /usr/lib/gcc/arm-none-eabi/12.2.0/../../../../arm-none-eabi/lib/thumb/v7e-m+fp/hard/libc_nano.a(lib_a-memset.o)
 .debug_abbrev  0x0000000000002cea       0x21 /usr/lib/gcc/arm-none-eabi/12.2.0/thumb/v7e-m+fp/hard/libgcc.a(_arm_addsubdf3.o)
 .debug_abbrev  0x0000000000002d0b       0x21 /usr/lib/gcc/arm-none-eabi/12.2.0/thumb/v7e-m+fp/hard/libgcc.a(_arm_muldivdf3.o)
 .debug_abbrev  0x0000000000002d2c       0x21 /usr/lib/gcc/arm-none-eabi/12.2.0/thumb/v7e-m+fp/hard/libgcc.a(_arm_cmpdf2.o)
 .debug_abbrev  0x0000000000002d4d       0x21 /usr/lib/gcc/arm-none-eabi/12.2.0/thumb/v7e-m+fp/hard/libgcc.a(_arm_fixunsdfsi.o)

.debug_loclists
                0x0000000000000000    0x17ec4
 .debug_loclists
                0x0000000000000000     0xa605 build/bno055.o
 .debug_loclists
                0x000000000000a605      0x1bd build/bno055_support.o
 .debug_loclists
                0x000000000000a7c2       0x3f build/main.o
 .debug_loclists
                0x000000000000a801      0x5cc build/pid.o
 .debug_loclists
                0x000000000000adcd      0x172 build/stm32f3xx_hal_msp.o
 .debug_loclists
                0x000000000000af3f       0x21 build/stm32f3xx_it.o
 .debug_loclists
                0x000000000000af60       0xbc build/system_stm32f3xx.o
 .debug_loclists
                0x000000000000b01c       0xc9 build/stm32f3xx_hal.o
 .debug_loclists
                0x000000000000b0e5      0x422 build/stm32f3xx_hal_cortex.o
 .debug_loclists
                0x000000000000b507      0x267 build/stm32f3xx_hal_gpio.o
 .debug_loclists
                0x000000000000b76e     0x2ce2 build/stm32f3xx_hal_i2c.o
 .debug_loclists
                0x000000000000e450      0x11d build/stm32f3xx_hal_i2c_ex.o
 .debug_loclists
                0x000000000000e56d      0x857 build/stm32f3xx_hal_rcc.o
 .debug_loclists
                0x000000000000edc4      0x421 build/stm32f3xx_hal_rcc_ex.o
 .debug_loclists
                0x000000000000f1e5     0x1567 build/stm32f3xx_hal_spi.o
 .debug_loclists
                0x000000000001074c     0x3623 build/stm32f3xx_hal_tim.o
 .debug_loclists
                0x0000000000013d6f     0x1531 build/stm32f3xx_hal_tim_ex.o
 .debug_loclists
                0x00000000000152a0     0x2b99 build/stm32f3xx_hal_uart.o
 .debug_loclists
                0x0000000000017e39       0x44 /usr/lib/gcc/arm-none-eabi/12.2.0/../../../../arm-none-eabi/lib/thumb/v7e-m+fp/hard/libc_nano.a(lib_a-init.o)
 .debug_loclists
                0x0000000000017e7d       0x47 /usr/lib/gcc/arm-none-eabi/12.2.0/../../../../arm-none-eabi/lib/thumb/v7e-m+fp/hard/libc_nano.a(lib_a-memset.o)

.debug_aranges  0x0000000000000000     0x1ab0
 .debug_aranges
                0x0000000000000000      0x8b0 build/bno055.o
 .debug_aranges
                0x00000000000008b0       0x40 build/bno055_support.o
 .debug_aranges
                0x00000000000008f0       0x60 build/main.o
 .debug_aranges
                0x0000000000000950       0x90 build/pid.o
 .debug_aranges
                0x00000000000009e0       0x68 build/stm32f3xx_hal_msp.o
 .debug_aranges
                0x0000000000000a48       0x70 build/stm32f3xx_it.o
 .debug_aranges
                0x0000000000000ab8       0x28 build/system_stm32f3xx.o
 .debug_aranges
                0x0000000000000ae0       0xe0 build/stm32f3xx_hal.o
 .debug_aranges
                0x0000000000000bc0       0xc0 build/stm32f3xx_hal_cortex.o
 .debug_aranges
                0x0000000000000c80       0x58 build/stm32f3xx_hal_gpio.o
 .debug_aranges
                0x0000000000000cd8      0x290 build/stm32f3xx_hal_i2c.o
 .debug_aranges
                0x0000000000000f68       0x48 build/stm32f3xx_hal_i2c_ex.o
 .debug_aranges
                0x0000000000000fb0       0x88 build/stm32f3xx_hal_rcc.o
 .debug_aranges
                0x0000000000001038       0x38 build/stm32f3xx_hal_rcc_ex.o
 .debug_aranges
                0x0000000000001070      0x1d8 build/stm32f3xx_hal_spi.o
 .debug_aranges
                0x0000000000001248      0x3e0 build/stm32f3xx_hal_tim.o
 .debug_aranges
                0x0000000000001628      0x178 build/stm32f3xx_hal_tim_ex.o
 .debug_aranges
                0x00000000000017a0      0x228 build/stm32f3xx_hal_uart.o
 .debug_aranges
                0x00000000000019c8       0x28 build/startup_stm32f303x8.o
 .debug_aranges
                0x00000000000019f0       0x20 /usr/lib/gcc/arm-none-eabi/12.2.0/../../../../arm-none-eabi/lib/thumb/v7e-m+fp/hard/libc_nano.a(lib_a-init.o)
 .debug_aranges
                0x0000000000001a10       0x20 /usr/lib/gcc/arm-none-eabi/12.2.0/../../../../arm-none-eabi/lib/thumb/v7e-m+fp/hard/libc_nano.a(lib_a-memset.o)
 .debug_aranges
                0x0000000000001a30       0x20 /usr/lib/gcc/arm-none-eabi/12.2.0/thumb/v7e-m+fp/hard/libgcc.a(_arm_addsubdf3.o)
 .debug_aranges
                0x0000000000001a50       0x20 /usr/lib/gcc/arm-none-eabi/12.2.0/thumb/v7e-m+fp/hard/libgcc.a(_arm_muldivdf3.o)
 .debug_aranges
                0x0000000000001a70       0x20 /usr/lib/gcc/arm-none-eabi/12.2.0/thumb/v7e-m+fp/hard/libgcc.a(_arm_cmpdf2.o)
 .debug_aranges
                0x0000000000001a90       0x20 /usr/lib/gcc/arm-none-eabi/12.2.0/thumb/v7e-m+fp/hard/libgcc.a(_arm_fixunsdfsi.o)

.debug_rnglists
                0x0000000000000000     0x145e
 .debug_rnglists
                0x0000000000000000      0x6e0 build/bno055.o
 .debug_rnglists
                0x00000000000006e0       0x2c build/bno055_support.o
 .debug_rnglists
                0x000000000000070c       0x47 build/main.o
 .debug_rnglists
                0x0000000000000753       0x6b build/pid.o
 .debug_rnglists
                0x00000000000007be       0x4a build/stm32f3xx_hal_msp.o
 .debug_rnglists
                0x0000000000000808       0x4f build/stm32f3xx_it.o
 .debug_rnglists
                0x0000000000000857       0x1a build/system_stm32f3xx.o
 .debug_rnglists
                0x0000000000000871       0xa3 build/stm32f3xx_hal.o
 .debug_rnglists
                0x0000000000000914       0x8b build/stm32f3xx_hal_cortex.o
 .debug_rnglists
                0x000000000000099f       0x3f build/stm32f3xx_hal_gpio.o
 .debug_rnglists
                0x00000000000009de      0x20d build/stm32f3xx_hal_i2c.o
 .debug_rnglists
                0x0000000000000beb       0x31 build/stm32f3xx_hal_i2c_ex.o
 .debug_rnglists
                0x0000000000000c1c       0x79 build/stm32f3xx_hal_rcc.o
 .debug_rnglists
                0x0000000000000c95       0x27 build/stm32f3xx_hal_rcc_ex.o
 .debug_rnglists
                0x0000000000000cbc      0x171 build/stm32f3xx_hal_spi.o
 .debug_rnglists
                0x0000000000000e2d      0x30f build/stm32f3xx_hal_tim.o
 .debug_rnglists
                0x000000000000113c      0x127 build/stm32f3xx_hal_tim_ex.o
 .debug_rnglists
                0x0000000000001263      0x1bc build/stm32f3xx_hal_uart.o
 .debug_rnglists
                0x000000000000141f       0x19 build/startup_stm32f303x8.o
 .debug_rnglists
                0x0000000000001438       0x13 /usr/lib/gcc/arm-none-eabi/12.2.0/../../../../arm-none-eabi/lib/thumb/v7e-m+fp/hard/libc_nano.a(lib_a-init.o)
 .debug_rnglists
                0x000000000000144b       0x13 /usr/lib/gcc/arm-none-eabi/12.2.0/../../../../arm-none-eabi/lib/thumb/v7e-m+fp/hard/libc_nano.a(lib_a-memset.o)

.debug_line     0x0000000000000000    0x22a2f
 .debug_line    0x0000000000000000     0xa941 build/bno055.o
 .debug_line    0x000000000000a941      0x741 build/bno055_support.o
 .debug_line    0x000000000000b082      0x960 build/main.o
 .debug_line    0x000000000000b9e2      0x5ac build/pid.o
 .debug_line    0x000000000000bf8e      0x4d6 build/stm32f3xx_hal_msp.o
 .debug_line    0x000000000000c464      0x31f build/stm32f3xx_it.o
 .debug_line    0x000000000000c783      0x1e2 build/system_stm32f3xx.o
 .debug_line    0x000000000000c965      0x4c2 build/stm32f3xx_hal.o
 .debug_line    0x000000000000ce27      0x655 build/stm32f3xx_hal_cortex.o
 .debug_line    0x000000000000d47c      0x618 build/stm32f3xx_hal_gpio.o
 .debug_line    0x000000000000da94     0x492f build/stm32f3xx_hal_i2c.o
 .debug_line    0x00000000000123c3      0x495 build/stm32f3xx_hal_i2c_ex.o
 .debug_line    0x0000000000012858     0x114a build/stm32f3xx_hal_rcc.o
 .debug_line    0x00000000000139a2      0x669 build/stm32f3xx_hal_rcc_ex.o
 .debug_line    0x000000000001400b     0x28bc build/stm32f3xx_hal_spi.o
 .debug_line    0x00000000000168c7     0x4d58 build/stm32f3xx_hal_tim.o
 .debug_line    0x000000000001b61f     0x1d3a build/stm32f3xx_hal_tim_ex.o
 .debug_line    0x000000000001d359     0x5005 build/stm32f3xx_hal_uart.o
 .debug_line    0x000000000002235e       0x76 build/startup_stm32f303x8.o
 .debug_line    0x00000000000223d4      0x13b /usr/lib/gcc/arm-none-eabi/12.2.0/../../../../arm-none-eabi/lib/thumb/v7e-m+fp/hard/libc_nano.a(lib_a-init.o)
 .debug_line    0x000000000002250f      0x129 /usr/lib/gcc/arm-none-eabi/12.2.0/../../../../arm-none-eabi/lib/thumb/v7e-m+fp/hard/libc_nano.a(lib_a-memset.o)
 .debug_line    0x0000000000022638      0x16f /usr/lib/gcc/arm-none-eabi/12.2.0/thumb/v7e-m+fp/hard/libgcc.a(_arm_addsubdf3.o)
 .debug_line    0x00000000000227a7      0x184 /usr/lib/gcc/arm-none-eabi/12.2.0/thumb/v7e-m+fp/hard/libgcc.a(_arm_muldivdf3.o)
 .debug_line    0x000000000002292b       0xa6 /usr/lib/gcc/arm-none-eabi/12.2.0/thumb/v7e-m+fp/hard/libgcc.a(_arm_cmpdf2.o)
 .debug_line    0x00000000000229d1       0x5e /usr/lib/gcc/arm-none-eabi/12.2.0/thumb/v7e-m+fp/hard/libgcc.a(_arm_fixunsdfsi.o)

.debug_str      0x0000000000000000     0x81b4
 .debug_str     0x0000000000000000     0x2ceb build/bno055.o
                                       0x2fa9 (size before relaxing)
 .debug_str     0x0000000000002ceb      0x701 build/bno055_support.o
                                       0x1354 (size before relaxing)
 .debug_str     0x00000000000033ec     0x12f2 build/main.o
                                       0x1ac0 (size before relaxing)
 .debug_str     0x00000000000046de      0x11c build/pid.o
                                        0x480 (size before relaxing)
 .debug_str     0x00000000000047fa       0xec build/stm32f3xx_hal_msp.o
                                       0x11ea (size before relaxing)
 .debug_str     0x00000000000048e6      0x11e build/stm32f3xx_it.o
                                        0xae2 (size before relaxing)
 .debug_str     0x0000000000004a04       0xe6 build/system_stm32f3xx.o
                                        0x2a8 (size before relaxing)
 .debug_str     0x0000000000004aea      0x2e7 build/stm32f3xx_hal.o
                                        0x83a (size before relaxing)
 .debug_str     0x0000000000004dd1      0x329 build/stm32f3xx_hal_cortex.o
                                        0x8bd (size before relaxing)
 .debug_str     0x00000000000050fa      0x194 build/stm32f3xx_hal_gpio.o
                                        0x475 (size before relaxing)
 .debug_str     0x000000000000528e      0x873 build/stm32f3xx_hal_i2c.o
                                        0xf56 (size before relaxing)
 .debug_str     0x0000000000005b01       0xb5 build/stm32f3xx_hal_i2c_ex.o
                                        0x839 (size before relaxing)
 .debug_str     0x0000000000005bb6      0x1ee build/stm32f3xx_hal_rcc.o
                                        0x650 (size before relaxing)
 .debug_str     0x0000000000005da4       0xbb build/stm32f3xx_hal_rcc_ex.o
                                        0x447 (size before relaxing)
 .debug_str     0x0000000000005e5f      0x564 build/stm32f3xx_hal_spi.o
                                        0xba7 (size before relaxing)
 .debug_str     0x00000000000063c3      0xdf4 build/stm32f3xx_hal_tim.o
                                       0x16cf (size before relaxing)
 .debug_str     0x00000000000071b7      0x45a build/stm32f3xx_hal_tim_ex.o
                                        0xf25 (size before relaxing)
 .debug_str     0x0000000000007611      0x777 build/stm32f3xx_hal_uart.o
                                        0xeab (size before relaxing)
 .debug_str     0x0000000000007d88       0x22 build/startup_stm32f303x8.o
                                         0x45 (size before relaxing)
 .debug_str     0x0000000000007daa      0x18f /usr/lib/gcc/arm-none-eabi/12.2.0/../../../../arm-none-eabi/lib/thumb/v7e-m+fp/hard/libc_nano.a(lib_a-init.o)
                                        0x230 (size before relaxing)
 .debug_str     0x0000000000007f39       0xaa /usr/lib/gcc/arm-none-eabi/12.2.0/../../../../arm-none-eabi/lib/thumb/v7e-m+fp/hard/libc_nano.a(lib_a-memset.o)
                                        0x1d1 (size before relaxing)
 .debug_str     0x0000000000007fe3      0x12a /usr/lib/gcc/arm-none-eabi/12.2.0/thumb/v7e-m+fp/hard/libgcc.a(_arm_addsubdf3.o)
                                        0x15d (size before relaxing)
 .debug_str     0x000000000000810d       0x12 /usr/lib/gcc/arm-none-eabi/12.2.0/thumb/v7e-m+fp/hard/libgcc.a(_arm_muldivdf3.o)
                                         0xcf (size before relaxing)
 .debug_str     0x000000000000811f       0x88 /usr/lib/gcc/arm-none-eabi/12.2.0/thumb/v7e-m+fp/hard/libgcc.a(_arm_cmpdf2.o)
                                        0x158 (size before relaxing)
 .debug_str     0x00000000000081a7        0xd /usr/lib/gcc/arm-none-eabi/12.2.0/thumb/v7e-m+fp/hard/libgcc.a(_arm_fixunsdfsi.o)
                                         0xbe (size before relaxing)

.comment        0x0000000000000000       0x5a
 .comment       0x0000000000000000       0x1e build/bno055.o
                                         0x1f (size before relaxing)
 .comment       0x000000000000001e       0x1f build/bno055_support.o
 .comment       0x000000000000001e       0x1e build/main.o
                                         0x1f (size before relaxing)
 .comment       0x000000000000003c       0x1f build/pid.o
 .comment       0x000000000000003c       0x1f build/stm32f3xx_hal_msp.o
 .comment       0x000000000000003c       0x1f build/stm32f3xx_it.o
 .comment       0x000000000000003c       0x1f build/system_stm32f3xx.o
 .comment       0x000000000000003c       0x1f build/stm32f3xx_hal.o
 .comment       0x000000000000003c       0x1f build/stm32f3xx_hal_cortex.o
 .comment       0x000000000000003c       0x1f build/stm32f3xx_hal_gpio.o
 .comment       0x000000000000003c       0x1f build/stm32f3xx_hal_i2c.o
 .comment       0x000000000000003c       0x1f build/stm32f3xx_hal_i2c_ex.o
 .comment       0x000000000000003c       0x1f build/stm32f3xx_hal_rcc.o
 .comment       0x000000000000003c       0x1f build/stm32f3xx_hal_rcc_ex.o
 .comment       0x000000000000003c       0x1f build/stm32f3xx_hal_spi.o
 .comment       0x000000000000003c       0x1f build/stm32f3xx_hal_tim.o
 .comment       0x000000000000003c       0x1f build/stm32f3xx_hal_tim_ex.o
 .comment       0x000000000000003c       0x1f build/stm32f3xx_hal_uart.o
 .comment       0x000000000000003c       0x1e /usr/lib/gcc/arm-none-eabi/12.2.0/../../../../arm-none-eabi/lib/thumb/v7e-m+fp/hard/libc_nano.a(lib_a-init.o)
                                         0x1f (size before relaxing)
 .comment       0x000000000000005a       0x1f /usr/lib/gcc/arm-none-eabi/12.2.0/../../../../arm-none-eabi/lib/thumb/v7e-m+fp/hard/libc_nano.a(lib_a-memset.o)

.debug_frame    0x0000000000000000     0x5a40
 .debug_frame   0x0000000000000000     0x26dc build/bno055.o
 .debug_frame   0x00000000000026dc       0xa0 build/bno055_support.o
 .debug_frame   0x000000000000277c      0x120 build/main.o
 .debug_frame   0x000000000000289c      0x200 build/pid.o
 .debug_frame   0x0000000000002a9c      0x12c build/stm32f3xx_hal_msp.o
 .debug_frame   0x0000000000002bc8       0xd8 build/stm32f3xx_it.o
 .debug_frame   0x0000000000002ca0       0x30 build/system_stm32f3xx.o
 .debug_frame   0x0000000000002cd0      0x1cc build/stm32f3xx_hal.o
 .debug_frame   0x0000000000002e9c      0x19c build/stm32f3xx_hal_cortex.o
 .debug_frame   0x0000000000003038       0xd0 build/stm32f3xx_hal_gpio.o
 .debug_frame   0x0000000000003108      0x934 build/stm32f3xx_hal_i2c.o
 .debug_frame   0x0000000000003a3c       0x80 build/stm32f3xx_hal_i2c_ex.o
 .debug_frame   0x0000000000003abc      0x170 build/stm32f3xx_hal_rcc.o
 .debug_frame   0x0000000000003c2c       0x74 build/stm32f3xx_hal_rcc_ex.o
 .debug_frame   0x0000000000003ca0      0x5d8 build/stm32f3xx_hal_spi.o
 .debug_frame   0x0000000000004278      0xb48 build/stm32f3xx_hal_tim.o
 .debug_frame   0x0000000000004dc0      0x450 build/stm32f3xx_hal_tim_ex.o
 .debug_frame   0x0000000000005210      0x600 build/stm32f3xx_hal_uart.o
 .debug_frame   0x0000000000005810       0x2c /usr/lib/gcc/arm-none-eabi/12.2.0/../../../../arm-none-eabi/lib/thumb/v7e-m+fp/hard/libc_nano.a(lib_a-init.o)
 .debug_frame   0x000000000000583c       0x20 /usr/lib/gcc/arm-none-eabi/12.2.0/../../../../arm-none-eabi/lib/thumb/v7e-m+fp/hard/libc_nano.a(lib_a-memset.o)
 .debug_frame   0x000000000000585c       0xac /usr/lib/gcc/arm-none-eabi/12.2.0/thumb/v7e-m+fp/hard/libgcc.a(_arm_addsubdf3.o)
 .debug_frame   0x0000000000005908       0x50 /usr/lib/gcc/arm-none-eabi/12.2.0/thumb/v7e-m+fp/hard/libgcc.a(_arm_muldivdf3.o)
 .debug_frame   0x0000000000005958       0xc4 /usr/lib/gcc/arm-none-eabi/12.2.0/thumb/v7e-m+fp/hard/libgcc.a(_arm_cmpdf2.o)
 .debug_frame   0x0000000000005a1c       0x24 /usr/lib/gcc/arm-none-eabi/12.2.0/thumb/v7e-m+fp/hard/libgcc.a(_arm_fixunsdfsi.o)

.debug_line_str
                0x0000000000000000       0xd0
 .debug_line_str
                0x0000000000000000       0x39 build/startup_stm32f303x8.o
                                         0x4f (size before relaxing)
 .debug_line_str
                0x0000000000000039       0x97 /usr/lib/gcc/arm-none-eabi/12.2.0/thumb/v7e-m+fp/hard/libgcc.a(_arm_addsubdf3.o)
 .debug_line_str
                0x00000000000000d0       0x97 /usr/lib/gcc/arm-none-eabi/12.2.0/thumb/v7e-m+fp/hard/libgcc.a(_arm_muldivdf3.o)
 .debug_line_str
                0x00000000000000d0       0x97 /usr/lib/gcc/arm-none-eabi/12.2.0/thumb/v7e-m+fp/hard/libgcc.a(_arm_cmpdf2.o)
 .debug_line_str
                0x00000000000000d0       0x97 /usr/lib/gcc/arm-none-eabi/12.2.0/thumb/v7e-m+fp/hard/libgcc.a(_arm_fixunsdfsi.o)

Cross Reference Table

Symbol                                            File
ADC1_2_IRQHandler                                 build/startup_stm32f303x8.o
AHBPrescTable                                     build/system_stm32f3xx.o
                                                  build/stm32f3xx_hal_rcc.o
APBPrescTable                                     build/system_stm32f3xx.o
                                                  build/stm32f3xx_hal_rcc.o
BNO055_I2C_bus_read                               build/bno055_support.o
                                                  build/main.o
BNO055_I2C_bus_write                              build/bno055_support.o
                                                  build/main.o
BNO055_delay_msek                                 build/bno055_support.o
                                                  build/main.o
BusFault_Handler                                  build/stm32f3xx_it.o
CAN_RX0_IRQHandler                                build/startup_stm32f303x8.o
CAN_RX1_IRQHandler                                build/startup_stm32f303x8.o
CAN_SCE_IRQHandler                                build/startup_stm32f303x8.o
CAN_TX_IRQHandler                                 build/startup_stm32f303x8.o
COMP2_IRQHandler                                  build/startup_stm32f303x8.o
COMP4_6_IRQHandler                                build/startup_stm32f303x8.o
DMA1_Channel1_IRQHandler                          build/startup_stm32f303x8.o
DMA1_Channel2_IRQHandler                          build/startup_stm32f303x8.o
DMA1_Channel3_IRQHandler                          build/startup_stm32f303x8.o
DMA1_Channel4_IRQHandler                          build/startup_stm32f303x8.o
DMA1_Channel5_IRQHandler                          build/startup_stm32f303x8.o
DMA1_Channel6_IRQHandler                          build/startup_stm32f303x8.o
DMA1_Channel7_IRQHandler                          build/startup_stm32f303x8.o
DebugMon_Handler                                  build/stm32f3xx_it.o
Default_Handler                                   build/startup_stm32f303x8.o
EXTI0_IRQHandler                                  build/stm32f3xx_it.o
EXTI15_10_IRQHandler                              build/startup_stm32f303x8.o
EXTI1_IRQHandler                                  build/startup_stm32f303x8.o
EXTI2_TSC_IRQHandler                              build/startup_stm32f303x8.o
EXTI3_IRQHandler                                  build/startup_stm32f303x8.o
EXTI4_IRQHandler                                  build/startup_stm32f303x8.o
EXTI9_5_IRQHandler                                build/startup_stm32f303x8.o
Error_Handler                                     build/main.o
FLASH_IRQHandler                                  build/startup_stm32f303x8.o
FLASH_PageErase                                   build/stm32f3xx_hal_flash_ex.o
                                                  build/stm32f3xx_hal_flash.o
FLASH_WaitForLastOperation                        build/stm32f3xx_hal_flash.o
                                                  build/stm32f3xx_hal_flash_ex.o
FPU_IRQHandler                                    build/startup_stm32f303x8.o
HAL_DBGMCU_DisableDBGSleepMode                    build/stm32f3xx_hal.o
HAL_DBGMCU_DisableDBGStandbyMode                  build/stm32f3xx_hal.o
HAL_DBGMCU_DisableDBGStopMode                     build/stm32f3xx_hal.o
HAL_DBGMCU_EnableDBGSleepMode                     build/stm32f3xx_hal.o
HAL_DBGMCU_EnableDBGStandbyMode                   build/stm32f3xx_hal.o
HAL_DBGMCU_EnableDBGStopMode                      build/stm32f3xx_hal.o
HAL_DMA_Abort                                     build/stm32f3xx_hal_dma.o
                                                  build/stm32f3xx_hal_uart.o
                                                  build/stm32f3xx_hal_spi.o
HAL_DMA_Abort_IT                                  build/stm32f3xx_hal_dma.o
                                                  build/stm32f3xx_hal_uart.o
                                                  build/stm32f3xx_hal_tim_ex.o
                                                  build/stm32f3xx_hal_tim.o
                                                  build/stm32f3xx_hal_spi.o
                                                  build/stm32f3xx_hal_i2c.o
HAL_DMA_DeInit                                    build/stm32f3xx_hal_dma.o
HAL_DMA_GetError                                  build/stm32f3xx_hal_dma.o
                                                  build/stm32f3xx_hal_uart.o
HAL_DMA_GetState                                  build/stm32f3xx_hal_dma.o
                                                  build/stm32f3xx_hal_i2c.o
HAL_DMA_IRQHandler                                build/stm32f3xx_hal_dma.o
HAL_DMA_Init                                      build/stm32f3xx_hal_dma.o
HAL_DMA_PollForTransfer                           build/stm32f3xx_hal_dma.o
HAL_DMA_RegisterCallback                          build/stm32f3xx_hal_dma.o
HAL_DMA_Start                                     build/stm32f3xx_hal_dma.o
HAL_DMA_Start_IT                                  build/stm32f3xx_hal_dma.o
                                                  build/stm32f3xx_hal_uart.o
                                                  build/stm32f3xx_hal_tim_ex.o
                                                  build/stm32f3xx_hal_tim.o
                                                  build/stm32f3xx_hal_spi.o
                                                  build/stm32f3xx_hal_i2c.o
HAL_DMA_UnRegisterCallback                        build/stm32f3xx_hal_dma.o
HAL_DeInit                                        build/stm32f3xx_hal.o
HAL_Delay                                         build/stm32f3xx_hal.o
                                                  build/bno055_support.o
HAL_EXTI_ClearConfigLine                          build/stm32f3xx_hal_exti.o
HAL_EXTI_ClearPending                             build/stm32f3xx_hal_exti.o
HAL_EXTI_GenerateSWI                              build/stm32f3xx_hal_exti.o
HAL_EXTI_GetConfigLine                            build/stm32f3xx_hal_exti.o
HAL_EXTI_GetHandle                                build/stm32f3xx_hal_exti.o
HAL_EXTI_GetPending                               build/stm32f3xx_hal_exti.o
HAL_EXTI_IRQHandler                               build/stm32f3xx_hal_exti.o
HAL_EXTI_RegisterCallback                         build/stm32f3xx_hal_exti.o
HAL_EXTI_SetConfigLine                            build/stm32f3xx_hal_exti.o
HAL_FLASHEx_Erase                                 build/stm32f3xx_hal_flash_ex.o
HAL_FLASHEx_Erase_IT                              build/stm32f3xx_hal_flash_ex.o
HAL_FLASHEx_OBErase                               build/stm32f3xx_hal_flash_ex.o
HAL_FLASHEx_OBGetConfig                           build/stm32f3xx_hal_flash_ex.o
HAL_FLASHEx_OBGetUserData                         build/stm32f3xx_hal_flash_ex.o
HAL_FLASHEx_OBProgram                             build/stm32f3xx_hal_flash_ex.o
HAL_FLASH_EndOfOperationCallback                  build/stm32f3xx_hal_flash.o
HAL_FLASH_GetError                                build/stm32f3xx_hal_flash.o
HAL_FLASH_IRQHandler                              build/stm32f3xx_hal_flash.o
HAL_FLASH_Lock                                    build/stm32f3xx_hal_flash.o
HAL_FLASH_OB_Launch                               build/stm32f3xx_hal_flash.o
HAL_FLASH_OB_Lock                                 build/stm32f3xx_hal_flash.o
HAL_FLASH_OB_Unlock                               build/stm32f3xx_hal_flash.o
HAL_FLASH_OperationErrorCallback                  build/stm32f3xx_hal_flash.o
HAL_FLASH_Program                                 build/stm32f3xx_hal_flash.o
HAL_FLASH_Program_IT                              build/stm32f3xx_hal_flash.o
HAL_FLASH_Unlock                                  build/stm32f3xx_hal_flash.o
HAL_GPIO_DeInit                                   build/stm32f3xx_hal_gpio.o
                                                  build/stm32f3xx_hal_msp.o
HAL_GPIO_EXTI_Callback                            build/stm32f3xx_hal_gpio.o
HAL_GPIO_EXTI_IRQHandler                          build/stm32f3xx_hal_gpio.o
                                                  build/stm32f3xx_it.o
HAL_GPIO_Init                                     build/stm32f3xx_hal_gpio.o
                                                  build/stm32f3xx_hal_rcc.o
                                                  build/stm32f3xx_hal_msp.o
                                                  build/main.o
HAL_GPIO_LockPin                                  build/stm32f3xx_hal_gpio.o
HAL_GPIO_ReadPin                                  build/stm32f3xx_hal_gpio.o
HAL_GPIO_TogglePin                                build/stm32f3xx_hal_gpio.o
HAL_GPIO_WritePin                                 build/stm32f3xx_hal_gpio.o
HAL_GetDEVID                                      build/stm32f3xx_hal.o
HAL_GetHalVersion                                 build/stm32f3xx_hal.o
HAL_GetREVID                                      build/stm32f3xx_hal.o
HAL_GetTick                                       build/stm32f3xx_hal.o
                                                  build/stm32f3xx_hal_uart_ex.o
                                                  build/stm32f3xx_hal_uart.o
                                                  build/stm32f3xx_hal_spi.o
                                                  build/stm32f3xx_hal_rcc_ex.o
                                                  build/stm32f3xx_hal_rcc.o
                                                  build/stm32f3xx_hal_i2c.o
                                                  build/stm32f3xx_hal_flash.o
                                                  build/stm32f3xx_hal_dma.o
                                                  build/simple_regulator.o
                                                  build/pid.o
                                                  build/main.o
HAL_GetTickFreq                                   build/stm32f3xx_hal.o
HAL_GetTickPrio                                   build/stm32f3xx_hal.o
HAL_GetUIDw0                                      build/stm32f3xx_hal.o
HAL_GetUIDw1                                      build/stm32f3xx_hal.o
HAL_GetUIDw2                                      build/stm32f3xx_hal.o
HAL_HalfDuplex_EnableReceiver                     build/stm32f3xx_hal_uart.o
HAL_HalfDuplex_EnableTransmitter                  build/stm32f3xx_hal_uart.o
HAL_HalfDuplex_Init                               build/stm32f3xx_hal_uart.o
HAL_I2CEx_ConfigAnalogFilter                      build/stm32f3xx_hal_i2c_ex.o
                                                  build/main.o
HAL_I2CEx_ConfigDigitalFilter                     build/stm32f3xx_hal_i2c_ex.o
                                                  build/main.o
HAL_I2CEx_DisableFastModePlus                     build/stm32f3xx_hal_i2c_ex.o
HAL_I2CEx_DisableWakeUp                           build/stm32f3xx_hal_i2c_ex.o
HAL_I2CEx_EnableFastModePlus                      build/stm32f3xx_hal_i2c_ex.o
HAL_I2CEx_EnableWakeUp                            build/stm32f3xx_hal_i2c_ex.o
HAL_I2C_AbortCpltCallback                         build/stm32f3xx_hal_i2c.o
HAL_I2C_AddrCallback                              build/stm32f3xx_hal_i2c.o
HAL_I2C_DeInit                                    build/stm32f3xx_hal_i2c.o
HAL_I2C_DisableListen_IT                          build/stm32f3xx_hal_i2c.o
HAL_I2C_ER_IRQHandler                             build/stm32f3xx_hal_i2c.o
HAL_I2C_EV_IRQHandler                             build/stm32f3xx_hal_i2c.o
HAL_I2C_EnableListen_IT                           build/stm32f3xx_hal_i2c.o
HAL_I2C_ErrorCallback                             build/stm32f3xx_hal_i2c.o
HAL_I2C_GetError                                  build/stm32f3xx_hal_i2c.o
HAL_I2C_GetMode                                   build/stm32f3xx_hal_i2c.o
HAL_I2C_GetState                                  build/stm32f3xx_hal_i2c.o
HAL_I2C_Init                                      build/stm32f3xx_hal_i2c.o
                                                  build/main.o
HAL_I2C_IsDeviceReady                             build/stm32f3xx_hal_i2c.o
HAL_I2C_ListenCpltCallback                        build/stm32f3xx_hal_i2c.o
HAL_I2C_MasterRxCpltCallback                      build/stm32f3xx_hal_i2c.o
HAL_I2C_MasterTxCpltCallback                      build/stm32f3xx_hal_i2c.o
HAL_I2C_Master_Abort_IT                           build/stm32f3xx_hal_i2c.o
HAL_I2C_Master_Receive                            build/stm32f3xx_hal_i2c.o
                                                  build/bno055_support.o
HAL_I2C_Master_Receive_DMA                        build/stm32f3xx_hal_i2c.o
HAL_I2C_Master_Receive_IT                         build/stm32f3xx_hal_i2c.o
HAL_I2C_Master_Seq_Receive_DMA                    build/stm32f3xx_hal_i2c.o
HAL_I2C_Master_Seq_Receive_IT                     build/stm32f3xx_hal_i2c.o
HAL_I2C_Master_Seq_Transmit_DMA                   build/stm32f3xx_hal_i2c.o
HAL_I2C_Master_Seq_Transmit_IT                    build/stm32f3xx_hal_i2c.o
HAL_I2C_Master_Transmit                           build/stm32f3xx_hal_i2c.o
                                                  build/bno055_support.o
HAL_I2C_Master_Transmit_DMA                       build/stm32f3xx_hal_i2c.o
HAL_I2C_Master_Transmit_IT                        build/stm32f3xx_hal_i2c.o
HAL_I2C_MemRxCpltCallback                         build/stm32f3xx_hal_i2c.o
HAL_I2C_MemTxCpltCallback                         build/stm32f3xx_hal_i2c.o
HAL_I2C_Mem_Read                                  build/stm32f3xx_hal_i2c.o
HAL_I2C_Mem_Read_DMA                              build/stm32f3xx_hal_i2c.o
HAL_I2C_Mem_Read_IT                               build/stm32f3xx_hal_i2c.o
HAL_I2C_Mem_Write                                 build/stm32f3xx_hal_i2c.o
HAL_I2C_Mem_Write_DMA                             build/stm32f3xx_hal_i2c.o
HAL_I2C_Mem_Write_IT                              build/stm32f3xx_hal_i2c.o
HAL_I2C_MspDeInit                                 build/stm32f3xx_hal_msp.o
HAL_I2C_MspInit                                   build/stm32f3xx_hal_msp.o
HAL_I2C_SlaveRxCpltCallback                       build/stm32f3xx_hal_i2c.o
HAL_I2C_SlaveTxCpltCallback                       build/stm32f3xx_hal_i2c.o
HAL_I2C_Slave_Receive                             build/stm32f3xx_hal_i2c.o
HAL_I2C_Slave_Receive_DMA                         build/stm32f3xx_hal_i2c.o
HAL_I2C_Slave_Receive_IT                          build/stm32f3xx_hal_i2c.o
HAL_I2C_Slave_Seq_Receive_DMA                     build/stm32f3xx_hal_i2c.o
HAL_I2C_Slave_Seq_Receive_IT                      build/stm32f3xx_hal_i2c.o
HAL_I2C_Slave_Seq_Transmit_DMA                    build/stm32f3xx_hal_i2c.o
HAL_I2C_Slave_Seq_Transmit_IT                     build/stm32f3xx_hal_i2c.o
HAL_I2C_Slave_Transmit                            build/stm32f3xx_hal_i2c.o
HAL_I2C_Slave_Transmit_DMA                        build/stm32f3xx_hal_i2c.o
HAL_I2C_Slave_Transmit_IT                         build/stm32f3xx_hal_i2c.o
HAL_IncTick                                       build/stm32f3xx_hal.o
                                                  build/stm32f3xx_it.o
HAL_Init                                          build/stm32f3xx_hal.o
                                                  build/main.o
HAL_InitTick                                      build/stm32f3xx_hal.o
                                                  build/stm32f3xx_hal_rcc.o
HAL_LIN_Init                                      build/stm32f3xx_hal_uart.o
HAL_LIN_SendBreak                                 build/stm32f3xx_hal_uart.o
HAL_MspDeInit                                     build/stm32f3xx_hal.o
HAL_MspInit                                       build/stm32f3xx_hal_msp.o
HAL_MultiProcessorEx_AddressLength_Set            build/stm32f3xx_hal_uart_ex.o
HAL_MultiProcessor_DisableMuteMode                build/stm32f3xx_hal_uart.o
HAL_MultiProcessor_EnableMuteMode                 build/stm32f3xx_hal_uart.o
HAL_MultiProcessor_EnterMuteMode                  build/stm32f3xx_hal_uart.o
HAL_MultiProcessor_Init                           build/stm32f3xx_hal_uart.o
HAL_NVIC_ClearPendingIRQ                          build/stm32f3xx_hal_cortex.o
HAL_NVIC_DisableIRQ                               build/stm32f3xx_hal_cortex.o
                                                  build/stm32f3xx_it.o
                                                  build/stm32f3xx_hal_msp.o
                                                  build/main.o
HAL_NVIC_EnableIRQ                                build/stm32f3xx_hal_cortex.o
                                                  build/stm32f3xx_it.o
                                                  build/stm32f3xx_hal_msp.o
                                                  build/main.o
HAL_NVIC_GetActive                                build/stm32f3xx_hal_cortex.o
HAL_NVIC_GetPendingIRQ                            build/stm32f3xx_hal_cortex.o
HAL_NVIC_GetPriority                              build/stm32f3xx_hal_cortex.o
HAL_NVIC_GetPriorityGrouping                      build/stm32f3xx_hal_cortex.o
HAL_NVIC_SetPendingIRQ                            build/stm32f3xx_hal_cortex.o
HAL_NVIC_SetPriority                              build/stm32f3xx_hal_cortex.o
                                                  build/stm32f3xx_hal.o
                                                  build/stm32f3xx_hal_msp.o
                                                  build/main.o
HAL_NVIC_SetPriorityGrouping                      build/stm32f3xx_hal_cortex.o
                                                  build/stm32f3xx_hal.o
HAL_NVIC_SystemReset                              build/stm32f3xx_hal_cortex.o
HAL_PWR_ConfigPVD                                 build/stm32f3xx_hal_pwr_ex.o
HAL_PWR_DeInit                                    build/stm32f3xx_hal_pwr.o
HAL_PWR_DisableBkUpAccess                         build/stm32f3xx_hal_pwr.o
HAL_PWR_DisablePVD                                build/stm32f3xx_hal_pwr_ex.o
HAL_PWR_DisableSEVOnPend                          build/stm32f3xx_hal_pwr.o
HAL_PWR_DisableSleepOnExit                        build/stm32f3xx_hal_pwr.o
HAL_PWR_DisableWakeUpPin                          build/stm32f3xx_hal_pwr.o
HAL_PWR_EnableBkUpAccess                          build/stm32f3xx_hal_pwr.o
HAL_PWR_EnablePVD                                 build/stm32f3xx_hal_pwr_ex.o
HAL_PWR_EnableSEVOnPend                           build/stm32f3xx_hal_pwr.o
HAL_PWR_EnableSleepOnExit                         build/stm32f3xx_hal_pwr.o
HAL_PWR_EnableWakeUpPin                           build/stm32f3xx_hal_pwr.o
HAL_PWR_EnterSLEEPMode                            build/stm32f3xx_hal_pwr.o
HAL_PWR_EnterSTANDBYMode                          build/stm32f3xx_hal_pwr.o
HAL_PWR_EnterSTOPMode                             build/stm32f3xx_hal_pwr.o
HAL_PWR_PVDCallback                               build/stm32f3xx_hal_pwr_ex.o
HAL_PWR_PVD_IRQHandler                            build/stm32f3xx_hal_pwr_ex.o
HAL_RCCEx_GetPeriphCLKConfig                      build/stm32f3xx_hal_rcc_ex.o
HAL_RCCEx_GetPeriphCLKFreq                        build/stm32f3xx_hal_rcc_ex.o
HAL_RCCEx_PeriphCLKConfig                         build/stm32f3xx_hal_rcc_ex.o
                                                  build/main.o
HAL_RCC_CSSCallback                               build/stm32f3xx_hal_rcc.o
HAL_RCC_ClockConfig                               build/stm32f3xx_hal_rcc.o
                                                  build/main.o
HAL_RCC_DeInit                                    build/stm32f3xx_hal_rcc.o
HAL_RCC_DisableCSS                                build/stm32f3xx_hal_rcc.o
HAL_RCC_EnableCSS                                 build/stm32f3xx_hal_rcc.o
HAL_RCC_GetClockConfig                            build/stm32f3xx_hal_rcc.o
HAL_RCC_GetHCLKFreq                               build/stm32f3xx_hal_rcc.o
HAL_RCC_GetOscConfig                              build/stm32f3xx_hal_rcc.o
HAL_RCC_GetPCLK1Freq                              build/stm32f3xx_hal_rcc.o
                                                  build/stm32f3xx_hal_uart.o
                                                  build/stm32f3xx_hal_rcc_ex.o
HAL_RCC_GetPCLK2Freq                              build/stm32f3xx_hal_rcc.o
                                                  build/stm32f3xx_hal_uart.o
HAL_RCC_GetSysClockFreq                           build/stm32f3xx_hal_rcc.o
                                                  build/stm32f3xx_hal_uart.o
                                                  build/stm32f3xx_hal_rcc_ex.o
HAL_RCC_MCOConfig                                 build/stm32f3xx_hal_rcc.o
HAL_RCC_NMI_IRQHandler                            build/stm32f3xx_hal_rcc.o
HAL_RCC_OscConfig                                 build/stm32f3xx_hal_rcc.o
                                                  build/main.o
HAL_RS485Ex_Init                                  build/stm32f3xx_hal_uart_ex.o
HAL_ResumeTick                                    build/stm32f3xx_hal.o
HAL_SPIEx_FlushRxFifo                             build/stm32f3xx_hal_spi_ex.o
HAL_SPI_Abort                                     build/stm32f3xx_hal_spi.o
HAL_SPI_AbortCpltCallback                         build/stm32f3xx_hal_spi.o
HAL_SPI_Abort_IT                                  build/stm32f3xx_hal_spi.o
HAL_SPI_DMAPause                                  build/stm32f3xx_hal_spi.o
HAL_SPI_DMAResume                                 build/stm32f3xx_hal_spi.o
HAL_SPI_DMAStop                                   build/stm32f3xx_hal_spi.o
HAL_SPI_DeInit                                    build/stm32f3xx_hal_spi.o
HAL_SPI_ErrorCallback                             build/stm32f3xx_hal_spi.o
HAL_SPI_GetError                                  build/stm32f3xx_hal_spi.o
HAL_SPI_GetState                                  build/stm32f3xx_hal_spi.o
HAL_SPI_IRQHandler                                build/stm32f3xx_hal_spi.o
HAL_SPI_Init                                      build/stm32f3xx_hal_spi.o
                                                  build/main.o
HAL_SPI_MspDeInit                                 build/stm32f3xx_hal_msp.o
HAL_SPI_MspInit                                   build/stm32f3xx_hal_msp.o
HAL_SPI_Receive                                   build/stm32f3xx_hal_spi.o
HAL_SPI_Receive_DMA                               build/stm32f3xx_hal_spi.o
HAL_SPI_Receive_IT                                build/stm32f3xx_hal_spi.o
HAL_SPI_RxCpltCallback                            build/stm32f3xx_hal_spi.o
HAL_SPI_RxHalfCpltCallback                        build/stm32f3xx_hal_spi.o
HAL_SPI_Transmit                                  build/stm32f3xx_hal_spi.o
HAL_SPI_TransmitReceive                           build/stm32f3xx_hal_spi.o
HAL_SPI_TransmitReceive_DMA                       build/stm32f3xx_hal_spi.o
HAL_SPI_TransmitReceive_IT                        build/stm32f3xx_hal_spi.o
HAL_SPI_Transmit_DMA                              build/stm32f3xx_hal_spi.o
HAL_SPI_Transmit_IT                               build/stm32f3xx_hal_spi.o
HAL_SPI_TxCpltCallback                            build/stm32f3xx_hal_spi.o
HAL_SPI_TxHalfCpltCallback                        build/stm32f3xx_hal_spi.o
HAL_SPI_TxRxCpltCallback                          build/stm32f3xx_hal_spi.o
HAL_SPI_TxRxHalfCpltCallback                      build/stm32f3xx_hal_spi.o
HAL_SYSTICK_CLKSourceConfig                       build/stm32f3xx_hal_cortex.o
HAL_SYSTICK_Callback                              build/stm32f3xx_hal_cortex.o
HAL_SYSTICK_Config                                build/stm32f3xx_hal_cortex.o
                                                  build/stm32f3xx_hal.o
HAL_SYSTICK_IRQHandler                            build/stm32f3xx_hal_cortex.o
HAL_SetTickFreq                                   build/stm32f3xx_hal.o
HAL_SuspendTick                                   build/stm32f3xx_hal.o
HAL_TIMEx_Break2Callback                          build/stm32f3xx_hal_tim_ex.o
                                                  build/stm32f3xx_hal_tim.o
HAL_TIMEx_BreakCallback                           build/stm32f3xx_hal_tim_ex.o
                                                  build/stm32f3xx_hal_tim.o
HAL_TIMEx_CommutCallback                          build/stm32f3xx_hal_tim_ex.o
                                                  build/stm32f3xx_hal_tim.o
HAL_TIMEx_CommutHalfCpltCallback                  build/stm32f3xx_hal_tim_ex.o
HAL_TIMEx_ConfigBreakDeadTime                     build/stm32f3xx_hal_tim_ex.o
                                                  build/main.o
HAL_TIMEx_ConfigCommutEvent                       build/stm32f3xx_hal_tim_ex.o
HAL_TIMEx_ConfigCommutEvent_DMA                   build/stm32f3xx_hal_tim_ex.o
HAL_TIMEx_ConfigCommutEvent_IT                    build/stm32f3xx_hal_tim_ex.o
HAL_TIMEx_GetChannelNState                        build/stm32f3xx_hal_tim_ex.o
HAL_TIMEx_GroupChannel5                           build/stm32f3xx_hal_tim_ex.o
HAL_TIMEx_HallSensor_DeInit                       build/stm32f3xx_hal_tim_ex.o
HAL_TIMEx_HallSensor_GetState                     build/stm32f3xx_hal_tim_ex.o
HAL_TIMEx_HallSensor_Init                         build/stm32f3xx_hal_tim_ex.o
HAL_TIMEx_HallSensor_MspDeInit                    build/stm32f3xx_hal_tim_ex.o
HAL_TIMEx_HallSensor_MspInit                      build/stm32f3xx_hal_tim_ex.o
HAL_TIMEx_HallSensor_Start                        build/stm32f3xx_hal_tim_ex.o
HAL_TIMEx_HallSensor_Start_DMA                    build/stm32f3xx_hal_tim_ex.o
HAL_TIMEx_HallSensor_Start_IT                     build/stm32f3xx_hal_tim_ex.o
HAL_TIMEx_HallSensor_Stop                         build/stm32f3xx_hal_tim_ex.o
HAL_TIMEx_HallSensor_Stop_DMA                     build/stm32f3xx_hal_tim_ex.o
HAL_TIMEx_HallSensor_Stop_IT                      build/stm32f3xx_hal_tim_ex.o
HAL_TIMEx_MasterConfigSynchronization             build/stm32f3xx_hal_tim_ex.o
                                                  build/main.o
HAL_TIMEx_OCN_Start                               build/stm32f3xx_hal_tim_ex.o
HAL_TIMEx_OCN_Start_DMA                           build/stm32f3xx_hal_tim_ex.o
HAL_TIMEx_OCN_Start_IT                            build/stm32f3xx_hal_tim_ex.o
HAL_TIMEx_OCN_Stop                                build/stm32f3xx_hal_tim_ex.o
HAL_TIMEx_OCN_Stop_DMA                            build/stm32f3xx_hal_tim_ex.o
HAL_TIMEx_OCN_Stop_IT                             build/stm32f3xx_hal_tim_ex.o
HAL_TIMEx_OnePulseN_Start                         build/stm32f3xx_hal_tim_ex.o
HAL_TIMEx_OnePulseN_Start_IT                      build/stm32f3xx_hal_tim_ex.o
HAL_TIMEx_OnePulseN_Stop                          build/stm32f3xx_hal_tim_ex.o
HAL_TIMEx_OnePulseN_Stop_IT                       build/stm32f3xx_hal_tim_ex.o
HAL_TIMEx_PWMN_Start                              build/stm32f3xx_hal_tim_ex.o
HAL_TIMEx_PWMN_Start_DMA                          build/stm32f3xx_hal_tim_ex.o
HAL_TIMEx_PWMN_Start_IT                           build/stm32f3xx_hal_tim_ex.o
HAL_TIMEx_PWMN_Stop                               build/stm32f3xx_hal_tim_ex.o
HAL_TIMEx_PWMN_Stop_DMA                           build/stm32f3xx_hal_tim_ex.o
HAL_TIMEx_PWMN_Stop_IT                            build/stm32f3xx_hal_tim_ex.o
HAL_TIMEx_RemapConfig                             build/stm32f3xx_hal_tim_ex.o
HAL_TIM_Base_DeInit                               build/stm32f3xx_hal_tim.o
HAL_TIM_Base_GetState                             build/stm32f3xx_hal_tim.o
HAL_TIM_Base_Init                                 build/stm32f3xx_hal_tim.o
                                                  build/main.o
HAL_TIM_Base_MspDeInit                            build/stm32f3xx_hal_msp.o
HAL_TIM_Base_MspInit                              build/stm32f3xx_hal_msp.o
HAL_TIM_Base_Start                                build/stm32f3xx_hal_tim.o
                                                  build/main.o
HAL_TIM_Base_Start_DMA                            build/stm32f3xx_hal_tim.o
HAL_TIM_Base_Start_IT                             build/stm32f3xx_hal_tim.o
                                                  build/main.o
HAL_TIM_Base_Stop                                 build/stm32f3xx_hal_tim.o
HAL_TIM_Base_Stop_DMA                             build/stm32f3xx_hal_tim.o
HAL_TIM_Base_Stop_IT                              build/stm32f3xx_hal_tim.o
HAL_TIM_ConfigClockSource                         build/stm32f3xx_hal_tim.o
                                                  build/main.o
HAL_TIM_ConfigOCrefClear                          build/stm32f3xx_hal_tim.o
HAL_TIM_ConfigTI1Input                            build/stm32f3xx_hal_tim.o
HAL_TIM_DMABurstState                             build/stm32f3xx_hal_tim.o
HAL_TIM_DMABurst_MultiReadStart                   build/stm32f3xx_hal_tim.o
HAL_TIM_DMABurst_MultiWriteStart                  build/stm32f3xx_hal_tim.o
HAL_TIM_DMABurst_ReadStart                        build/stm32f3xx_hal_tim.o
HAL_TIM_DMABurst_ReadStop                         build/stm32f3xx_hal_tim.o
HAL_TIM_DMABurst_WriteStart                       build/stm32f3xx_hal_tim.o
HAL_TIM_DMABurst_WriteStop                        build/stm32f3xx_hal_tim.o
HAL_TIM_Encoder_DeInit                            build/stm32f3xx_hal_tim.o
HAL_TIM_Encoder_GetState                          build/stm32f3xx_hal_tim.o
HAL_TIM_Encoder_Init                              build/stm32f3xx_hal_tim.o
HAL_TIM_Encoder_MspDeInit                         build/stm32f3xx_hal_tim.o
HAL_TIM_Encoder_MspInit                           build/stm32f3xx_hal_tim.o
HAL_TIM_Encoder_Start                             build/stm32f3xx_hal_tim.o
HAL_TIM_Encoder_Start_DMA                         build/stm32f3xx_hal_tim.o
HAL_TIM_Encoder_Start_IT                          build/stm32f3xx_hal_tim.o
HAL_TIM_Encoder_Stop                              build/stm32f3xx_hal_tim.o
HAL_TIM_Encoder_Stop_DMA                          build/stm32f3xx_hal_tim.o
HAL_TIM_Encoder_Stop_IT                           build/stm32f3xx_hal_tim.o
HAL_TIM_ErrorCallback                             build/stm32f3xx_hal_tim.o
                                                  build/stm32f3xx_hal_tim_ex.o
HAL_TIM_GenerateEvent                             build/stm32f3xx_hal_tim.o
HAL_TIM_GetActiveChannel                          build/stm32f3xx_hal_tim.o
HAL_TIM_GetChannelState                           build/stm32f3xx_hal_tim.o
HAL_TIM_IC_CaptureCallback                        build/stm32f3xx_hal_tim.o
HAL_TIM_IC_CaptureHalfCpltCallback                build/stm32f3xx_hal_tim.o
HAL_TIM_IC_ConfigChannel                          build/stm32f3xx_hal_tim.o
HAL_TIM_IC_DeInit                                 build/stm32f3xx_hal_tim.o
HAL_TIM_IC_GetState                               build/stm32f3xx_hal_tim.o
HAL_TIM_IC_Init                                   build/stm32f3xx_hal_tim.o
HAL_TIM_IC_MspDeInit                              build/stm32f3xx_hal_tim.o
HAL_TIM_IC_MspInit                                build/stm32f3xx_hal_tim.o
HAL_TIM_IC_Start                                  build/stm32f3xx_hal_tim.o
HAL_TIM_IC_Start_DMA                              build/stm32f3xx_hal_tim.o
HAL_TIM_IC_Start_IT                               build/stm32f3xx_hal_tim.o
HAL_TIM_IC_Stop                                   build/stm32f3xx_hal_tim.o
HAL_TIM_IC_Stop_DMA                               build/stm32f3xx_hal_tim.o
HAL_TIM_IC_Stop_IT                                build/stm32f3xx_hal_tim.o
HAL_TIM_IRQHandler                                build/stm32f3xx_hal_tim.o
                                                  build/stm32f3xx_it.o
HAL_TIM_MspPostInit                               build/stm32f3xx_hal_msp.o
                                                  build/main.o
HAL_TIM_OC_ConfigChannel                          build/stm32f3xx_hal_tim.o
HAL_TIM_OC_DeInit                                 build/stm32f3xx_hal_tim.o
HAL_TIM_OC_DelayElapsedCallback                   build/stm32f3xx_hal_tim.o
HAL_TIM_OC_GetState                               build/stm32f3xx_hal_tim.o
HAL_TIM_OC_Init                                   build/stm32f3xx_hal_tim.o
HAL_TIM_OC_MspDeInit                              build/stm32f3xx_hal_tim.o
HAL_TIM_OC_MspInit                                build/stm32f3xx_hal_tim.o
HAL_TIM_OC_Start                                  build/stm32f3xx_hal_tim.o
HAL_TIM_OC_Start_DMA                              build/stm32f3xx_hal_tim.o
HAL_TIM_OC_Start_IT                               build/stm32f3xx_hal_tim.o
                                                  build/main.o
HAL_TIM_OC_Stop                                   build/stm32f3xx_hal_tim.o
HAL_TIM_OC_Stop_DMA                               build/stm32f3xx_hal_tim.o
HAL_TIM_OC_Stop_IT                                build/stm32f3xx_hal_tim.o
HAL_TIM_OnePulse_ConfigChannel                    build/stm32f3xx_hal_tim.o